<html>
<body>
<pre>
<h1>µVision Build Log</h1>
<h2>Project:</h2>
C:\_Reference_\DA14580_resource\DA1458x_SDK_3.0.6-initiative\DA1458x_SDK_3.0.6\host_apps\da1458x\proximity\reporter\host_proxr.uvproj
Project File Date:  10/01/2014

<h2>Output:</h2>
Build target 'Cortex-M0 SDK - Simulator'
assembling startup_CMSDK_CM0.s...
compiling system_CMSDK.c...
compiling app_task.c...
compiling ble_msg.c...
compiling interrupts.c...
compiling peripherals.c...
compiling timer.c...
compiling queue.c...
compiling app_button_led.c...
compiling spi_booter.c...
compiling app.c...
compiling spi.c...
compiling gpio.c...
compiling spi_hci_msg.c...
linking...
Program Size: Code=5760 RO-data=10568 RW-data=28 ZI-data=1924  
FromELF: creating hex file...
".\Out\host_proxr.axf" - 0 Error(s), 0 Warning(s).
