Archive member included because of file (symbol)

c:/program files/gnu tools arm embedded/4.7 2013q1/bin/../lib/gcc/arm-none-eabi/4.7.3/armv6-m\libgcc.a(_udivsi3.o)
                              _build/UTCtime_convert.o (__aeabi_uidiv)
c:/program files/gnu tools arm embedded/4.7 2013q1/bin/../lib/gcc/arm-none-eabi/4.7.3/armv6-m\libgcc.a(_divsi3.o)
                              _build/temp_state.o (__aeabi_idivmod)
c:/program files/gnu tools arm embedded/4.7 2013q1/bin/../lib/gcc/arm-none-eabi/4.7.3/armv6-m\libgcc.a(_dvmd_tls.o)
                              c:/program files/gnu tools arm embedded/4.7 2013q1/bin/../lib/gcc/arm-none-eabi/4.7.3/armv6-m\libgcc.a(_udivsi3.o) (__aeabi_idiv0)
c:/program files/gnu tools arm embedded/4.7 2013q1/bin/../lib/gcc/arm-none-eabi/4.7.3/armv6-m\libgcc.a(_aeabi_uldivmod.o)
                              _build/main.o (__aeabi_uldivmod)
c:/program files/gnu tools arm embedded/4.7 2013q1/bin/../lib/gcc/arm-none-eabi/4.7.3/armv6-m\libgcc.a(bpabi.o)
                              c:/program files/gnu tools arm embedded/4.7 2013q1/bin/../lib/gcc/arm-none-eabi/4.7.3/armv6-m\libgcc.a(_aeabi_uldivmod.o) (__gnu_uldivmod_helper)
c:/program files/gnu tools arm embedded/4.7 2013q1/bin/../lib/gcc/arm-none-eabi/4.7.3/armv6-m\libgcc.a(addsf3.o)
                              _build/temp_state.o (__aeabi_fadd)
c:/program files/gnu tools arm embedded/4.7 2013q1/bin/../lib/gcc/arm-none-eabi/4.7.3/armv6-m\libgcc.a(mulsf3.o)
                              _build/temp_state.o (__aeabi_fmul)
c:/program files/gnu tools arm embedded/4.7 2013q1/bin/../lib/gcc/arm-none-eabi/4.7.3/armv6-m\libgcc.a(subsf3.o)
                              _build/temp_state.o (__aeabi_fsub)
c:/program files/gnu tools arm embedded/4.7 2013q1/bin/../lib/gcc/arm-none-eabi/4.7.3/armv6-m\libgcc.a(fixsfsi.o)
                              _build/temp_state.o (__aeabi_f2iz)
c:/program files/gnu tools arm embedded/4.7 2013q1/bin/../lib/gcc/arm-none-eabi/4.7.3/armv6-m\libgcc.a(floatsisf.o)
                              _build/temp_state.o (__aeabi_i2f)
c:/program files/gnu tools arm embedded/4.7 2013q1/bin/../lib/gcc/arm-none-eabi/4.7.3/armv6-m\libgcc.a(_clzsi2.o)
                              c:/program files/gnu tools arm embedded/4.7 2013q1/bin/../lib/gcc/arm-none-eabi/4.7.3/armv6-m\libgcc.a(addsf3.o) (__clzsi2)
c:/program files/gnu tools arm embedded/4.7 2013q1/bin/../lib/gcc/arm-none-eabi/4.7.3/armv6-m\libgcc.a(_muldi3.o)
                              c:/program files/gnu tools arm embedded/4.7 2013q1/bin/../lib/gcc/arm-none-eabi/4.7.3/armv6-m\libgcc.a(bpabi.o) (__aeabi_lmul)
c:/program files/gnu tools arm embedded/4.7 2013q1/bin/../lib/gcc/arm-none-eabi/4.7.3/armv6-m\libgcc.a(_divdi3.o)
                              c:/program files/gnu tools arm embedded/4.7 2013q1/bin/../lib/gcc/arm-none-eabi/4.7.3/armv6-m\libgcc.a(bpabi.o) (__divdi3)
c:/program files/gnu tools arm embedded/4.7 2013q1/bin/../lib/gcc/arm-none-eabi/4.7.3/armv6-m\libgcc.a(_udivdi3.o)
                              c:/program files/gnu tools arm embedded/4.7 2013q1/bin/../lib/gcc/arm-none-eabi/4.7.3/armv6-m\libgcc.a(bpabi.o) (__udivdi3)
c:/program files/gnu tools arm embedded/4.7 2013q1/bin/../lib/gcc/arm-none-eabi/4.7.3/../../../../arm-none-eabi/lib/armv6-m\libc.a(lib_a-__atexit.o)
                              c:/program files/gnu tools arm embedded/4.7 2013q1/bin/../lib/gcc/arm-none-eabi/4.7.3/../../../../arm-none-eabi/lib/armv6-m/crt0.o (__register_exitproc)
c:/program files/gnu tools arm embedded/4.7 2013q1/bin/../lib/gcc/arm-none-eabi/4.7.3/../../../../arm-none-eabi/lib/armv6-m\libc.a(lib_a-exit.o)
                              c:/program files/gnu tools arm embedded/4.7 2013q1/bin/../lib/gcc/arm-none-eabi/4.7.3/../../../../arm-none-eabi/lib/armv6-m/crt0.o (exit)
c:/program files/gnu tools arm embedded/4.7 2013q1/bin/../lib/gcc/arm-none-eabi/4.7.3/../../../../arm-none-eabi/lib/armv6-m\libc.a(lib_a-fini.o)
                              c:/program files/gnu tools arm embedded/4.7 2013q1/bin/../lib/gcc/arm-none-eabi/4.7.3/../../../../arm-none-eabi/lib/armv6-m/crt0.o (__libc_fini_array)
c:/program files/gnu tools arm embedded/4.7 2013q1/bin/../lib/gcc/arm-none-eabi/4.7.3/../../../../arm-none-eabi/lib/armv6-m\libc.a(lib_a-impure.o)
                              c:/program files/gnu tools arm embedded/4.7 2013q1/bin/../lib/gcc/arm-none-eabi/4.7.3/../../../../arm-none-eabi/lib/armv6-m\libc.a(lib_a-__atexit.o) (_global_impure_ptr)
c:/program files/gnu tools arm embedded/4.7 2013q1/bin/../lib/gcc/arm-none-eabi/4.7.3/../../../../arm-none-eabi/lib/armv6-m\libc.a(lib_a-init.o)
                              c:/program files/gnu tools arm embedded/4.7 2013q1/bin/../lib/gcc/arm-none-eabi/4.7.3/../../../../arm-none-eabi/lib/armv6-m/crt0.o (__libc_init_array)
c:/program files/gnu tools arm embedded/4.7 2013q1/bin/../lib/gcc/arm-none-eabi/4.7.3/../../../../arm-none-eabi/lib/armv6-m\libc.a(lib_a-memcmp.o)
                              _build/main.o (memcmp)
[...]
Memory Configuration

Name             Origin             Length             Attributes
FLASH            0x00016000         0x0000ec00         xr
bootloader_settings 0x0003fc00         0x00000400         xrw
RAM              0x20002000         0x00002000         xrw
NRF_UICR_BOOT_START 0x00000000         0xffffffff
*default*        0x00000000         0xffffffff

Linker script and memory map

LOAD c:/program files/gnu tools arm embedded/4.7 2013q1/bin/../lib/gcc/arm-none-eabi/4.7.3/armv6-m/crti.o
LOAD c:/program files/gnu tools arm embedded/4.7 2013q1/bin/../lib/gcc/arm-none-eabi/4.7.3/armv6-m/crtbegin.o
LOAD c:/program files/gnu tools arm embedded/4.7 2013q1/bin/../lib/gcc/arm-none-eabi/4.7.3/../../../../arm-none-eabi/lib/armv6-m/crt0.o
LOAD _build/main.o
LOAD _build/ble_ido.o
LOAD _build/ble_bas.o
LOAD _build/ble_dis.o
LOAD _build/ble_dfu.o
LOAD _build/ble_acc.o
LOAD _build/ble_time.o
LOAD _build/ble_memdump.o
LOAD _build/ble_srv_common.o
LOAD _build/ble_advdata.o
LOAD _build/softdevice_handler.o
LOAD _build/ble_conn_params.o
LOAD _build/crc16.o
LOAD _build/app_timer.o
LOAD _build/spi_master.o
LOAD _build/app_scheduler.o
LOAD _build/UTCtime_convert.o
LOAD _build/temp_service.o
LOAD _build/acc_service.o
LOAD _build/temp_state.o
LOAD _build/cmd_buffer.o
LOAD _build/ble_radio_notification.o
LOAD _build/recorder.o
LOAD _build/flash_helper.o
LOAD _build/persistent.o
LOAD _build/battery.o
LOAD _build/bootloader_util_gcc.o
LOAD _build/dfu_app_handler.o
LOAD _build/ble_flash.o
LOAD _build/ble_qodome_public.o
LOAD _build/pwrmgmt.o
LOAD _build/app_gpiote.o
LOAD _build/system_nrf51.o
LOAD _build/gcc_startup_nrf51.o
START GROUP
LOAD c:/program files/gnu tools arm embedded/4.7 2013q1/bin/../lib/gcc/arm-none-eabi/4.7.3/armv6-m\libgcc.a
LOAD c:/program files/gnu tools arm embedded/4.7 2013q1/bin/../lib/gcc/arm-none-eabi/4.7.3/../../../../arm-none-eabi/lib/armv6-m\libc.a
END GROUP
LOAD c:/program files/gnu tools arm embedded/4.7 2013q1/bin/../lib/gcc/arm-none-eabi/4.7.3/armv6-m/crtend.o
LOAD c:/program files/gnu tools arm embedded/4.7 2013q1/bin/../lib/gcc/arm-none-eabi/4.7.3/armv6-m/crtn.o
START GROUP
LOAD c:/program files/gnu tools arm embedded/4.7 2013q1/bin/../lib/gcc/arm-none-eabi/4.7.3/armv6-m\libgcc.a
LOAD c:/program files/gnu tools arm embedded/4.7 2013q1/bin/../lib/gcc/arm-none-eabi/4.7.3/../../../../arm-none-eabi/lib/armv6-m\libc.a
LOAD c:/program files/gnu tools arm embedded/4.7 2013q1/bin/../lib/gcc/arm-none-eabi/4.7.3/../../../../arm-none-eabi/lib/armv6-m\libnosys.a
END GROUP
                0x00016000                CodeOrigin = ORIGIN (FLASH)
                0x0000ec00                CodeLength = 0xec00
                0x00000000                BootloaderOrigin = 0x0

.text           0x00016000     0xe9f0
 *(.Vectors)
 .Vectors       0x00016000       0xc0 _build/gcc_startup_nrf51.o
                0x00016000                __Vectors
 *(.text*)
 .text          0x000160c0       0x74 c:/program files/gnu tools arm embedded/4.7 2013q1/bin/../lib/gcc/arm-none-eabi/4.7.3/../../../../arm-none-eabi/lib/armv6-m/crt0.o
                0x000160c0                _start
                0x000160c0                start
                0x000160c0                _mainCRTStartup
 .text.sd_ble_gap_adv_start
                0x00016134        0x8 _build/main.o
 .text.sd_ble_gap_disconnect
                0x0001613c        0x8 _build/main.o
 .text.sd_ble_gap_tx_power_set
                0x00016144        0x8 _build/main.o
 .text.sd_ble_gap_appearance_set
                0x0001614c        0x8 _build/main.o
 .text.sd_ble_gap_ppcp_set
                0x00016154        0x8 _build/main.o
 .text.sd_ble_gap_device_name_set
                0x0001615c        0x8 _build/main.o
 .text.sd_ble_gap_device_name_get
                0x00016164        0x8 _build/main.o
 .text.sd_ble_gatts_sys_attr_set
                0x0001616c        0x8 _build/main.o
 .text.sd_ble_enable
                0x00016174        0x8 _build/main.o
 .text.sd_power_system_off
                0x0001617c        0x8 _build/main.o
 .text.sd_app_evt_wait
                0x00016184        0x8 _build/main.o
 .text.sd_flash_protect
                0x0001618c        0x8 _build/main.o
 .text.app_log_error
                0x00016194       0x2c _build/main.o
 .text.app_error_handler
                0x000161c0       0x78 _build/main.o
                0x000161c0                app_error_handler
 .text.assert_nrf_callback
                0x00016238       0x1c _build/main.o
                0x00016238                assert_nrf_callback
 .text.spi_read
                0x00016254      0x110 _build/main.o
                0x00016254                spi_read
 .text.spi_write
                0x00016364      0x114 _build/main.o
                0x00016364                spi_write
 .text.watchdog_timeout_handler
                0x00016478       0x20 _build/main.o
 .text.adt_monitor_timeout_handler
                0x00016498       0x54 _build/main.o
 .text.flash_trigger_refresh_pwr_mgmt_info
                0x000164ec       0x7c _build/main.o
                0x000164ec                flash_trigger_refresh_pwr_mgmt_info
 .text.flash_write_timeout_handler
                0x00016568      0x13c _build/main.o
 .text.check_vdd_timeout_handler
                0x000166a4       0x14 _build/main.o
 .text.pwrmgmt_timeout_handler
                0x000166b8       0x30 _build/main.o
 .text.schedule_vdd_check
                0x000166e8       0x88 _build/main.o
                0x000166e8                schedule_vdd_check
 .text.timers_init
                0x00016770      0x1a0 _build/main.o
 .text.gap_params_init
                0x00016910      0x100 _build/main.o
 .text.advertising_default
                0x00016a10       0xb4 _build/main.o
 .text.advertising_init
                0x00016ac4       0x40 _build/main.o
 .text.on_hts_evt
                0x00016b04       0x48 _build/main.o
 .text.bin_to_ascii
                0x00016b4c       0x48 _build/main.o
 .text.reset_prepare
                0x00016b94       0x7c _build/main.o
 .text.services_init
                0x00016c10      0x448 _build/main.o
 .text.advertising_start
                0x00017058       0x40 _build/main.o
 .text.conn_params_init
                0x00017098       0x94 _build/main.o
 .text.on_ble_evt
                0x0001712c      0x1e4 _build/main.o
 .text.check_flash_status
                0x00017310       0x24 _build/main.o
 .text.on_sys_evt
                0x00017334       0x5c _build/main.o
 .text.ble_evt_dispatch
                0x00017390       0xa0 _build/main.o
 .text.sys_evt_dispatch
                0x00017430       0x18 _build/main.o
 .text.ble_stack_init
                0x00017448       0xdc _build/main.o
 .text.power_manage
                0x00017524       0x34 _build/main.o
 .text.scheduler_init
                0x00017558       0x40 _build/main.o
 .text.gpiote_init
                0x00017598       0x40 _build/main.o
 .text.protect_flash
                0x000175d8       0x3c _build/main.o
                0x000175d8                protect_flash
 .text.main     0x00017614      0x120 _build/main.o
                0x00017614                main
 .text.sd_ble_gatts_service_add
                0x00017734        0x8 _build/ble_ido.o
 .text.sd_ble_gatts_characteristic_add
                0x0001773c        0x8 _build/ble_ido.o
 .text.sd_ble_gatts_value_set
                0x00017744        0x8 _build/ble_ido.o
 .text.sd_ble_gatts_hvx
                0x0001774c        0x8 _build/ble_ido.o
 .text.sd_ble_gatts_rw_authorize_reply
                0x00017754        0x8 _build/ble_ido.o
 .text.uint16_encode
                0x0001775c       0x34 _build/ble_ido.o
 .text.uint32_encode
                0x00017790       0x4c _build/ble_ido.o
 .text.uint16_decode
                0x000177dc       0x28 _build/ble_ido.o
 .text.ble_srv_is_notification_enabled
                0x00017804       0x30 _build/ble_ido.o
 .text.ble_srv_is_indication_enabled
                0x00017834       0x30 _build/ble_ido.o
 .text.ble_date_time_encode
                0x00017864       0xc4 _build/ble_ido.o
 .text.on_connect
                0x00017928       0x18 _build/ble_ido.o
 .text.on_disconnect
                0x00017940       0x2c _build/ble_ido.o
 .text.on_write
                0x0001796c      0x130 _build/ble_ido.o
 .text.on_rw_authorize_request
                0x00017a9c      0x178 _build/ble_ido.o
 .text.on_hvc   0x00017c14       0x3c _build/ble_ido.o
 .text.ble_hts_on_ble_evt
                0x00017c50       0x78 _build/ble_ido.o
                0x00017c50                ble_hts_on_ble_evt
 .text.hts_measurement_encode
                0x00017cc8      0x148 _build/ble_ido.o
                0x00017cc8                hts_measurement_encode
 .text.hts_measurement_char_add
                0x00017e10      0x1b4 _build/ble_ido.o
 .text.hts_intermediate_temp_char_add
                0x00017fc4      0x1dc _build/ble_ido.o
 .text.hts_meas_interval_char_add
                0x000181a0      0x15c _build/ble_ido.o
 .text.hts_interval_range_char_add
                0x000182fc      0x14c _build/ble_ido.o
 .text.ble_hts_init
                0x00018448       0xb0 _build/ble_ido.o
                0x00018448                ble_hts_init
 .text.ble_hts_send_tm
                0x000184f8       0xb8 _build/ble_ido.o
                0x000184f8                ble_hts_send_tm
 .text.ble_hts_send_it
                0x000185b0       0xb8 _build/ble_ido.o
                0x000185b0                ble_hts_send_it
 .text.sd_ble_gatts_service_add
                0x00018668        0x8 _build/ble_bas.o
 .text.sd_ble_gatts_characteristic_add
                0x00018670        0x8 _build/ble_bas.o
 .text.sd_ble_gatts_descriptor_add
                0x00018678        0x8 _build/ble_bas.o
 .text.sd_ble_gatts_rw_authorize_reply
                0x00018680        0x8 _build/ble_bas.o
 .text.uint16_decode
                0x00018688       0x28 _build/ble_bas.o
 .text.ble_srv_is_notification_enabled
                0x000186b0       0x30 _build/ble_bas.o
 .text.on_connect
                0x000186e0       0x18 _build/ble_bas.o
 .text.on_disconnect
                0x000186f8       0x18 _build/ble_bas.o
 .text.on_write
                0x00018710       0x6c _build/ble_bas.o
 .text.on_rw_authorize_request
                0x0001877c       0x90 _build/ble_bas.o
 .text.ble_bas_on_ble_evt
                0x0001880c       0x68 _build/ble_bas.o
                0x0001880c                ble_bas_on_ble_evt
 .text.battery_level_char_add
                0x00018874      0x2c0 _build/ble_bas.o
 .text.ble_bas_init
                0x00018b34       0x74 _build/ble_bas.o
                0x00018b34                ble_bas_init
 .text.uint16_encode
                0x00018ba8       0x34 _build/ble_dis.o
 .text.sd_ble_gatts_service_add
                0x00018bdc        0x8 _build/ble_dis.o
 .text.sd_ble_gatts_characteristic_add
                0x00018be4        0x8 _build/ble_dis.o
 .text.sys_id_encode
                0x00018bec      0x16c _build/ble_dis.o
 .text.pnp_id_encode
                0x00018d58      0x130 _build/ble_dis.o
 .text.char_add
                0x00018e88      0x188 _build/ble_dis.o
 .text.ble_dis_init
                0x00019010      0x248 _build/ble_dis.o
                0x00019010                ble_dis_init
 .text.sd_ble_gatts_service_add
                0x00019258        0x8 _build/ble_dfu.o
 .text.sd_ble_gatts_characteristic_add
                0x00019260        0x8 _build/ble_dfu.o
 .text.sd_ble_gatts_value_get
                0x00019268        0x8 _build/ble_dfu.o
 .text.sd_ble_gatts_hvx
                0x00019270        0x8 _build/ble_dfu.o
 .text.sd_ble_gatts_rw_authorize_reply
                0x00019278        0x8 _build/ble_dfu.o
 .text.sd_ble_uuid_vs_add
                0x00019280        0x8 _build/ble_dfu.o
 .text.uint16_decode
                0x00019288       0x28 _build/ble_dfu.o
 .text.ble_srv_is_notification_enabled
                0x000192b0       0x30 _build/ble_dfu.o
 .text.dfu_pkt_char_add
                0x000192e0      0x13c _build/ble_dfu.o
 .text.dfu_ctrl_pt_add
                0x0001941c      0x148 _build/ble_dfu.o
 .text.on_connect
                0x00019564       0x18 _build/ble_dfu.o
 .text.is_cccd_configured
                0x0001957c       0x58 _build/ble_dfu.o
 .text.on_ctrl_pt_write
                0x000195d4      0x1d8 _build/ble_dfu.o
 .text.on_rw_auth_req
                0x000197ac       0x54 _build/ble_dfu.o
 .text.on_write
                0x00019800       0x4c _build/ble_dfu.o
 .text.on_disconnect
                0x0001984c       0x18 _build/ble_dfu.o
 .text.ble_dfu_init
                0x00019864       0xf4 _build/ble_dfu.o
                0x00019864                ble_dfu_init
 .text.ble_dfu_on_ble_evt
                0x00019958       0x7c _build/ble_dfu.o
                0x00019958                ble_dfu_on_ble_evt
 .text.ble_dfu_response_send
                0x000199d4       0xec _build/ble_dfu.o
                0x000199d4                ble_dfu_response_send
 .text.uint16_decode
                0x00019ac0       0x28 _build/ble_acc.o
 .text.sd_ble_gatts_service_add
                0x00019ae8        0x8 _build/ble_acc.o
 .text.sd_ble_gatts_characteristic_add
                0x00019af0        0x8 _build/ble_acc.o
 .text.sd_ble_gatts_rw_authorize_reply
                0x00019af8        0x8 _build/ble_acc.o
 .text.ble_srv_is_notification_enabled
                0x00019b00       0x30 _build/ble_acc.o
 .text.on_connect
                0x00019b30       0x18 _build/ble_acc.o
 .text.on_disconnect
                0x00019b48       0x18 _build/ble_acc.o
 .text.on_write
                0x00019b60       0x9c _build/ble_acc.o
 .text.on_rw_authorize_request
                0x00019bfc       0xbc _build/ble_acc.o
 .text.ble_acc_on_ble_evt
                0x00019cb8       0x64 _build/ble_acc.o
                0x00019cb8                ble_acc_on_ble_evt
 .text.acc_register_char_add
                0x00019d1c      0x15c _build/ble_acc.o
 .text.acc_data_char_add
                0x00019e78      0x1c4 _build/ble_acc.o
 .text.ble_acc_init
                0x0001a03c       0x84 _build/ble_acc.o
                0x0001a03c                ble_acc_init
 .text.sd_ble_gatts_service_add
                0x0001a0c0        0x8 _build/ble_time.o
 .text.sd_ble_gatts_characteristic_add
                0x0001a0c8        0x8 _build/ble_time.o
 .text.sd_ble_gatts_rw_authorize_reply
                0x0001a0d0        0x8 _build/ble_time.o
 .text.uint16_encode
                0x0001a0d8       0x34 _build/ble_time.o
 .text.uint16_decode
                0x0001a10c       0x28 _build/ble_time.o
 .text.ble_date_time_encode
                0x0001a134       0xc4 _build/ble_time.o
 .text.ble_date_time_decode
                0x0001a1f8       0xc8 _build/ble_time.o
 .text.rtc1_counter_get
                0x0001a2c0       0x18 _build/ble_time.o
 .text.on_connect
                0x0001a2d8       0x18 _build/ble_time.o
 .text.on_disconnect
                0x0001a2f0       0x18 _build/ble_time.o
 .text.on_write
                0x0001a308       0x78 _build/ble_time.o
 .text.on_rw_authorize_request
                0x0001a380       0xe0 _build/ble_time.o
 .text.ble_time_on_ble_evt
                0x0001a460       0x68 _build/ble_time.o
                0x0001a460                ble_time_on_ble_evt
 .text.time_value_char_add
                0x0001a4c8      0x13c _build/ble_time.o
 .text.ble_time_init
                0x0001a604       0x74 _build/ble_time.o
                0x0001a604                ble_time_init
 .text.ble_time_init_timer
                0x0001a678       0x78 _build/ble_time.o
                0x0001a678                ble_time_init_timer
 .text.__recorder_rtc_tick_do_update
                0x0001a6f0       0xd8 _build/ble_time.o
 .text.recorder_rtc_tick
                0x0001a7c8       0x6c _build/ble_time.o
 .text.date_time_get_relative
                0x0001a834       0x14 _build/ble_time.o
                0x0001a834                date_time_get_relative
 .text.date_time_get_wall
                0x0001a848       0x14 _build/ble_time.o
                0x0001a848                date_time_get_wall
 .text.date_time_set_wall
                0x0001a85c       0xa8 _build/ble_time.o
                0x0001a85c                date_time_set_wall
 .text.date_time_initialized
                0x0001a904       0x14 _build/ble_time.o
                0x0001a904                date_time_initialized
 .text.sd_ble_gatts_service_add
                0x0001a918        0x8 _build/ble_memdump.o
 .text.sd_ble_gatts_characteristic_add
                0x0001a920        0x8 _build/ble_memdump.o
 .text.sd_ble_gatts_rw_authorize_reply
                0x0001a928        0x8 _build/ble_memdump.o
 .text.on_connect
                0x0001a930       0x18 _build/ble_memdump.o
 .text.on_disconnect
                0x0001a948       0x18 _build/ble_memdump.o
 .text.on_write
                0x0001a960       0x74 _build/ble_memdump.o
 .text.on_rw_authorize_request
                0x0001a9d4      0x13c _build/ble_memdump.o
 .text.ble_memdump_on_ble_evt
                0x0001ab10       0x64 _build/ble_memdump.o
                0x0001ab10                ble_memdump_on_ble_evt
 .text.hts_memdump_char_add
                0x0001ab74      0x15c _build/ble_memdump.o
 .text.ble_memdump_init
                0x0001acd0       0x70 _build/ble_memdump.o
                0x0001acd0                ble_memdump_init
 .text.get_ble_memdump
                0x0001ad40       0x20 _build/ble_memdump.o
                0x0001ad40                get_ble_memdump
 .text.memdump_flag_get
                0x0001ad60       0x14 _build/ble_memdump.o
                0x0001ad60                memdump_flag_get
 .text.ble_srv_report_ref_encode
                0x0001ad74       0x90 _build/ble_srv_common.o
                0x0001ad74                ble_srv_report_ref_encode
 .text.ble_srv_ascii_to_utf8
                0x0001ae04       0x28 _build/ble_srv_common.o
                0x0001ae04                ble_srv_ascii_to_utf8
 .text.sd_ble_gap_adv_data_set
                0x0001ae2c        0x8 _build/ble_advdata.o
 .text.sd_ble_gap_appearance_get
                0x0001ae34        0x8 _build/ble_advdata.o
 .text.sd_ble_gap_device_name_get
                0x0001ae3c        0x8 _build/ble_advdata.o
 .text.sd_ble_uuid_encode
                0x0001ae44        0x8 _build/ble_advdata.o
 .text.uint16_encode
                0x0001ae4c       0x34 _build/ble_advdata.o
 .text.name_encode
                0x0001ae80      0x140 _build/ble_advdata.o
 .text.appearance_encode
                0x0001afc0       0x8c _build/ble_advdata.o
 .text.uint8_array_encode
                0x0001b04c       0xa4 _build/ble_advdata.o
 .text.tx_power_level_encode
                0x0001b0f0       0x70 _build/ble_advdata.o
 .text.uuid_list_sized_encode
                0x0001b160      0x170 _build/ble_advdata.o
 .text.uuid_list_encode
                0x0001b2d0       0x6c _build/ble_advdata.o
 .text.conn_int_check
                0x0001b33c       0x80 _build/ble_advdata.o
 .text.conn_int_encode
                0x0001b3bc       0xac _build/ble_advdata.o
 .text.manuf_specific_data_encode
                0x0001b468       0xd0 _build/ble_advdata.o
 .text.service_data_encode
                0x0001b538      0x104 _build/ble_advdata.o
 .text.adv_data_encode
                0x0001b63c      0x1b8 _build/ble_advdata.o
 .text.advdata_check
                0x0001b7f4       0x34 _build/ble_advdata.o
 .text.srdata_check
                0x0001b828       0x20 _build/ble_advdata.o
 .text.ble_advdata_set
                0x0001b848       0xcc _build/ble_advdata.o
                0x0001b848                ble_advdata_set
 .text.sd_nvic_EnableIRQ
                0x0001b914        0x8 _build/softdevice_handler.o
 .text.sd_evt_get
                0x0001b91c        0x8 _build/softdevice_handler.o
 .text.sd_softdevice_enable
                0x0001b924        0x8 _build/softdevice_handler.o
 .text.is_word_aligned
                0x0001b92c       0x1c _build/softdevice_handler.o
 .text.sd_ble_evt_get
                0x0001b948        0x8 _build/softdevice_handler.o
 .text.softdevice_assertion_handler
                0x0001b950       0x28 _build/softdevice_handler.o
                0x0001b950                softdevice_assertion_handler
 .text.intern_softdevice_events_execute
                0x0001b978      0x118 _build/softdevice_handler.o
                0x0001b978                intern_softdevice_events_execute
 .text.softdevice_handler_init
                0x0001ba90       0x8c _build/softdevice_handler.o
                0x0001ba90                softdevice_handler_init
 .text.softdevice_ble_evt_handler_set
                0x0001bb1c       0x28 _build/softdevice_handler.o
                0x0001bb1c                softdevice_ble_evt_handler_set
 .text.softdevice_sys_evt_handler_set
                0x0001bb44       0x28 _build/softdevice_handler.o
                0x0001bb44                softdevice_sys_evt_handler_set
 .text.SWI2_IRQHandler
                0x0001bb6c       0x48 _build/softdevice_handler.o
                0x0001bb6c                SWI2_IRQHandler
 .text.sd_ble_gap_conn_param_update
                0x0001bbb4        0x8 _build/ble_conn_params.o
 .text.sd_ble_gap_ppcp_get
                0x0001bbbc        0x8 _build/ble_conn_params.o
 .text.fast_conn_params_handler
                0x0001bbc4       0xa8 _build/ble_conn_params.o
 .text.__update_timeout_handler
                0x0001bc6c       0xd4 _build/ble_conn_params.o
 .text.update_timeout_handler
                0x0001bd40       0x3c _build/ble_conn_params.o
 .text.ble_conn_params_init
                0x0001bd7c       0xb4 _build/ble_conn_params.o
                0x0001bd7c                ble_conn_params_init
 .text.ble_conn_params_stop
                0x0001be30       0x60 _build/ble_conn_params.o
                0x0001be30                ble_conn_params_stop
 .text.conn_params_negotiation
                0x0001be90       0xb8 _build/ble_conn_params.o
 .text.on_connect
                0x0001bf48       0x40 _build/ble_conn_params.o
 .text.on_disconnect
                0x0001bf88       0x80 _build/ble_conn_params.o
 .text.on_conn_params_update
                0x0001c008       0x2c _build/ble_conn_params.o
 .text.ble_conn_params_on_ble_evt
                0x0001c034       0x40 _build/ble_conn_params.o
                0x0001c034                ble_conn_params_on_ble_evt
 .text.is_word_aligned
                0x0001c074       0x1c _build/app_timer.o
 .text.NVIC_EnableIRQ
                0x0001c090       0x2c _build/app_timer.o
 .text.NVIC_ClearPendingIRQ
                0x0001c0bc       0x34 _build/app_timer.o
 .text.NVIC_SetPriority
                0x0001c0f0       0xe0 _build/app_timer.o
 .text.NVIC_GetPriority
                0x0001c1d0       0x78 _build/app_timer.o
 .text.sd_nvic_critical_region_enter
                0x0001c248        0x8 _build/app_timer.o
 .text.sd_nvic_critical_region_exit
                0x0001c250        0x8 _build/app_timer.o
 .text.nrf_delay_us
                0x0001c258       0x34 _build/app_timer.o
 .text.current_int_priority_get
                0x0001c28c       0x3c _build/app_timer.o
 .text.rtc1_init
                0x0001c2c8       0x24 _build/app_timer.o
 .text.rtc1_start
                0x0001c2ec       0x48 _build/app_timer.o
 .text.rtc1_counter_get
                0x0001c334       0x18 _build/app_timer.o
 .text.ticks_diff_get
                0x0001c34c       0x1c _build/app_timer.o
 .text.rtc1_compare0_set
                0x0001c368       0x1c _build/app_timer.o
 .text.timeout_handler_exec
                0x0001c384       0x5c _build/app_timer.o
 .text.rtc1_update_cycle_tick
                0x0001c3e0       0x38 _build/app_timer.o
                0x0001c3e0                rtc1_update_cycle_tick
 .text.timer_need_exec
                0x0001c418       0x78 _build/app_timer.o
                0x0001c418                timer_need_exec
 .text.RTC1_IRQHandler
                0x0001c490      0x150 _build/app_timer.o
                0x0001c490                RTC1_IRQHandler
 .text.app_timer_init
                0x0001c5e0       0xd0 _build/app_timer.o
                0x0001c5e0                app_timer_init
 .text.app_timer_create
                0x0001c6b0       0xbc _build/app_timer.o
                0x0001c6b0                app_timer_create
 .text.app_timer_start_internal
                0x0001c76c      0x220 _build/app_timer.o
 .text.app_timer_start
                0x0001c98c       0xa8 _build/app_timer.o
                0x0001c98c                app_timer_start
 .text.app_timer_stop
                0x0001ca34       0xa4 _build/app_timer.o
                0x0001ca34                app_timer_stop
 .text.app_timer_cnt_get
                0x0001cad8       0x1c _build/app_timer.o
                0x0001cad8                app_timer_cnt_get
 .text.app_timer_cnt_diff_compute
                0x0001caf4       0x28 _build/app_timer.o
                0x0001caf4                app_timer_cnt_diff_compute
 .text.nrf_gpio_cfg_output
                0x0001cb1c       0x20 _build/spi_master.o
 .text.nrf_gpio_cfg_input
                0x0001cb3c       0x2c _build/spi_master.o
 .text.nrf_gpio_pin_set
                0x0001cb68       0x20 _build/spi_master.o
 .text.nrf_gpio_pin_clear
                0x0001cb88       0x20 _build/spi_master.o
 .text.nrf_delay_us
                0x0001cba8       0x34 _build/spi_master.o
 .text.spi_master_get_instance
                0x0001cbdc       0x34 _build/spi_master.o
 .text.spi_master_init_hw_instance
                0x0001cc10       0x58 _build/spi_master.o
 .text.spi_master_open
                0x0001cc68      0x1f8 _build/spi_master.o
                0x0001cc68                spi_master_open
 .text.spi_master_send_recv
                0x0001ce60      0x100 _build/spi_master.o
                0x0001ce60                spi_master_send_recv
 .text.NVIC_GetPriority
                0x0001cf60       0x78 _build/app_scheduler.o
 .text.sd_nvic_critical_region_enter
                0x0001cfd8        0x8 _build/app_scheduler.o
 .text.sd_nvic_critical_region_exit
                0x0001cfe0        0x8 _build/app_scheduler.o
 .text.is_word_aligned
                0x0001cfe8       0x1c _build/app_scheduler.o
 .text.current_int_priority_get
                0x0001d004       0x3c _build/app_scheduler.o
 .text.next_index
                0x0001d040       0x34 _build/app_scheduler.o
 .text.app_sched_init
                0x0001d074       0x90 _build/app_scheduler.o
                0x0001d074                app_sched_init
 .text.app_sched_event_put
                0x0001d104      0x194 _build/app_scheduler.o
                0x0001d104                app_sched_event_put
 .text.app_sched_event_get
                0x0001d298       0xa0 _build/app_scheduler.o
 .text.app_sched_execute
                0x0001d338       0x38 _build/app_scheduler.o
                0x0001d338                app_sched_execute
 .text.osal_ConvertUTCTime
                0x0001d370      0x21c _build/UTCtime_convert.o
                0x0001d370                osal_ConvertUTCTime
 .text.monthLength
                0x0001d58c       0x64 _build/UTCtime_convert.o
 .text.osal_ConvertUTCSecs
                0x0001d5f0      0x178 _build/UTCtime_convert.o
                0x0001d5f0                osal_ConvertUTCSecs
 .text.temp_service_get_tm_interval
                0x0001d768       0x14 _build/temp_service.o
                0x0001d768                temp_service_get_tm_interval
 *fill*         0x0001d77c        0x4 00
 .text.temp_service_set_tm_intreval
                0x0001d780       0xd0 _build/temp_service.o
                0x0001d780                temp_service_set_tm_intreval
 .text.temp_tm_start
                0x0001d850       0x88 _build/temp_service.o
                0x0001d850                temp_tm_start
 .text.temp_it_start
                0x0001d8d8       0x50 _build/temp_service.o
                0x0001d8d8                temp_it_start
 .text.temp_tm_stop
                0x0001d928       0x98 _build/temp_service.o
                0x0001d928                temp_tm_stop
 .text.temp_it_stop
                0x0001d9c0       0x54 _build/temp_service.o
                0x0001d9c0                temp_it_stop
 .text.__do_send_tm
                0x0001da14       0xc4 _build/temp_service.o
 .text.__temp_tm_timeout_handler
                0x0001dad8       0x9c _build/temp_service.o
 .text.iDo_indicate_measurement_ready
                0x0001db74       0x38 _build/temp_service.o
                0x0001db74                iDo_indicate_measurement_ready
 .text.temp_tm_timeout_handler
                0x0001dbac       0x3c _build/temp_service.o
 .text.temp_it_timeout_handler
                0x0001dbe8       0x54 _build/temp_service.o
 .text.__do_send_it
                0x0001dc3c       0x78 _build/temp_service.o
 .text.__sps_timeout_handler
                0x0001dcb4      0x10c _build/temp_service.o
 .text.sps_timeout_handler
                0x0001ddc0       0x3c _build/temp_service.o
 .text.temp_init_timer_spi
                0x0001ddfc      0x13c _build/temp_service.o
                0x0001ddfc                temp_init_timer_spi
 .text.temp_measurement_confirm
                0x0001df38       0x70 _build/temp_service.o
                0x0001df38                temp_measurement_confirm
 .text.sd_ble_gatts_hvx
                0x0001dfa8        0x8 _build/acc_service.o
 .text.nrf_gpio_pin_dir_set
                0x0001dfb0       0x40 _build/acc_service.o
 .text.acc_service_spi_read
                0x0001dff0       0x8c _build/acc_service.o
                0x0001dff0                acc_service_spi_read
 .text.acc_service_spi_write
                0x0001e07c       0x94 _build/acc_service.o
                0x0001e07c                acc_service_spi_write
 .text.acc_fifo_read
                0x0001e110       0xd4 _build/acc_service.o
                0x0001e110                acc_fifo_read
 .text.acc_timeout_handler
                0x0001e1e4      0x308 _build/acc_service.o
 .text.int1_gpiote_event_handler
                0x0001e4ec       0xc8 _build/acc_service.o
                0x0001e4ec                int1_gpiote_event_handler
 .text.acc_init_timer_io_spi
                0x0001e5b4      0x134 _build/acc_service.o
                0x0001e5b4                acc_init_timer_io_spi
 .text.__temp_state_init_transit_state
                0x0001e6e8       0x40 _build/temp_state.o
 .text.__temp_state_transit_state_update
                0x0001e728       0x9c _build/temp_state.o
 .text.__OD_remove_node
                0x0001e7c4       0x4c _build/temp_state.o
 .text.__OD_insert_node
                0x0001e810       0x68 _build/temp_state.o
 .text.__temp_state_update_attach_state
                0x0001e878      0x1c4 _build/temp_state.o
 .text.__temp_state_iir_filter
                0x0001ea3c      0x1ac _build/temp_state.o
 .text.temp_state_init
                0x0001ebe8       0xfc _build/temp_state.o
                0x0001ebe8                temp_state_init
 .text.temp_state_update
                0x0001ece4       0x58 _build/temp_state.o
                0x0001ece4                temp_state_update
 .text.temp_state_get_last_filtered_temp
                0x0001ed3c       0x14 _build/temp_state.o
                0x0001ed3c                temp_state_get_last_filtered_temp
 .text.temp_state_mesaurement_ready
                0x0001ed50       0x28 _build/temp_state.o
                0x0001ed50                temp_state_mesaurement_ready
 .text.sd_nvic_critical_region_enter
                0x0001ed78        0x8 _build/cmd_buffer.o
 .text.sd_nvic_critical_region_exit
                0x0001ed80        0x8 _build/cmd_buffer.o
 .text.CBInit   0x0001ed88       0x40 _build/cmd_buffer.o
                0x0001ed88                CBInit
 .text.CBGetNextBufferForTX
                0x0001edc8       0xd4 _build/cmd_buffer.o
                0x0001edc8                CBGetNextBufferForTX
 .text.CBPutBuffer
                0x0001ee9c       0x84 _build/cmd_buffer.o
                0x0001ee9c                CBPutBuffer
 .text.CBPushTemp
                0x0001ef20      0x178 _build/cmd_buffer.o
                0x0001ef20                CBPushTemp
 .text.sd_nvic_EnableIRQ
                0x0001f098        0x8 _build/ble_radio_notification.o
 .text.sd_nvic_ClearPendingIRQ
                0x0001f0a0        0x8 _build/ble_radio_notification.o
 .text.sd_nvic_SetPriority
                0x0001f0a8        0x8 _build/ble_radio_notification.o
 .text.sd_radio_notification_cfg_set
                0x0001f0b0        0x8 _build/ble_radio_notification.o
 .text.SWI1_IRQHandler
                0x0001f0b8       0x1c _build/ble_radio_notification.o
                0x0001f0b8                SWI1_IRQHandler
 .text.ble_radio_notification_init
                0x0001f0d4       0x78 _build/ble_radio_notification.o
                0x0001f0d4                ble_radio_notification_init
 .text.uint16_encode
                0x0001f14c       0x34 _build/recorder.o
 .text.uint16_decode
                0x0001f180       0x28 _build/recorder.o
 .text.ble_date_time_encode
                0x0001f1a8       0xc4 _build/recorder.o
 .text.ble_date_time_decode
                0x0001f26c       0xc8 _build/recorder.o
 .text.__recorder_get_first_page
                0x0001f334       0x48 _build/recorder.o
 .text.__recorder_get_next_page
                0x0001f37c       0x88 _build/recorder.o
 .text.recorder_first_page
                0x0001f404       0x10 _build/recorder.o
                0x0001f404                recorder_first_page
 .text.recorder_last_page
                0x0001f414       0x5c _build/recorder.o
                0x0001f414                recorder_last_page
 .text.recorder_task_timeout_handler
                0x0001f470       0x3c _build/recorder.o
 .text.recorder_init
                0x0001f4ac      0x168 _build/recorder.o
                0x0001f4ac                recorder_init
 .text.recorder_add_temperature
                0x0001f614      0x234 _build/recorder.o
                0x0001f614                recorder_add_temperature
 .text.__recorder_add_delta
                0x0001f848       0x90 _build/recorder.o
 .text.__recorder_get_sample_info
                0x0001f8d8      0x1a0 _build/recorder.o
 .text.__recorder_get_current_next_info
                0x0001fa78       0xe8 _build/recorder.o
 .text.recorder_for_task
                0x0001fb60       0xe0 _build/recorder.o
 .text.__recorder_find_ts_callback
                0x0001fc40      0x1e8 _build/recorder.o
                0x0001fc40                __recorder_find_ts_callback
 .text.__recorder_find_ts
                0x0001fe28       0x54 _build/recorder.o
 .text.__recorder_get_current_head_info
                0x0001fe7c       0x78 _build/recorder.o
                0x0001fe7c                __recorder_get_current_head_info
 .text.__recorder_get_current_tail_next_head_info
                0x0001fef4       0xf4 _build/recorder.o
                0x0001fef4                __recorder_get_current_tail_next_head_info
 .text.__recorder_get_boundary_unix_time_callback
                0x0001ffe8      0x18c _build/recorder.o
                0x0001ffe8                __recorder_get_boundary_unix_time_callback
 .text.__recorder_get_boundary_unix_time
                0x00020174       0x84 _build/recorder.o
 .text.__recorder_get_next_end_ts
                0x000201f8       0x9c _build/recorder.o
 .text.__recorder_fill_info
                0x00020294       0x94 _build/recorder.o
 .text.recorder_API_task
                0x00020328      0x518 _build/recorder.o
                0x00020328                recorder_API_task
 .text.recorder_set_query_criteria
                0x00020840      0x128 _build/recorder.o
                0x00020840                recorder_set_query_criteria
 .text.recorder_get_query_result
                0x00020968       0xc4 _build/recorder.o
                0x00020968                recorder_get_query_result
 .text.sd_flash_write
                0x00020a2c        0x8 _build/flash_helper.o
 .text.sd_flash_page_erase
                0x00020a34        0x8 _build/flash_helper.o
 .text.__HalFlashValidateReq
                0x00020a3c       0x60 _build/flash_helper.o
 .text.__HalFlashQueueTask
                0x00020a9c      0x14c _build/flash_helper.o
 .text.__HalFlashRemoveHead
                0x00020be8       0x3c _build/flash_helper.o
 .text.__HalFlashShootHead
                0x00020c24      0x128 _build/flash_helper.o
 .text.HalFlashRead
                0x00020d4c       0x44 _build/flash_helper.o
                0x00020d4c                HalFlashRead
 .text.HalFlashErase
                0x00020d90       0x70 _build/flash_helper.o
                0x00020d90                HalFlashErase
 .text.HalFlashWrite
                0x00020e00       0xa0 _build/flash_helper.o
                0x00020e00                HalFlashWrite
 .text.flash_queue_size
                0x00020ea0       0x14 _build/flash_helper.o
                0x00020ea0                flash_queue_size
 .text.flash_time_to_shoot
                0x00020eb4       0x2c _build/flash_helper.o
                0x00020eb4                flash_time_to_shoot
 .text.flash_radio_notification_evt_handler_t
                0x00020ee0       0x3c _build/flash_helper.o
                0x00020ee0                flash_radio_notification_evt_handler_t
 .text.flash_helper_sys_event
                0x00020f1c       0x78 _build/flash_helper.o
                0x00020f1c                flash_helper_sys_event
 .text.persistent_flash_first_page
                0x00020f94       0x5c _build/persistent.o
                0x00020f94                persistent_flash_first_page
 .text.__persistent_mark_bit_map
                0x00020ff0      0x108 _build/persistent.o
 .text.__persistent_get_idx_from_bit_map
                0x000210f8       0xbc _build/persistent.o
 .text.persistent_init
                0x000211b4      0x2ec _build/persistent.o
                0x000211b4                persistent_init
 .text.persistent_flash_backup_prepare
                0x000214a0      0x138 _build/persistent.o
                0x000214a0                persistent_flash_backup_prepare
 .text.persistent_flash_backup_finish
                0x000215d8       0xf0 _build/persistent.o
                0x000215d8                persistent_flash_backup_finish
 .text.persistent_get_dev_name
                0x000216c8       0x70 _build/persistent.o
                0x000216c8                persistent_get_dev_name
 .text.persistent_record_error
                0x00021738       0x94 _build/persistent.o
                0x00021738                persistent_record_error
 .text.persistent_pwrmgmt_set_latest
                0x000217cc       0xb0 _build/persistent.o
                0x000217cc                persistent_pwrmgmt_set_latest
 .text.persistent_pwrmgmt_get_latest
                0x0002187c       0x90 _build/persistent.o
                0x0002187c                persistent_pwrmgmt_get_latest
 .text.sd_nvic_EnableIRQ
                0x0002190c        0x8 _build/battery.o
 .text.sd_nvic_ClearPendingIRQ
                0x00021914        0x8 _build/battery.o
 .text.sd_nvic_SetPriority
                0x0002191c        0x8 _build/battery.o
 .text.ADC_IRQHandler
                0x00021924       0x6c _build/battery.o
                0x00021924                ADC_IRQHandler
 .text.battery_on_radio_off_evt
                0x00021990       0x28 _build/battery.o
                0x00021990                battery_on_radio_off_evt
 .text.battery_request_measure
                0x000219b8       0x20 _build/battery.o
                0x000219b8                battery_request_measure
 .text.battery_get_last_measure
                0x000219d8       0x28 _build/battery.o
                0x000219d8                battery_get_last_measure
 .text.battery_start
                0x00021a00       0xb8 _build/battery.o
                0x00021a00                battery_start
 .text.NVIC_DisableIRQ
                0x00021ab8       0x30 _build/dfu_app_handler.o
 .text.sd_power_gpregret_set
                0x00021ae8        0x8 _build/dfu_app_handler.o
 .text.sd_app_evt_wait
                0x00021af0        0x8 _build/dfu_app_handler.o
 .text.sd_flash_write
                0x00021af8        0x8 _build/dfu_app_handler.o
 .text.sd_flash_page_erase
                0x00021b00        0x8 _build/dfu_app_handler.o
 .text.sd_softdevice_disable
                0x00021b08        0x8 _build/dfu_app_handler.o
 .text.sd_softdevice_vector_table_base_set
                0x00021b10        0x8 _build/dfu_app_handler.o
 .text.dfu_app_reset_prepare
                0x00021b18        0x8 _build/dfu_app_handler.o
 .text.interrupts_disable
                0x00021b20       0x44 _build/dfu_app_handler.o
 .text.bootloader_start
                0x00021b64      0x17c _build/dfu_app_handler.o
 .text.dfu_app_on_dfu_evt
                0x00021ce0       0x4c _build/dfu_app_handler.o
                0x00021ce0                dfu_app_on_dfu_evt
 .text.dfu_app_reset_prepare_set
                0x00021d2c       0x18 _build/dfu_app_handler.o
                0x00021d2c                dfu_app_reset_prepare_set
 .text.flash_page_erase
                0x00021d44       0x5c _build/ble_flash.o
 .text.flash_word_unprotected_write
                0x00021da0       0x58 _build/ble_flash.o
                0x00021da0                flash_word_unprotected_write
 .text.ble_flash_page_erase
                0x00021df8       0x30 _build/ble_flash.o
                0x00021df8                ble_flash_page_erase
 .text.sd_ble_gatts_service_add
                0x00021e28        0x8 _build/ble_qodome_public.o
 .text.sd_ble_gatts_characteristic_add
                0x00021e30        0x8 _build/ble_qodome_public.o
 .text.hts_qodome_char_add
                0x00021e38      0x138 _build/ble_qodome_public.o
 .text.ble_qodome_init
                0x00021f70       0x64 _build/ble_qodome_public.o
                0x00021f70                ble_qodome_init
 .text.pwrmgmt_init
                0x00021fd4       0x68 _build/pwrmgmt.o
                0x00021fd4                pwrmgmt_init
 .text.pwrmgmt_checkvdd_callback
                0x0002203c       0x8c _build/pwrmgmt.o
                0x0002203c                pwrmgmt_checkvdd_callback
 .text.pwrmgmt_glean_stats
                0x000220c8       0xa4 _build/pwrmgmt.o
 .text.pwrmgmt_connect
                0x0002216c       0x30 _build/pwrmgmt.o
                0x0002216c                pwrmgmt_connect
 .text.pwrmgmt_disconnect
                0x0002219c       0x2c _build/pwrmgmt.o
                0x0002219c                pwrmgmt_disconnect
 .text.pwrmgmt_temp_measure
                0x000221c8       0x18 _build/pwrmgmt.o
                0x000221c8                pwrmgmt_temp_measure
 .text.pwrmgmt_event
                0x000221e0       0x2c _build/pwrmgmt.o
                0x000221e0                pwrmgmt_event
 .text.pwrmgmt_flash_dump
                0x0002220c       0x24 _build/pwrmgmt.o
                0x0002220c                pwrmgmt_flash_dump
 .text.pwrmgmt_on_conn_params_evt
                0x00022230       0x34 _build/pwrmgmt.o
                0x00022230                pwrmgmt_on_conn_params_evt
 .text.NVIC_EnableIRQ
                0x00022264       0x2c _build/app_gpiote.o
 .text.NVIC_ClearPendingIRQ
                0x00022290       0x34 _build/app_gpiote.o
 .text.NVIC_SetPriority
                0x000222c4       0xe0 _build/app_gpiote.o
 .text.is_word_aligned
                0x000223a4       0x1c _build/app_gpiote.o
 .text.sense_level_toggle
                0x000223c0       0xac _build/app_gpiote.o
 .text.GPIOTE_IRQHandler
                0x0002246c      0x11c _build/app_gpiote.o
                0x0002246c                GPIOTE_IRQHandler
 .text.pins_sense_disable
                0x00022588       0x8c _build/app_gpiote.o
 .text.app_gpiote_init
                0x00022614       0xa4 _build/app_gpiote.o
                0x00022614                app_gpiote_init
 .text.app_gpiote_user_register
                0x000226b8       0xcc _build/app_gpiote.o
                0x000226b8                app_gpiote_user_register
 .text.app_gpiote_user_enable
                0x00022784      0x158 _build/app_gpiote.o
                0x00022784                app_gpiote_user_enable
 .text.SystemInit
                0x000228dc       0x44 _build/system_nrf51.o
                0x000228dc                SystemInit
 .text.is_manual_peripheral_setup_needed
                0x00022920       0x80 _build/system_nrf51.o
 .text.is_disabled_in_debug_needed
                0x000229a0       0x4c _build/system_nrf51.o
 .text          0x000229ec       0x54 _build/gcc_startup_nrf51.o
                0x000229ec                Reset_Handler
                0x00022a34                NMI_Handler
                0x00022a36                HardFault_Handler
                0x00022a38                SVC_Handler
                0x00022a3a                PendSV_Handler
                0x00022a3c                SysTick_Handler
                0x00022a3e                RTC0_IRQHandler
                0x00022a3e                POWER_CLOCK_IRQHandler
                0x00022a3e                SPI0_TWI0_IRQHandler
                0x00022a3e                LPCOMP_IRQHandler
                0x00022a3e                SWI4_IRQHandler
                0x00022a3e                TEMP_IRQHandler
                0x00022a3e                QDEC_IRQHandler
                0x00022a3e                UART0_IRQHandler
                0x00022a3e                SWI5_IRQHandler
                0x00022a3e                TIMER0_IRQHandler
                0x00022a3e                RADIO_IRQHandler
                0x00022a3e                SWI0_IRQHandler
                0x00022a3e                TIMER1_IRQHandler
                0x00022a3e                ECB_IRQHandler
                0x00022a3e                Default_Handler
                0x00022a3e                SWI3_IRQHandler
                0x00022a3e                CCM_AAR_IRQHandler
                0x00022a3e                WDT_IRQHandler
                0x00022a3e                TIMER2_IRQHandler
                0x00022a3e                RNG_IRQHandler
                0x00022a3e                SPI1_TWI1_IRQHandler
 .text          0x00022a40       0x9c c:/program files/gnu tools arm embedded/4.7 2013q1/bin/../lib/gcc/arm-none-eabi/4.7.3/armv6-m\libgcc.a(_udivsi3.o)
                0x00022a40                __aeabi_uidiv
                0x00022a40                __udivsi3
                0x00022ac8                __aeabi_uidivmod
 .text          0x00022adc       0xc0 c:/program files/gnu tools arm embedded/4.7 2013q1/bin/../lib/gcc/arm-none-eabi/4.7.3/armv6-m\libgcc.a(_divsi3.o)
                0x00022adc                __divsi3
                0x00022adc                __aeabi_idiv
                0x00022b88                __aeabi_idivmod
 .text          0x00022b9c        0x4 c:/program files/gnu tools arm embedded/4.7 2013q1/bin/../lib/gcc/arm-none-eabi/4.7.3/armv6-m\libgcc.a(_dvmd_tls.o)
                0x00022b9c                __aeabi_idiv0
                0x00022b9c                __aeabi_ldiv0
 .text          0x00022ba0       0x40 c:/program files/gnu tools arm embedded/4.7 2013q1/bin/../lib/gcc/arm-none-eabi/4.7.3/armv6-m\libgcc.a(_aeabi_uldivmod.o)
                0x00022ba0                __aeabi_uldivmod
 .text          0x00022be0       0x74 c:/program files/gnu tools arm embedded/4.7 2013q1/bin/../lib/gcc/arm-none-eabi/4.7.3/armv6-m\libgcc.a(bpabi.o)
                0x00022be0                __gnu_ldivmod_helper
                0x00022c1c                __gnu_uldivmod_helper
 .text          0x00022c54      0x3ac c:/program files/gnu tools arm embedded/4.7 2013q1/bin/../lib/gcc/arm-none-eabi/4.7.3/armv6-m\libgcc.a(addsf3.o)
                0x00022c54                __aeabi_fadd
 .text          0x00023000      0x260 c:/program files/gnu tools arm embedded/4.7 2013q1/bin/../lib/gcc/arm-none-eabi/4.7.3/armv6-m\libgcc.a(mulsf3.o)
                0x00023000                __aeabi_fmul
 .text          0x00023260      0x3b4 c:/program files/gnu tools arm embedded/4.7 2013q1/bin/../lib/gcc/arm-none-eabi/4.7.3/armv6-m\libgcc.a(subsf3.o)
                0x00023260                __aeabi_fsub
 .text          0x00023614       0x40 c:/program files/gnu tools arm embedded/4.7 2013q1/bin/../lib/gcc/arm-none-eabi/4.7.3/armv6-m\libgcc.a(fixsfsi.o)
                0x00023614                __aeabi_f2iz
 .text          0x00023654       0xa8 c:/program files/gnu tools arm embedded/4.7 2013q1/bin/../lib/gcc/arm-none-eabi/4.7.3/armv6-m\libgcc.a(floatsisf.o)
                0x00023654                __aeabi_i2f
 .text          0x000236fc       0x3c c:/program files/gnu tools arm embedded/4.7 2013q1/bin/../lib/gcc/arm-none-eabi/4.7.3/armv6-m\libgcc.a(_clzsi2.o)
                0x000236fc                __clzsi2
 .text          0x00023738       0x44 c:/program files/gnu tools arm embedded/4.7 2013q1/bin/../lib/gcc/arm-none-eabi/4.7.3/armv6-m\libgcc.a(_muldi3.o)
                0x00023738                __muldi3
                0x00023738                __aeabi_lmul
 .text          0x0002377c      0x3d0 c:/program files/gnu tools arm embedded/4.7 2013q1/bin/../lib/gcc/arm-none-eabi/4.7.3/armv6-m\libgcc.a(_divdi3.o)
                0x0002377c                __divdi3
 .text          0x00023b4c      0x38c c:/program files/gnu tools arm embedded/4.7 2013q1/bin/../lib/gcc/arm-none-eabi/4.7.3/armv6-m\libgcc.a(_udivdi3.o)
                0x00023b4c                __udivdi3
 .text.__register_exitproc
                0x00023ed8       0xc4 c:/program files/gnu tools arm embedded/4.7 2013q1/bin/../lib/gcc/arm-none-eabi/4.7.3/../../../../arm-none-eabi/lib/armv6-m\libc.a(lib_a-__atexit.o)
                0x00023ed8                __register_exitproc
 .text.exit     0x00023f9c       0x20 c:/program files/gnu tools arm embedded/4.7 2013q1/bin/../lib/gcc/arm-none-eabi/4.7.3/../../../../arm-none-eabi/lib/armv6-m\libc.a(lib_a-exit.o)
                0x00023f9c                exit
 .text.__libc_fini_array
                0x00023fbc       0x60 c:/program files/gnu tools arm embedded/4.7 2013q1/bin/../lib/gcc/arm-none-eabi/4.7.3/../../../../arm-none-eabi/lib/armv6-m\libc.a(lib_a-fini.o)
                0x00023fbc                __libc_fini_array
 .text.__libc_init_array
                0x0002401c       0x90 c:/program files/gnu tools arm embedded/4.7 2013q1/bin/../lib/gcc/arm-none-eabi/4.7.3/../../../../arm-none-eabi/lib/armv6-m\libc.a(lib_a-init.o)
                0x0002401c                __libc_init_array
 .text.memcmp   0x000240ac       0xb4 c:/program files/gnu tools arm embedded/4.7 2013q1/bin/../lib/gcc/arm-none-eabi/4.7.3/../../../../arm-none-eabi/lib/armv6-m\libc.a(lib_a-memcmp.o)
                0x000240ac                memcmp
 .text.memcpy   0x00024160      0x144 c:/program files/gnu tools arm embedded/4.7 2013q1/bin/../lib/gcc/arm-none-eabi/4.7.3/../../../../arm-none-eabi/lib/armv6-m\libc.a(lib_a-memcpy.o)
                0x00024160                memcpy
 .text.memset   0x000242a4      0x118 c:/program files/gnu tools arm embedded/4.7 2013q1/bin/../lib/gcc/arm-none-eabi/4.7.3/../../../../arm-none-eabi/lib/armv6-m\libc.a(lib_a-memset.o)
                0x000242a4                memset
 .text.strlen   0x000243bc       0x10 c:/program files/gnu tools arm embedded/4.7 2013q1/bin/../lib/gcc/arm-none-eabi/4.7.3/../../../../arm-none-eabi/lib/armv6-m\libc.a(lib_a-strlen.o)
                0x000243bc                strlen
 .text.__call_exitprocs
                0x000243cc      0x264 c:/program files/gnu tools arm embedded/4.7 2013q1/bin/../lib/gcc/arm-none-eabi/4.7.3/../../../../arm-none-eabi/lib/armv6-m\libc.a(lib_a-__call_atexit.o)
                0x000243cc                __call_exitprocs
 .text._exit    0x00024630        0x4 c:/program files/gnu tools arm embedded/4.7 2013q1/bin/../lib/gcc/arm-none-eabi/4.7.3/../../../../arm-none-eabi/lib/armv6-m\libnosys.a(_exit.o)
                0x00024630                _exit
 *(.init)
 .init          0x00024634        0x4 c:/program files/gnu tools arm embedded/4.7 2013q1/bin/../lib/gcc/arm-none-eabi/4.7.3/armv6-m/crti.o
                0x00024634                _init
 .init          0x00024638        0x8 c:/program files/gnu tools arm embedded/4.7 2013q1/bin/../lib/gcc/arm-none-eabi/4.7.3/armv6-m/crtn.o
 *(.fini)
 .fini          0x00024640        0x4 c:/program files/gnu tools arm embedded/4.7 2013q1/bin/../lib/gcc/arm-none-eabi/4.7.3/armv6-m/crti.o
                0x00024640                _fini
 .fini          0x00024644        0x8 c:/program files/gnu tools arm embedded/4.7 2013q1/bin/../lib/gcc/arm-none-eabi/4.7.3/armv6-m/crtn.o
 *crtbegin.o(.ctors)
 *crtbegin?.o(.ctors)
 *(EXCLUDE_FILE(*crtend.o *crtend?.o) .ctors)
 *(SORT(.ctors.*))
 *(.ctors)
 *crtbegin.o(.dtors)
 *crtbegin?.o(.dtors)
 *(EXCLUDE_FILE(*crtend.o *crtend?.o) .dtors)
 *(SORT(.dtors.*))
 *(.dtors)
 *(.rodata*)
 .rodata        0x0002464c       0x54 _build/main.o
 .rodata        0x000246a0       0x38 _build/ble_ido.o
 .rodata        0x000246d8       0x28 _build/ble_bas.o
 .rodata        0x00024700       0x28 _build/ble_dis.o
 .rodata        0x00024728       0x34 _build/ble_dfu.o
 .rodata        0x0002475c       0x28 _build/ble_acc.o
 .rodata        0x00024784       0x28 _build/ble_time.o
 .rodata        0x000247ac       0x2c _build/ble_memdump.o
 .rodata        0x000247d8       0x30 _build/ble_srv_common.o
 .rodata        0x00024808       0x2c _build/softdevice_handler.o
 .rodata        0x00024834       0x20 _build/ble_conn_params.o
 .rodata        0x00024854       0x24 _build/app_timer.o
 .rodata        0x00024878       0x24 _build/spi_master.o
 .rodata        0x0002489c       0x28 _build/app_scheduler.o
 .rodata        0x000248c4       0x3c _build/temp_service.o
 .rodata        0x00024900       0x38 _build/acc_service.o
 .rodata        0x00024938       0x1c _build/recorder.o
 .rodata        0x00024954       0x20 _build/battery.o
 .rodata        0x00024974       0x34 _build/dfu_app_handler.o
 .rodata        0x000249a8       0x40 c:/program files/gnu tools arm embedded/4.7 2013q1/bin/../lib/gcc/arm-none-eabi/4.7.3/armv6-m\libgcc.a(mulsf3.o)
 .rodata.str1.4
                0x000249e8        0x4 c:/program files/gnu tools arm embedded/4.7 2013q1/bin/../lib/gcc/arm-none-eabi/4.7.3/../../../../arm-none-eabi/lib/armv6-m\libc.a(lib_a-impure.o)
 .rodata._global_impure_ptr
                0x000249ec        0x4 c:/program files/gnu tools arm embedded/4.7 2013q1/bin/../lib/gcc/arm-none-eabi/4.7.3/../../../../arm-none-eabi/lib/armv6-m\libc.a(lib_a-impure.o)
                0x000249ec                _global_impure_ptr
 *(.eh_frame*)

.glue_7         0x000249f0        0x0
 .glue_7        0x00000000        0x0 linker stubs

.glue_7t        0x000249f0        0x0
 .glue_7t       0x00000000        0x0 linker stubs

.vfp11_veneer   0x000249f0        0x0
 .vfp11_veneer  0x00000000        0x0 linker stubs

.v4_bx          0x000249f0        0x0
 .v4_bx         0x00000000        0x0 linker stubs

.iplt           0x000249f0        0x0
 .iplt          0x00000000        0x0 c:/program files/gnu tools arm embedded/4.7 2013q1/bin/../lib/gcc/arm-none-eabi/4.7.3/armv6-m/crtbegin.o

.ARM.extab
 *(.ARM.extab* .gnu.linkonce.armextab.*)
                0x000249f0                __exidx_start = .

.ARM.exidx      0x000249f0        0x8
 *(.ARM.exidx* .gnu.linkonce.armexidx.*)
 .ARM.exidx     0x000249f0        0x8 c:/program files/gnu tools arm embedded/4.7 2013q1/bin/../lib/gcc/arm-none-eabi/4.7.3/../../../../arm-none-eabi/lib/armv6-m/crt0.o
 .ARM.exidx     0x000249f8        0x0 _build/gcc_startup_nrf51.o
                                  0x8 (size before relaxing)
 .ARM.exidx     0x000249f8        0x0 c:/program files/gnu tools arm embedded/4.7 2013q1/bin/../lib/gcc/arm-none-eabi/4.7.3/armv6-m\libgcc.a(_divdi3.o)
                                  0x8 (size before relaxing)
 .ARM.exidx     0x000249f8        0x0 c:/program files/gnu tools arm embedded/4.7 2013q1/bin/../lib/gcc/arm-none-eabi/4.7.3/armv6-m\libgcc.a(_udivdi3.o)
                                  0x8 (size before relaxing)
                0x000249f8                __exidx_end = .
                0x000249f8                __etext = .

.rel.dyn        0x000249f8        0x0
 .rel.iplt      0x00000000        0x0 c:/program files/gnu tools arm embedded/4.7 2013q1/bin/../lib/gcc/arm-none-eabi/4.7.3/armv6-m/crtbegin.o

.data           0x20002000      0x468 load address 0x000249f8
                0x20002000                __data_start__ = .
 *(vtable)
 *(.data*)
 .data          0x20002000        0x4 _build/main.o
 .data          0x20002004        0xc _build/temp_service.o
                0x20002008                m_tm_interval
                0x2000200c                m_tm_interval_ticks
 .data          0x20002010        0x1 _build/acc_service.o
                0x20002010                acc_working_mode
 .data          0x20002011        0x1 _build/temp_state.o
 .data          0x20002012        0x2 _build/cmd_buffer.o
 .data          0x20002014        0xc _build/recorder.o
                0x20002014                rec_latest_entry_idx
                0x20002018                all_ff
 .data          0x20002020        0x4 _build/persistent.o
 .data          0x20002024        0x4 _build/dfu_app_handler.o
 .data          0x20002028       0x14 _build/pwrmgmt.o
                0x20002028                pcnt
                0x2000202c                adv_param
 *fill*         0x2000203c        0x4 00
 .data.impure_data
                0x20002040      0x428 c:/program files/gnu tools arm embedded/4.7 2013q1/bin/../lib/gcc/arm-none-eabi/4.7.3/../../../../arm-none-eabi/lib/armv6-m\libc.a(lib_a-impure.o)
                0x20002468                . = ALIGN (0x4)
                0x20002468                PROVIDE (__preinit_array_start, .)
 *(.preinit_array)
                0x20002468                PROVIDE (__preinit_array_end, .)
                0x20002468                . = ALIGN (0x4)
                0x20002468                PROVIDE (__init_array_start, .)
 *(SORT(.init_array.*))
 *(.init_array)
                0x20002468                PROVIDE (__init_array_end, .)
                0x20002468                . = ALIGN (0x4)
                0x20002468                PROVIDE (__fini_array_start, .)
 *(SORT(.fini_array.*))
 *(.fini_array)
                0x20002468                PROVIDE (__fini_array_end, .)
 *(.jcr)
                0x20002468                . = ALIGN (0x4)
                0x20002468                __data_end__ = .

.igot.plt       0x20002468        0x0 load address 0x00024e60
 .igot.plt      0x00000000        0x0 c:/program files/gnu tools arm embedded/4.7 2013q1/bin/../lib/gcc/arm-none-eabi/4.7.3/armv6-m/crtbegin.o

.bss            0x20002468     0x1480 load address 0x00024e60
                0x20002468                . = ALIGN (0x4)
                0x20002468                __bss_start__ = .
 *(.bss*)
 .bss           0x20002468      0x3b4 _build/main.o
                0x20002490                error_cnt
                0x20002494                last_error_code
                0x20002498                last_error_file_name
                0x2000249c                flash_write_w_backup_status
                0x200024a0                ticks_max
                0x200024a4                full_power_on_seconds
                0x200024a8                abnormal_counts
                0x200024ac                indication_counts
                0x200024b0                notification_counts
 .bss           0x2000281c        0x2 _build/ble_ido.o
                0x2000281c                m_is_notification_enabled
                0x2000281d                m_is_indication_enabled
 *fill*         0x2000281e        0x2 00
 .bss           0x20002820       0x4c _build/ble_dis.o
 .bss           0x2000286c        0xc _build/ble_dfu.o
 .bss           0x20002878        0x8 _build/ble_acc.o
                0x20002878                acc_addr
                0x20002879                acc_value
                0x2000287c                acc_ptr
 .bss           0x20002880       0x18 _build/ble_time.o
                0x20002888                second_now
                0x2000288c                second_relative
                0x20002890                data_time_initial_time_set
                0x20002891                OSAL_updateFlip
                0x20002892                OSAL_deltaSeconds
                0x20002893                OSAL_deltaDir
                0x20002894                power_on_seconds
 .bss           0x20002898        0x8 _build/ble_memdump.o
                0x20002898                memdump_addr
                0x2000289c                memdump_flag
                0x2000289d                memdump_autoStep
 .bss           0x200028a0       0x14 _build/softdevice_handler.o
 .bss           0x200028b4       0x4c _build/ble_conn_params.o
                0x200028fc                m_conn_param_negotiation_done
 .bss           0x20002900        0xc _build/app_timer.o
                0x20002900                mp_nodes
                0x20002904                m_cycle_cnt
                0x20002908                m_last_tick
 .bss           0x2000290c       0x50 _build/spi_master.o
 .bss           0x2000295c       0x10 _build/app_scheduler.o
 .bss           0x2000296c       0x1c _build/temp_service.o
                0x20002978                m_tm_enabled
                0x20002979                m_it_enabled
                0x2000297a                lastTemp
                0x2000297c                adt_sample_sps_counts
                0x20002980                temp_tm_counts_30s
 .bss           0x20002988       0x28 _build/acc_service.o
                0x20002990                acc_data
                0x200029a4                acc_cnt
                0x200029a6                acc_data_enabled
                0x200029a7                acc_sample_cnt
                0x200029a8                acc_started
                0x200029aa                acc_int_cnt
                0x200029ac                acc_act_cnt
                0x200029ae                acc_inact_cnt
 .bss           0x200029b0      0x1f0 _build/temp_state.o
 .bss           0x20002ba0       0x74 _build/cmd_buffer.o
 .bss           0x20002c14        0x4 _build/ble_radio_notification.o
 .bss           0x20002c18      0x118 _build/recorder.o
                0x20002c18                recorder_api_task_period
                0x20002c1c                recorder_f_page
                0x20002c1d                recorder_l_page
 .bss           0x20002d30        0xc _build/flash_helper.o
                0x20002d30                opc_begin
                0x20002d31                opc_end
                0x20002d32                opc_queue_depth
                0x20002d33                opc_max_queue_depth
                0x20002d34                opc_head_status
                0x20002d36                opc_queue_overflow_cnt
                0x20002d38                flash_interrupt_schedule_fail_cnt
                0x20002d3a                flash_sys_evt_error_cnt
 .bss           0x20002d3c        0x2 _build/persistent.o
                0x20002d3c                __debug_sizeof_persistent_page
 .bss           0x20002d3e        0x4 _build/battery.o
                0x20002d3e                batt_sample_needed
                0x20002d3f                batt_sample_in_progress
                0x20002d40                batt_lvl_in_milli_volts
 *fill*         0x20002d42        0x2 00
 .bss           0x20002d44       0x18 _build/pwrmgmt.o
                0x20002d44                pvsum
                0x20002d48                pvavg
                0x20002d4a                pinit_done
                0x20002d4c                ptlast
                0x20002d50                pconn_status
                0x20002d54                conn_interval
                0x20002d58                conn_latency
 .bss           0x20002d5c        0xc _build/app_gpiote.o
 *(COMMON)
 COMMON         0x20002d68       0xa8 _build/main.o
                0x20002d68                flash_write_w_backup_data
                0x20002d80                m_hts
                0x20002da8                m_acc
                0x20002dc0                m_dfu
                0x20002de8                m_bas
                0x20002e00                m_time
 COMMON         0x20002e10       0x10 _build/ble_memdump.o
                0x20002e10                m_memdump
 COMMON         0x20002e20        0xd _build/app_timer.o
                0x20002e20                m_evt_schedule_func
                0x20002e24                m_node_array_size
                0x20002e28                m_timer_id_head
                0x20002e2c                m_rtc1_running
 COMMON         0x20002e2d        0x1 _build/acc_service.o
                0x20002e2d                acc_status
 *fill*         0x20002e2e        0x2 00
 COMMON         0x20002e30        0xa _build/cmd_buffer.o
                0x20002e30                buf_stats
 *fill*         0x20002e3a        0x2 00
 COMMON         0x20002e3c      0x13a _build/recorder.o
                0x20002e3c                rec_read
                0x20002e44                qdb
                0x20002e60                latest_sample_temp
                0x20002e64                record_query_result_buffer
                0x20002e70                latest_sample_unix_ts
                0x20002e74                rec_latest
                0x20002f74                rec_next_write
 *fill*         0x20002f76        0x2 00
 COMMON         0x20002f78      0x948 _build/flash_helper.o
                0x20002f78                opc
 COMMON         0x200038c0        0x2 _build/persistent.o
                0x200038c0                boot_cnt
                0x200038c1                pidx
 *fill*         0x200038c2        0x2 00
 COMMON         0x200038c4       0x10 _build/ble_qodome_public.o
                0x200038c4                m_qodome
 COMMON         0x200038d4       0x14 _build/pwrmgmt.o
                0x200038d4                pd
                0x200038e8                . = ALIGN (0x4)
                0x200038e8                __bss_end__ = .

.heap           0x200038e8        0x0
                0x200038e8                __end__ = .
                0x200038e8                end = __end__
 *(.heap*)
 .heap          0x200038e8        0x0 _build/gcc_startup_nrf51.o
                0x200038e8                __HeapLimit = .

.stack_dummy    0x200038e8      0x400
 *(.stack*)
 .stack         0x200038e8      0x400 _build/gcc_startup_nrf51.o

.bootloader_settings_block
                0x0003fc00      0x400
 *(.bootloader_settings_sect)
 .bootloader_settings_sect
                0x0003fc00      0x400 _build/bootloader_util_gcc.o
                0x0003fc00                m_boot_settings

.NRF_UICR_BOOT_START_BLOCK
 *(.NRF_UICR_BOOT_START_SECT)
                0x20004000                __StackTop = (ORIGIN (RAM) + 0x2000)
                0x20003c00                __StackLimit = (__StackTop - SIZEOF (.stack_dummy))
                0x20004000                PROVIDE (__stack, __StackTop)
                0x00000001                ASSERT ((__StackLimit >= __HeapLimit), region RAM overflowed with stack)
OUTPUT(_build/ble_app_hts_s110_xxaa.out elf32-littlearm)

.ARM.attributes
                0x00000000       0x28
 .ARM.attributes
                0x00000000       0x1e c:/program files/gnu tools arm embedded/4.7 2013q1/bin/../lib/gcc/arm-none-eabi/4.7.3/armv6-m/crti.o
 .ARM.attributes
                0x0000001e       0x1c c:/program files/gnu tools arm embedded/4.7 2013q1/bin/../lib/gcc/arm-none-eabi/4.7.3/../../../../arm-none-eabi/lib/armv6-m/crt0.o
 .ARM.attributes
                0x0000003a       0x31 _build/main.o
 .ARM.attributes
                0x0000006b       0x31 _build/ble_ido.o
 .ARM.attributes
                0x0000009c       0x31 _build/ble_bas.o
 .ARM.attributes
                0x000000cd       0x31 _build/ble_dis.o
 .ARM.attributes
                0x000000fe       0x31 _build/ble_dfu.o
 .ARM.attributes
                0x0000012f       0x31 _build/ble_acc.o
 .ARM.attributes
                0x00000160       0x31 _build/ble_time.o
 .ARM.attributes
                0x00000191       0x31 _build/ble_memdump.o
 .ARM.attributes
                0x000001c2       0x31 _build/ble_srv_common.o
 .ARM.attributes
                0x000001f3       0x31 _build/ble_advdata.o
 .ARM.attributes
                0x00000224       0x31 _build/softdevice_handler.o
 .ARM.attributes
                0x00000255       0x31 _build/ble_conn_params.o
 .ARM.attributes
                0x00000286       0x31 _build/app_timer.o
 .ARM.attributes
                0x000002b7       0x31 _build/spi_master.o
 .ARM.attributes
                0x000002e8       0x31 _build/app_scheduler.o
 .ARM.attributes
                0x00000319       0x31 _build/UTCtime_convert.o
 .ARM.attributes
                0x0000034a       0x31 _build/temp_service.o
 .ARM.attributes
                0x0000037b       0x31 _build/acc_service.o
 .ARM.attributes
                0x000003ac       0x31 _build/temp_state.o
 .ARM.attributes
                0x000003dd       0x31 _build/cmd_buffer.o
 .ARM.attributes
                0x0000040e       0x31 _build/ble_radio_notification.o
 .ARM.attributes
                0x0000043f       0x31 _build/recorder.o
 .ARM.attributes
                0x00000470       0x31 _build/flash_helper.o
 .ARM.attributes
                0x000004a1       0x31 _build/persistent.o
 .ARM.attributes
                0x000004d2       0x31 _build/battery.o
 .ARM.attributes
                0x00000503       0x31 _build/bootloader_util_gcc.o
 .ARM.attributes
                0x00000534       0x31 _build/dfu_app_handler.o
 .ARM.attributes
                0x00000565       0x31 _build/ble_flash.o
 .ARM.attributes
                0x00000596       0x31 _build/ble_qodome_public.o
 .ARM.attributes
                0x000005c7       0x31 _build/pwrmgmt.o
 .ARM.attributes
                0x000005f8       0x31 _build/app_gpiote.o
 .ARM.attributes
                0x00000629       0x31 _build/system_nrf51.o
 .ARM.attributes
                0x0000065a       0x1b _build/gcc_startup_nrf51.o
 .ARM.attributes
                0x00000675       0x1e c:/program files/gnu tools arm embedded/4.7 2013q1/bin/../lib/gcc/arm-none-eabi/4.7.3/armv6-m\libgcc.a(_udivsi3.o)
 .ARM.attributes
                0x00000693       0x1e c:/program files/gnu tools arm embedded/4.7 2013q1/bin/../lib/gcc/arm-none-eabi/4.7.3/armv6-m\libgcc.a(_divsi3.o)
 .ARM.attributes
                0x000006b1       0x1e c:/program files/gnu tools arm embedded/4.7 2013q1/bin/../lib/gcc/arm-none-eabi/4.7.3/armv6-m\libgcc.a(_dvmd_tls.o)
 .ARM.attributes
                0x000006cf       0x1e c:/program files/gnu tools arm embedded/4.7 2013q1/bin/../lib/gcc/arm-none-eabi/4.7.3/armv6-m\libgcc.a(_aeabi_uldivmod.o)
 .ARM.attributes
                0x000006ed       0x2c c:/program files/gnu tools arm embedded/4.7 2013q1/bin/../lib/gcc/arm-none-eabi/4.7.3/armv6-m\libgcc.a(bpabi.o)
 .ARM.attributes
                0x00000719       0x2c c:/program files/gnu tools arm embedded/4.7 2013q1/bin/../lib/gcc/arm-none-eabi/4.7.3/armv6-m\libgcc.a(addsf3.o)
 .ARM.attributes
                0x00000745       0x2c c:/program files/gnu tools arm embedded/4.7 2013q1/bin/../lib/gcc/arm-none-eabi/4.7.3/armv6-m\libgcc.a(mulsf3.o)
 .ARM.attributes
                0x00000771       0x2c c:/program files/gnu tools arm embedded/4.7 2013q1/bin/../lib/gcc/arm-none-eabi/4.7.3/armv6-m\libgcc.a(subsf3.o)
 .ARM.attributes
                0x0000079d       0x2c c:/program files/gnu tools arm embedded/4.7 2013q1/bin/../lib/gcc/arm-none-eabi/4.7.3/armv6-m\libgcc.a(fixsfsi.o)
 .ARM.attributes
                0x000007c9       0x2c c:/program files/gnu tools arm embedded/4.7 2013q1/bin/../lib/gcc/arm-none-eabi/4.7.3/armv6-m\libgcc.a(floatsisf.o)
 .ARM.attributes
                0x000007f5       0x1e c:/program files/gnu tools arm embedded/4.7 2013q1/bin/../lib/gcc/arm-none-eabi/4.7.3/armv6-m\libgcc.a(_clzsi2.o)
 .ARM.attributes
                0x00000813       0x2c c:/program files/gnu tools arm embedded/4.7 2013q1/bin/../lib/gcc/arm-none-eabi/4.7.3/armv6-m\libgcc.a(_muldi3.o)
 .ARM.attributes
                0x0000083f       0x2c c:/program files/gnu tools arm embedded/4.7 2013q1/bin/../lib/gcc/arm-none-eabi/4.7.3/armv6-m\libgcc.a(_divdi3.o)
 .ARM.attributes
                0x0000086b       0x2c c:/program files/gnu tools arm embedded/4.7 2013q1/bin/../lib/gcc/arm-none-eabi/4.7.3/armv6-m\libgcc.a(_udivdi3.o)
 .ARM.attributes
                0x00000897       0x2c c:/program files/gnu tools arm embedded/4.7 2013q1/bin/../lib/gcc/arm-none-eabi/4.7.3/../../../../arm-none-eabi/lib/armv6-m\libc.a(lib_a-__atexit.o)
 .ARM.attributes
                0x000008c3       0x2c c:/program files/gnu tools arm embedded/4.7 2013q1/bin/../lib/gcc/arm-none-eabi/4.7.3/../../../../arm-none-eabi/lib/armv6-m\libc.a(lib_a-exit.o)
 .ARM.attributes
                0x000008ef       0x2c c:/program files/gnu tools arm embedded/4.7 2013q1/bin/../lib/gcc/arm-none-eabi/4.7.3/../../../../arm-none-eabi/lib/armv6-m\libc.a(lib_a-fini.o)
 .ARM.attributes
                0x0000091b       0x2c c:/program files/gnu tools arm embedded/4.7 2013q1/bin/../lib/gcc/arm-none-eabi/4.7.3/../../../../arm-none-eabi/lib/armv6-m\libc.a(lib_a-impure.o)
 .ARM.attributes
                0x00000947       0x2c c:/program files/gnu tools arm embedded/4.7 2013q1/bin/../lib/gcc/arm-none-eabi/4.7.3/../../../../arm-none-eabi/lib/armv6-m\libc.a(lib_a-init.o)
 .ARM.attributes
                0x00000973       0x2c c:/program files/gnu tools arm embedded/4.7 2013q1/bin/../lib/gcc/arm-none-eabi/4.7.3/../../../../arm-none-eabi/lib/armv6-m\libc.a(lib_a-memcmp.o)
 .ARM.attributes
                0x0000099f       0x2c c:/program files/gnu tools arm embedded/4.7 2013q1/bin/../lib/gcc/arm-none-eabi/4.7.3/../../../../arm-none-eabi/lib/armv6-m\libc.a(lib_a-memcpy.o)
 .ARM.attributes
                0x000009cb       0x2c c:/program files/gnu tools arm embedded/4.7 2013q1/bin/../lib/gcc/arm-none-eabi/4.7.3/../../../../arm-none-eabi/lib/armv6-m\libc.a(lib_a-memset.o)
 .ARM.attributes
                0x000009f7       0x2c c:/program files/gnu tools arm embedded/4.7 2013q1/bin/../lib/gcc/arm-none-eabi/4.7.3/../../../../arm-none-eabi/lib/armv6-m\libc.a(lib_a-strlen.o)
 .ARM.attributes
                0x00000a23       0x2c c:/program files/gnu tools arm embedded/4.7 2013q1/bin/../lib/gcc/arm-none-eabi/4.7.3/../../../../arm-none-eabi/lib/armv6-m\libc.a(lib_a-__call_atexit.o)
 .ARM.attributes
                0x00000a4f       0x1e c:/program files/gnu tools arm embedded/4.7 2013q1/bin/../lib/gcc/arm-none-eabi/4.7.3/armv6-m/crtn.o
 .ARM.attributes
                0x00000a6d       0x2c c:/program files/gnu tools arm embedded/4.7 2013q1/bin/../lib/gcc/arm-none-eabi/4.7.3/../../../../arm-none-eabi/lib/armv6-m\libnosys.a(_exit.o)

.comment        0x00000000       0x70
 .comment       0x00000000       0x70 _build/main.o
                                 0x71 (size before relaxing)
 .comment       0x00000000       0x71 _build/ble_ido.o
 .comment       0x00000000       0x71 _build/ble_bas.o
 .comment       0x00000000       0x71 _build/ble_dis.o
 .comment       0x00000000       0x71 _build/ble_dfu.o
 .comment       0x00000000       0x71 _build/ble_acc.o
 .comment       0x00000000       0x71 _build/ble_time.o
 .comment       0x00000000       0x71 _build/ble_memdump.o
 .comment       0x00000000       0x71 _build/ble_srv_common.o
 .comment       0x00000000       0x71 _build/ble_advdata.o
 .comment       0x00000000       0x71 _build/softdevice_handler.o
 .comment       0x00000000       0x71 _build/ble_conn_params.o
 .comment       0x00000000       0x71 _build/app_timer.o
 .comment       0x00000000       0x71 _build/spi_master.o
 .comment       0x00000000       0x71 _build/app_scheduler.o
 .comment       0x00000000       0x71 _build/UTCtime_convert.o
 .comment       0x00000000       0x71 _build/temp_service.o
 .comment       0x00000000       0x71 _build/acc_service.o
 .comment       0x00000000       0x71 _build/temp_state.o
 .comment       0x00000000       0x71 _build/cmd_buffer.o
 .comment       0x00000000       0x71 _build/ble_radio_notification.o
 .comment       0x00000000       0x71 _build/recorder.o
 .comment       0x00000000       0x71 _build/flash_helper.o
 .comment       0x00000000       0x71 _build/persistent.o
 .comment       0x00000000       0x71 _build/battery.o
 .comment       0x00000000       0x71 _build/bootloader_util_gcc.o
 .comment       0x00000000       0x71 _build/dfu_app_handler.o
 .comment       0x00000000       0x71 _build/ble_flash.o
 .comment       0x00000000       0x71 _build/ble_qodome_public.o
 .comment       0x00000000       0x71 _build/pwrmgmt.o
 .comment       0x00000000       0x71 _build/app_gpiote.o
 .comment       0x00000000       0x71 _build/system_nrf51.o

.debug_info     0x00000000    0x49625
 .debug_info    0x00000000     0x58e2 _build/main.o
 .debug_info    0x000058e2     0x3423 _build/ble_ido.o
 .debug_info    0x00008d05     0x2d1a _build/ble_bas.o
 .debug_info    0x0000ba1f     0x17fa _build/ble_dis.o
 .debug_info    0x0000d219     0x3036 _build/ble_dfu.o
 .debug_info    0x0001024f     0x3c33 _build/ble_acc.o
 .debug_info    0x00013e82     0x31b5 _build/ble_time.o
 .debug_info    0x00017037     0x2b9c _build/ble_memdump.o
 .debug_info    0x00019bd3      0xaab _build/ble_srv_common.o
 .debug_info    0x0001a67e     0x2290 _build/ble_advdata.o
 .debug_info    0x0001c90e     0x3941 _build/softdevice_handler.o
 .debug_info    0x0002024f     0x2d5a _build/ble_conn_params.o
 .debug_info    0x00022fa9     0x19ce _build/app_timer.o
 .debug_info    0x00024977     0x16c0 _build/spi_master.o
 .debug_info    0x00026037     0x142a _build/app_scheduler.o
 .debug_info    0x00027461      0x245 _build/UTCtime_convert.o
 .debug_info    0x000276a6     0x32ae _build/temp_service.o
 .debug_info    0x0002a954     0x3d95 _build/acc_service.o
 .debug_info    0x0002e6e9     0x1efd _build/temp_state.o
 .debug_info    0x000305e6     0x2b55 _build/cmd_buffer.o
 .debug_info    0x0003313b      0xf27 _build/ble_radio_notification.o
 .debug_info    0x00034062     0x309a _build/recorder.o
 .debug_info    0x000370fc     0x2c6d _build/flash_helper.o
 .debug_info    0x00039d69     0x3025 _build/persistent.o
 .debug_info    0x0003cd8e     0x2c1f _build/battery.o
 .debug_info    0x0003f9ad      0x247 _build/bootloader_util_gcc.o
 .debug_info    0x0003fbf4     0x2f05 _build/dfu_app_handler.o
 .debug_info    0x00042af9     0x1515 _build/ble_flash.o
 .debug_info    0x0004400e     0x2aa7 _build/ble_qodome_public.o
 .debug_info    0x00046ab5     0x1eb3 _build/pwrmgmt.o
 .debug_info    0x00048968      0xa3d _build/app_gpiote.o
 .debug_info    0x000493a5      0x1c9 _build/system_nrf51.o
 .debug_info    0x0004956e       0xb7 _build/gcc_startup_nrf51.o

.debug_abbrev   0x00000000     0x558c
 .debug_abbrev  0x00000000      0x3e5 _build/main.o
 .debug_abbrev  0x000003e5      0x366 _build/ble_ido.o
 .debug_abbrev  0x0000074b      0x303 _build/ble_bas.o
 .debug_abbrev  0x00000a4e      0x260 _build/ble_dis.o
 .debug_abbrev  0x00000cae      0x30e _build/ble_dfu.o
 .debug_abbrev  0x00000fbc      0x347 _build/ble_acc.o
 .debug_abbrev  0x00001303      0x3bf _build/ble_time.o
 .debug_abbrev  0x000016c2      0x2fa _build/ble_memdump.o
 .debug_abbrev  0x000019bc      0x1ad _build/ble_srv_common.o
 .debug_abbrev  0x00001b69      0x2bb _build/ble_advdata.o
 .debug_abbrev  0x00001e24      0x32a _build/softdevice_handler.o
 .debug_abbrev  0x0000214e      0x2be _build/ble_conn_params.o
 .debug_abbrev  0x0000240c      0x34d _build/app_timer.o
 .debug_abbrev  0x00002759      0x222 _build/spi_master.o
 .debug_abbrev  0x0000297b      0x24d _build/app_scheduler.o
 .debug_abbrev  0x00002bc8      0x10b _build/UTCtime_convert.o
 .debug_abbrev  0x00002cd3      0x316 _build/temp_service.o
 .debug_abbrev  0x00002fe9      0x344 _build/acc_service.o
 .debug_abbrev  0x0000332d      0x2b9 _build/temp_state.o
 .debug_abbrev  0x000035e6      0x295 _build/cmd_buffer.o
 .debug_abbrev  0x0000387b      0x18c _build/ble_radio_notification.o
 .debug_abbrev  0x00003a07      0x3d8 _build/recorder.o
 .debug_abbrev  0x00003ddf      0x2db _build/flash_helper.o
 .debug_abbrev  0x000040ba      0x2d6 _build/persistent.o
 .debug_abbrev  0x00004390      0x2d8 _build/battery.o
 .debug_abbrev  0x00004668       0xf9 _build/bootloader_util_gcc.o
 .debug_abbrev  0x00004761      0x2f9 _build/dfu_app_handler.o
 .debug_abbrev  0x00004a5a      0x22c _build/ble_flash.o
 .debug_abbrev  0x00004c86      0x2d1 _build/ble_qodome_public.o
 .debug_abbrev  0x00004f57      0x30d _build/pwrmgmt.o
 .debug_abbrev  0x00005264      0x230 _build/app_gpiote.o
 .debug_abbrev  0x00005494       0xe4 _build/system_nrf51.o
 .debug_abbrev  0x00005578       0x14 _build/gcc_startup_nrf51.o

.debug_loc      0x00000000     0x4d1e
 .debug_loc     0x00000000      0x7d0 _build/main.o
 .debug_loc     0x000007d0      0x4de _build/ble_ido.o
 .debug_loc     0x00000cae      0x1fa _build/ble_bas.o
 .debug_loc     0x00000ea8      0x11c _build/ble_dis.o
 .debug_loc     0x00000fc4      0x384 _build/ble_dfu.o
 .debug_loc     0x00001348      0x234 _build/ble_acc.o
 .debug_loc     0x0000157c      0x3f0 _build/ble_time.o
 .debug_loc     0x0000196c      0x1f0 _build/ble_memdump.o
 .debug_loc     0x00001b5c       0x70 _build/ble_srv_common.o
 .debug_loc     0x00001bcc      0x34a _build/ble_advdata.o
 .debug_loc     0x00001f16      0x1c0 _build/softdevice_handler.o
 .debug_loc     0x000020d6      0x268 _build/ble_conn_params.o
 .debug_loc     0x0000233e      0x528 _build/app_timer.o
 .debug_loc     0x00002866      0x230 _build/spi_master.o
 .debug_loc     0x00002a96      0x1c0 _build/app_scheduler.o
 .debug_loc     0x00002c56       0xa8 _build/UTCtime_convert.o
 .debug_loc     0x00002cfe      0x376 _build/temp_service.o
 .debug_loc     0x00003074      0x1e6 _build/acc_service.o
 .debug_loc     0x0000325a      0x20c _build/temp_state.o
 .debug_loc     0x00003466      0x144 _build/cmd_buffer.o
 .debug_loc     0x000035aa       0x64 _build/ble_radio_notification.o
 .debug_loc     0x0000360e      0x59e _build/recorder.o
 .debug_loc     0x00003bac      0x250 _build/flash_helper.o
 .debug_loc     0x00003dfc      0x22a _build/persistent.o
 .debug_loc     0x00004026       0xf4 _build/battery.o
 .debug_loc     0x0000411a       0xe0 _build/bootloader_util_gcc.o
 .debug_loc     0x000041fa      0x144 _build/dfu_app_handler.o
 .debug_loc     0x0000433e      0x26a _build/ble_flash.o
 .debug_loc     0x000045a8      0x18a _build/ble_qodome_public.o
 .debug_loc     0x00004732      0x29c _build/pwrmgmt.o
 .debug_loc     0x000049ce      0x2a0 _build/app_gpiote.o
 .debug_loc     0x00004c6e       0xb0 _build/system_nrf51.o

.debug_aranges  0x00000000     0x4c50
 .debug_aranges
                0x00000000      0x4a0 _build/main.o
 .debug_aranges
                0x000004a0      0x278 _build/ble_ido.o
 .debug_aranges
                0x00000718      0x210 _build/ble_bas.o
 .debug_aranges
                0x00000928      0x158 _build/ble_dis.o
 .debug_aranges
                0x00000a80      0x248 _build/ble_dfu.o
 .debug_aranges
                0x00000cc8      0x3d0 _build/ble_acc.o
 .debug_aranges
                0x00001098      0x260 _build/ble_time.o
 .debug_aranges
                0x000012f8      0x210 _build/ble_memdump.o
 .debug_aranges
                0x00001508       0xd0 _build/ble_srv_common.o
 .debug_aranges
                0x000015d8      0x240 _build/ble_advdata.o
 .debug_aranges
                0x00001818      0x3c0 _build/softdevice_handler.o
 .debug_aranges
                0x00001bd8      0x220 _build/ble_conn_params.o
 .debug_aranges
                0x00001df8      0x270 _build/app_timer.o
 .debug_aranges
                0x00002068      0x200 _build/spi_master.o
 .debug_aranges
                0x00002268      0x1f0 _build/app_scheduler.o
 .debug_aranges
                0x00002458       0x30 _build/UTCtime_convert.o
 .debug_aranges
                0x00002488      0x400 _build/temp_service.o
 .debug_aranges
                0x00002888      0x3c8 _build/acc_service.o
 .debug_aranges
                0x00002c50      0x218 _build/temp_state.o
 .debug_aranges
                0x00002e68      0x390 _build/cmd_buffer.o
 .debug_aranges
                0x000031f8      0x1c0 _build/ble_radio_notification.o
 .debug_aranges
                0x000033b8      0x298 _build/recorder.o
 .debug_aranges
                0x00003650      0x3b8 _build/flash_helper.o
 .debug_aranges
                0x00003a08      0x3b0 _build/persistent.o
 .debug_aranges
                0x00003db8      0x3a8 _build/battery.o
 .debug_aranges
                0x00004160       0x38 _build/bootloader_util_gcc.o
 .debug_aranges
                0x00004198      0x3b0 _build/dfu_app_handler.o
 .debug_aranges
                0x00004548      0x208 _build/ble_flash.o
 .debug_aranges
                0x00004750      0x200 _build/ble_qodome_public.o
 .debug_aranges
                0x00004950      0x230 _build/pwrmgmt.o
 .debug_aranges
                0x00004b80       0x78 _build/app_gpiote.o
 .debug_aranges
                0x00004bf8       0x38 _build/system_nrf51.o
 .debug_aranges
                0x00004c30       0x20 _build/gcc_startup_nrf51.o

.debug_ranges   0x00000000     0x4a30
 .debug_ranges  0x00000000      0x490 _build/main.o
 .debug_ranges  0x00000490      0x268 _build/ble_ido.o
 .debug_ranges  0x000006f8      0x200 _build/ble_bas.o
 .debug_ranges  0x000008f8      0x148 _build/ble_dis.o
 .debug_ranges  0x00000a40      0x238 _build/ble_dfu.o
 .debug_ranges  0x00000c78      0x3c0 _build/ble_acc.o
 .debug_ranges  0x00001038      0x250 _build/ble_time.o
 .debug_ranges  0x00001288      0x200 _build/ble_memdump.o
 .debug_ranges  0x00001488       0xc0 _build/ble_srv_common.o
 .debug_ranges  0x00001548      0x230 _build/ble_advdata.o
 .debug_ranges  0x00001778      0x3b0 _build/softdevice_handler.o
 .debug_ranges  0x00001b28      0x210 _build/ble_conn_params.o
 .debug_ranges  0x00001d38      0x260 _build/app_timer.o
 .debug_ranges  0x00001f98      0x1f0 _build/spi_master.o
 .debug_ranges  0x00002188      0x1e0 _build/app_scheduler.o
 .debug_ranges  0x00002368       0x20 _build/UTCtime_convert.o
 .debug_ranges  0x00002388      0x3f0 _build/temp_service.o
 .debug_ranges  0x00002778      0x3b8 _build/acc_service.o
 .debug_ranges  0x00002b30      0x208 _build/temp_state.o
 .debug_ranges  0x00002d38      0x380 _build/cmd_buffer.o
 .debug_ranges  0x000030b8      0x1b0 _build/ble_radio_notification.o
 .debug_ranges  0x00003268      0x288 _build/recorder.o
 .debug_ranges  0x000034f0      0x3a8 _build/flash_helper.o
 .debug_ranges  0x00003898      0x3a0 _build/persistent.o
 .debug_ranges  0x00003c38      0x398 _build/battery.o
 .debug_ranges  0x00003fd0       0x28 _build/bootloader_util_gcc.o
 .debug_ranges  0x00003ff8      0x3a0 _build/dfu_app_handler.o
 .debug_ranges  0x00004398      0x1f8 _build/ble_flash.o
 .debug_ranges  0x00004590      0x1f0 _build/ble_qodome_public.o
 .debug_ranges  0x00004780      0x220 _build/pwrmgmt.o
 .debug_ranges  0x000049a0       0x68 _build/app_gpiote.o
 .debug_ranges  0x00004a08       0x28 _build/system_nrf51.o

.debug_line     0x00000000     0xf29b
 .debug_line    0x00000000     0x101f _build/main.o
 .debug_line    0x0000101f      0x8dd _build/ble_ido.o
 .debug_line    0x000018fc      0x6f3 _build/ble_bas.o
 .debug_line    0x00001fef      0x523 _build/ble_dis.o
 .debug_line    0x00002512      0x7d0 _build/ble_dfu.o
 .debug_line    0x00002ce2      0xae6 _build/ble_acc.o
 .debug_line    0x000037c8      0x7e7 _build/ble_time.o
 .debug_line    0x00003faf      0x657 _build/ble_memdump.o
 .debug_line    0x00004606      0x2b6 _build/ble_srv_common.o
 .debug_line    0x000048bc      0x79e _build/ble_advdata.o
 .debug_line    0x0000505a      0xa6e _build/softdevice_handler.o
 .debug_line    0x00005ac8      0x700 _build/ble_conn_params.o
 .debug_line    0x000061c8      0x831 _build/app_timer.o
 .debug_line    0x000069f9      0x651 _build/spi_master.o
 .debug_line    0x0000704a      0x66e _build/app_scheduler.o
 .debug_line    0x000076b8      0x1f0 _build/UTCtime_convert.o
 .debug_line    0x000078a8      0xc05 _build/temp_service.o
 .debug_line    0x000084ad      0xb50 _build/acc_service.o
 .debug_line    0x00008ffd      0x6aa _build/temp_state.o
 .debug_line    0x000096a7      0x9b5 _build/cmd_buffer.o
 .debug_line    0x0000a05c      0x4bd _build/ble_radio_notification.o
 .debug_line    0x0000a519      0xa8d _build/recorder.o
 .debug_line    0x0000afa6      0xa62 _build/flash_helper.o
 .debug_line    0x0000ba08      0xb09 _build/persistent.o
 .debug_line    0x0000c511      0x9a2 _build/battery.o
 .debug_line    0x0000ceb3      0x14e _build/bootloader_util_gcc.o
 .debug_line    0x0000d001      0xade _build/dfu_app_handler.o
 .debug_line    0x0000dadf      0x614 _build/ble_flash.o
 .debug_line    0x0000e0f3      0x60c _build/ble_qodome_public.o
 .debug_line    0x0000e6ff      0x6e4 _build/pwrmgmt.o
 .debug_line    0x0000ede3      0x2ce _build/app_gpiote.o
 .debug_line    0x0000f0b1      0x15e _build/system_nrf51.o
 .debug_line    0x0000f20f       0x8c _build/gcc_startup_nrf51.o

.debug_str      0x00000000     0x8101
 .debug_str     0x00000000     0x425a _build/main.o
                               0x4651 (size before relaxing)
 .debug_str     0x0000425a      0x46d _build/ble_ido.o
                               0x24cd (size before relaxing)
 .debug_str     0x000046c7       0x97 _build/ble_bas.o
                               0x21ee (size before relaxing)
 .debug_str     0x0000475e      0x143 _build/ble_dis.o
                               0x11ea (size before relaxing)
 .debug_str     0x000048a1      0x3de _build/ble_dfu.o
                               0x2551 (size before relaxing)
 .debug_str     0x00004c7f       0xca _build/ble_acc.o
                               0x310b (size before relaxing)
 .debug_str     0x00004d49      0x271 _build/ble_time.o
                               0x23b0 (size before relaxing)
 .debug_str     0x00004fba       0xdd _build/ble_memdump.o
                               0x2067 (size before relaxing)
 .debug_str     0x00005097       0x6c _build/ble_srv_common.o
                                0x8f2 (size before relaxing)
 .debug_str     0x00005103      0x243 _build/ble_advdata.o
                               0x195b (size before relaxing)
 .debug_str     0x00005346      0x1e7 _build/softdevice_handler.o
                               0x2e8f (size before relaxing)
 .debug_str     0x0000552d      0x1a4 _build/ble_conn_params.o
                               0x2242 (size before relaxing)
 .debug_str     0x000056d1      0x3c9 _build/app_timer.o
                               0x15be (size before relaxing)
 .debug_str     0x00005a9a      0x477 _build/spi_master.o
                               0x1544 (size before relaxing)
 .debug_str     0x00005f11      0x1b2 _build/app_scheduler.o
                               0x12db (size before relaxing)
 .debug_str     0x000060c3       0x6e _build/UTCtime_convert.o
                                0x1f7 (size before relaxing)
 .debug_str     0x00006131      0x25e _build/temp_service.o
                               0x2aec (size before relaxing)
 .debug_str     0x0000638f      0x229 _build/acc_service.o
                               0x30d2 (size before relaxing)
 .debug_str     0x000065b8      0x251 _build/temp_state.o
                               0x1769 (size before relaxing)
 .debug_str     0x00006809       0xfe _build/cmd_buffer.o
                               0x24d7 (size before relaxing)
 .debug_str     0x00006907      0x14f _build/ble_radio_notification.o
                               0x1114 (size before relaxing)
 .debug_str     0x00006a56      0x75f _build/recorder.o
                               0x20a9 (size before relaxing)
 .debug_str     0x000071b5      0x1e5 _build/flash_helper.o
                               0x268c (size before relaxing)
 .debug_str     0x0000739a      0x20f _build/persistent.o
                               0x26ef (size before relaxing)
 .debug_str     0x000075a9      0x131 _build/battery.o
                               0x2648 (size before relaxing)
 .debug_str     0x000076da      0x1af _build/bootloader_util_gcc.o
                                0x305 (size before relaxing)
 .debug_str     0x00007889      0x113 _build/dfu_app_handler.o
                               0x299a (size before relaxing)
 .debug_str     0x0000799c      0x1d7 _build/ble_flash.o
                               0x12c2 (size before relaxing)
 .debug_str     0x00007b73       0xbe _build/ble_qodome_public.o
                               0x1fd8 (size before relaxing)
 .debug_str     0x00007c31      0x1bf _build/pwrmgmt.o
                               0x17f7 (size before relaxing)
 .debug_str     0x00007df0      0x231 _build/app_gpiote.o
                                0x6a4 (size before relaxing)
 .debug_str     0x00008021       0xe0 _build/system_nrf51.o
                                0x23a (size before relaxing)

.debug_frame    0x00000000     0xae90
 .debug_frame   0x00000000      0xb5c _build/main.o
 .debug_frame   0x00000b5c      0x630 _build/ble_ido.o
 .debug_frame   0x0000118c      0x490 _build/ble_bas.o
 .debug_frame   0x0000161c      0x2e4 _build/ble_dis.o
 .debug_frame   0x00001900      0x570 _build/ble_dfu.o
 .debug_frame   0x00001e70      0x820 _build/ble_acc.o
 .debug_frame   0x00002690      0x5bc _build/ble_time.o
 .debug_frame   0x00002c4c      0x48c _build/ble_memdump.o
 .debug_frame   0x000030d8      0x1a0 _build/ble_srv_common.o
 .debug_frame   0x00003278      0x550 _build/ble_advdata.o
 .debug_frame   0x000037c8      0x7e0 _build/softdevice_handler.o
 .debug_frame   0x00003fa8      0x4d0 _build/ble_conn_params.o
 .debug_frame   0x00004478      0x63c _build/app_timer.o
 .debug_frame   0x00004ab4      0x480 _build/spi_master.o
 .debug_frame   0x00004f34      0x440 _build/app_scheduler.o
 .debug_frame   0x00005374       0x70 _build/UTCtime_convert.o
 .debug_frame   0x000053e4      0x8e0 _build/temp_service.o
 .debug_frame   0x00005cc4      0x7f8 _build/acc_service.o
 .debug_frame   0x000064bc      0x4a8 _build/temp_state.o
 .debug_frame   0x00006964      0x75c _build/cmd_buffer.o
 .debug_frame   0x000070c0      0x37c _build/ble_radio_notification.o
 .debug_frame   0x0000743c      0x6b0 _build/recorder.o
 .debug_frame   0x00007aec      0x7fc _build/flash_helper.o
 .debug_frame   0x000082e8      0x7dc _build/persistent.o
 .debug_frame   0x00008ac4      0x774 _build/battery.o