<html>
<body>
<pre>
<h1>µVision Build Log</h1>
<h2>Project:</h2>
D:\DA14580 development kit\DA1458x_SDK_3.0.6-initiative\DA1458x_SDK_3.0.6\dk_apps\keil_projects\throughput_eval\throughput_eval_peripheral_fh\fh_project_throughput_eval_peripheral.uvproj
Project File Date:  01/26/2015

<h2>Output:</h2>
Build target 'Full_emb_cortex_M0'
compiling app_throughput_peripheral_proj.c...
..\..\..\src\modules\app\src\app_project\throughput_eval_peripheral_fh\app_throughput_peripheral_proj.c(1207): warning:  #177-D: variable "ecg_data_length" was declared but never referenced
      uint32_t ecg_data_length = 200;  
..\..\..\src\modules\app\src\app_project\throughput_eval_peripheral_fh\app_throughput_peripheral_proj.c: 1 warning, 0 errors
linking...
Program Size: Code=15616 RO-data=1804 RW-data=36 ZI-data=8496  
FromELF: creating hex file...
".\out\full_emb_sysram.axf" - 0 Error(s), 1 Warning(s).
reamdatad_task.c: 2 warnings, 0 errors
compiling app_throughput_peripheral_proj.c...
..\..\..\src\modules\app\src\app_project\throughput_eval_peripheral_fh\app_throughput_peripheral_proj.c(1207): warning:  #177-D: variable "ecg_data_length" was declared but never referenced
      uint32_t ecg_data_length = 200;  
..\..\..\src\modules\app\src\app_project\throughput_eval_peripheral_fh\app_throughput_peripheral_proj.c: 1 warning, 0 errors
linking...
Program Size: Code=15612 RO-data=1804 RW-data=36 ZI-data=8496  
FromELF: creating hex file...
".\out\full_emb_sysram.axf" - 0 Error(s), 3 Warning(s).
b_sysram.axf" - 0 Error(s), 3 Warning(s).
streamdatad.c...
compiling app_streamdatad_task.c...
compiling app_stream_queue.c...
linking...
Program Size: Code=16268 RO-data=1804 RW-data=40 ZI-data=13504  
FromELF: creating hex file...
".\out\full_emb_sysram.axf" - 0 Error(s), 3 Warning(s).
2 Error(s), 3 Warning(s).
Target not created
