<html>
<body>
<pre>
<h1>µVision Build Log</h1>
<h2>Project:</h2>
D:\Github\Firmware\iMo\IM14BEA_dialog\DA1458x_SDK_3.0.6-initiative\DA1458x_SDK_3.0.6\dk_apps\keil_projects\throughput_eval\throughput_eval_peripheral_fh\fh_project_throughput_eval_peripheral.uvproj
Project File Date:  03/05/2015

<h2>Output:</h2>
Build target 'Full_emb_cortex_M0'
compiling gpio.c...
..\..\..\src\plf\refip\src\driver\gpio\gpio.c(59): warning:  #1215-D: #warning directive: "GPIO assignment checking is active! Deactivate before burning OTP..."
  #warning "GPIO assignment checking is active! Deactivate before burning OTP..."
..\..\..\src\plf\refip\src\driver\gpio\gpio.c: 1 warning, 0 errors
compiling streamdatad_task.c...
..\..\..\src\ip\ble\hl\src\profiles\streamdata\streamdatad\streamdatad_task.c(337): warning:  #177-D: variable "nr_buffers_available" was declared but never referenced
        uint16_t nr_buffers_available;
..\..\..\src\ip\ble\hl\src\profiles\streamdata\streamdatad\streamdatad_task.c(474): warning:  #177-D: function "gattc_cmp_evt_handler" was declared but never referenced
  static int gattc_cmp_evt_handler(ke_msg_id_t const msgid,  struct gattc_cmp_evt const *param,
..\..\..\src\ip\ble\hl\src\profiles\streamdata\streamdatad\streamdatad_task.c: 2 warnings, 0 errors
compiling app_throughput_peripheral_proj.c...
linking...
Program Size: Code=17196 RO-data=1804 RW-data=40 ZI-data=9472  
FromELF: creating hex file...
".\out\full_emb_sysram.axf" - 0 Error(s), 3 Warning(s).
c...
compiling app_throughput_peripheral_proj.c...
compiling app_streamdatad.c...
compiling app_streamdatad_task.c...
compiling app_stream_queue.c...
linking...
Program Size: Code=17196 RO-data=1804 RW-data=40 ZI-data=9472  
FromELF: creating hex file...
".\out\full_emb_sysram.axf" - 0 Error(s), 3 Warning(s).
.
compiling blpc.c...
compiling blpc_task.c...
compiling blps.c...
compiling blps_task.c...
compiling disc.c...
compiling disc_task.c...
compiling diss.c...
compiling diss_task.c...
compiling findt.c...
compiling findt_task.c...
compiling hogpbh.c...
compiling hogpbh_task.c...
compiling hogpd.c...
compiling hogpd_task.c...
compiling hogprh.c...
compiling hogprh_task.c...
compiling hrpc.c...
compiling hrpc_task.c...
compiling hrps.c...
compiling hrps_task.c...
compiling htpc.c...
compiling htpc_task.c...
compiling htpt.c...
compiling htpt_task.c...
compiling proxm.c...
compiling proxm_task.c...
compiling proxr.c...
compiling proxr_task.c...
compiling scppc.c...
compiling scppc_task.c...
compiling scpps.c...
compiling scpps_task.c...
compiling prf_utils.c...
compiling anpc.c...
compiling anpc_task.c...
compiling anps.c...
compiling anps_task.c...
compiling cscpc.c...
compiling cscpc_task.c...
compiling cscps.c...
compiling cscps_task.c...
compiling glpc.c...
compiling glpc_task.c...
compiling glps.c...
compiling glps_task.c...
compiling paspc.c...
compiling paspc_task.c...
compiling pasps.c...
compiling pasps_task.c...
compiling rscpc.c...
compiling rscpc_task.c...
compiling rscps.c...
compiling rscps_task.c...
compiling tipc.c...
compiling tipc_task.c...
compiling tips.c...
compiling tips_task.c...
compiling findl.c...
compiling findl_task.c...
compiling streamdatah.c...
compiling streamdatah_task.c...
compiling streamdatad.c...
compiling streamdatad_task.c...
..\..\..\src\ip\ble\hl\src\profiles\streamdata\streamdatad\streamdatad_task.c(337): warning:  #177-D: variable "nr_buffers_available" was declared but never referenced
        uint16_t nr_buffers_available;
..\..\..\src\ip\ble\hl\src\profiles\streamdata\streamdatad\streamdatad_task.c(474): warning:  #177-D: function "gattc_cmp_evt_handler" was declared but never referenced
  static int gattc_cmp_evt_handler(ke_msg_id_t const msgid,  struct gattc_cmp_evt const *param,
..\..\..\src\ip\ble\hl\src\profiles\streamdata\streamdatad\streamdatad_task.c: 2 warnings, 0 errors
compiling app.c...
compiling app_sec.c...
compiling app_sec_task.c...
compiling app_task.c...
compiling app_throughput_peripheral_proj.c...
compiling app_streamdatad.c...
compiling app_streamdatad_task.c...
compiling app_stream_queue.c...
linking...
.\out\full_emb_sysram.axf: Error: L6218E: Undefined symbol set_tmr_enable (referred from app_throughput_peripheral_proj.o).
.\out\full_emb_sysram.axf: Error: L6218E: Undefined symbol timer0_enable_irq (referred from app_throughput_peripheral_proj.o).
.\out\full_emb_sysram.axf: Error: L6218E: Undefined symbol timer0_init (referred from app_throughput_peripheral_proj.o).
.\out\full_emb_sysram.axf: Error: L6218E: Undefined symbol timer0_register_callback (referred from app_throughput_peripheral_proj.o).
.\out\full_emb_sysram.axf: Error: L6218E: Undefined symbol timer0_set (referred from app_throughput_peripheral_proj.o).
.\out\full_emb_sysram.axf: Error: L6218E: Undefined symbol timer0_start (referred from app_throughput_peripheral_proj.o).
Not enough information to produce a SYMDEFs file.
Not enough information to list image symbols.
Finished: 2 information, 0 warning and 6 error messages.
".\out\full_emb_sysram.axf" - 6 Error(s), 5 Warning(s).
Target not created
ripheral_fh\app_throughput_peripheral_proj.c(1438): warning:  #223-D: function "timer0_set" declared implicitly
      timer0_set(3000, 1500, 1500);
..\..\..\src\modules\app\src\app_project\throughput_eval_peripheral_fh\app_throughput_peripheral_proj.c(1441): warning:  #223-D: function "timer0_register_callback" declared implicitly
      timer0_register_callback(ble_acc_timer_callback);
..\..\..\src\modules\app\src\app_project\throughput_eval_peripheral_fh\app_throughput_peripheral_proj.c(1444): warning:  #223-D: function "timer0_enable_irq" declared implicitly
      timer0_enable_irq();
..\..\..\src\modules\app\src\app_project\throughput_eval_peripheral_fh\app_throughput_peripheral_proj.c(1447): warning:  #223-D: function "timer0_start" declared implicitly
      timer0_start();
..\..\..\src\modules\app\src\app_project\throughput_eval_peripheral_fh\app_throughput_peripheral_proj.c: 8 warnings, 11 errors
compiling app_streamdatad.c...
compiling app_streamdatad_task.c...
compiling app_stream_queue.c...
".\out\full_emb_sysram.axf" - 11 Error(s), 11 Warning(s).
Target not created
