ARM Linker, 5.03 [Build 76] [MDK-ARM Standard]

==============================================================================

Section Cross References

    boot_vectors.o(RESET) refers to boot_vectors.o(STACK) for __initial_sp
    boot_vectors.o(RESET) refers to boot_vectors.o(.text) for Reset_Handler
    boot_vectors.o(RESET) refers to rwble.o(.text) for BLE_WAKEUP_LP_Handler
    boot_vectors.o(RESET) refers to pwm.o(.text) for SWTIM_Handler
    boot_vectors.o(RESET) refers to wkupct_quadec.o(.text) for WKUP_QUADEC_Handler
    boot_vectors.o(RESET) refers to gpio.o(.text) for GPIO0_Handler
    boot_vectors.o(.text) refers to system_armcm0.o(.text) for SystemInit
    boot_vectors.o(.text) refers to entry.o(.ARM.Collect$$$$00000000) for __main
    boot_vectors.o(.text) refers to nmi_handler.o(.text) for NMI_HandlerC
    boot_vectors.o(.text) refers to hardfault_handler.o(.text) for HardFault_HandlerC
    boot_vectors.o(.text) refers to arch_main.o(.text) for SVC_Handler_c
    arch_main.o(.text) refers to arch_system.o(.text) for set_sleep_delay
    arch_main.o(.text) refers to gpio.o(i.GPIO_init) for GPIO_init
    arch_main.o(.text) refers to periph_setup.o(.text) for periph_init
    arch_main.o(.text) refers to nvds.o(.text) for nvds_read_bdaddr_from_otp
    arch_main.o(.text) refers to rf_580.o(.text) for iq_trim_from_otp
    arch_main.o(.text) refers to arch_sleep.o(.text) for app_disable_sleep
    arch_main.o(.text) refers to app.o(.text) for app_init
    arch_main.o(.text) refers to app_stream_queue.o(.text) for stream_fifo_init
    arch_main.o(.text) refers to app_throughput_peripheral_proj.o(.text) for app_ecg_enable
    arch_main.o(.text) refers to gpio.o(i.GPIO_ConfigurePin) for GPIO_ConfigurePin
    arch_main.o(.text) refers to gpio.o(i.GPIO_SetActive) for GPIO_SetActive
    arch_main.o(.text) refers to rwip.o(.text) for rwip_sleep
    arch_main.o(.text) refers to arch_main.o(.data) for .data
    arch_main.o(.text) refers to arch_main.o(.constdata) for .constdata
    arch_main.o(.text) refers to arch_main.o(retention_mem_area0) for retention_mem_area0
    arch_main.o(.text) refers to arch_main.o(BLE_exchange_memory) for BLE_exchange_memory
    arch_main.o(.text) refers to arch_system.o(retention_mem_area0) for lp_clk_sel
    arch_main.o(.text) refers to gpio.o(.bss) for GPIO
    arch_main.o(.text) refers to app_stream_queue.o(.bss) for global_metrics_tosend
    arch_main.o(.text) refers to jump_table.o(jump_table_mem_area) for jump_table_base
    arch_main.o(.constdata) refers to arch_main.o(.text) for my_gtl_msg_send_handler
    arch_main.o(.constdata) refers to arch_main.o(.text) for cmp_abs_time
    arch_main.o(.constdata) refers to atts_task.obj(.text) for l2cc_pdu_recv_ind_handler
    arch_main.o(.constdata) refers to smpc.obj(.text) for smpc_send_pairing_req_ind
    arch_main.o(.constdata) refers to smpc_task.obj(.text) for smpc_pairing_cfm_handler
    arch_main.o(.constdata) refers to ch_map.obj(.text) for my_llc_con_update_req_ind
    arch_main.o(.constdata) refers to gapm_util.obj(.text) for patched_gapm_adv_op_sanity
    arch_main.o(.data) refers to arch_main.o(.constdata) for my_gtl_default_state
    arch_main.o(.data) refers to arch_main.o(.data) for my_gtl_default_handler
    jump_table.o(jump_table_mem_area) refers to arch_main.o(.text) for main_func
    jump_table.o(jump_table_mem_area) refers to rf_580.o(.text) for rf_init_func
    jump_table.o(jump_table_mem_area) refers to prf_utils.o(.text) for prf_init_func
    jump_table.o(jump_table_mem_area) refers to arch_system.o(.text) for uart_flow_off_func
    jump_table.o(jump_table_mem_area) refers to rwble.o(.text) for lld_sleep_compensate_func_patched
    jump_table.o(jump_table_mem_area) refers to jump_table.o(heap_mem_area_not_ret) for rwip_heap_non_ret
    jump_table.o(jump_table_mem_area) refers to jump_table.o(heap_env_area) for rwip_heap_env_ret
    jump_table.o(jump_table_mem_area) refers to jump_table.o(heap_db_area) for rwip_heap_db_ret
    jump_table.o(jump_table_mem_area) refers to jump_table.o(heap_msg_area) for rwip_heap_msg_ret
    jump_table.o(jump_table_mem_area) refers to ke_task.obj(.text) for ke_task_init_func
    jump_table.o(jump_table_mem_area) refers to nvds.o(.text) for custom_nvds_get_func
    jump_table.o(jump_table_mem_area) refers to arch_main.o(.constdata) for LUT_CFG
    arch_sleep.o(.text) refers to arch_sleep.o(retention_mem_area0) for retention_mem_area0
    arch_sleep.o(.text) refers to rwble.o(retention_mem_area0) for rwble_last_event
    periph_setup.o(.text) refers to gpio.o(i.GPIO_ConfigurePin) for GPIO_ConfigurePin
    periph_setup.o(.text) refers to arch_main.o(.text) for patch_func
    periph_setup.o(.text) refers to gpio.o(.bss) for GPIO
    arch_system.o(.text) refers to ffltui.o(.text) for __aeabi_ui2f
    arch_system.o(.text) refers to fdiv.o(.text) for __aeabi_fdiv
    arch_system.o(.text) refers to fscalb.o(.text) for __ARM_scalbnf
[...]
    ke_malloc                                0x00032215   Thumb Code     0  rom_symdef.txt ABSOLUTE
    ke_free                                  0x000322d7   Thumb Code     0  rom_symdef.txt ABSOLUTE
    ke_msg_alloc                             0x000323b1   Thumb Code     0  rom_symdef.txt ABSOLUTE
    ke_msg_send                              0x000323e1   Thumb Code     0  rom_symdef.txt ABSOLUTE
    ke_msg_send_basic                        0x0003240d   Thumb Code     0  rom_symdef.txt ABSOLUTE
    ke_msg_forward                           0x0003241b   Thumb Code     0  rom_symdef.txt ABSOLUTE
    ke_msg_forward_new_id                    0x00032425   Thumb Code     0  rom_symdef.txt ABSOLUTE
    ke_msg_free                              0x00032435   Thumb Code     0  rom_symdef.txt ABSOLUTE
    ke_queue_extract                         0x00032441   Thumb Code     0  rom_symdef.txt ABSOLUTE
    ke_queue_insert                          0x0003247f   Thumb Code     0  rom_symdef.txt ABSOLUTE
    ke_task_init                             0x0003256d   Thumb Code     0  rom_symdef.txt ABSOLUTE
    ke_task_create                           0x00032587   Thumb Code     0  rom_symdef.txt ABSOLUTE
    ke_task_delete                           0x000325e1   Thumb Code     0  rom_symdef.txt ABSOLUTE
    ke_state_set                             0x00032631   Thumb Code     0  rom_symdef.txt ABSOLUTE
    ke_state_get                             0x000326b3   Thumb Code     0  rom_symdef.txt ABSOLUTE
    ke_msg_discard                           0x000326e3   Thumb Code     0  rom_symdef.txt ABSOLUTE
    ke_msg_save                              0x000326e7   Thumb Code     0  rom_symdef.txt ABSOLUTE
    ke_task_handler_get                      0x000326eb   Thumb Code     0  rom_symdef.txt ABSOLUTE
    ke_timer_init                            0x00032813   Thumb Code     0  rom_symdef.txt ABSOLUTE
    ke_timer_init_func                       0x00032819   Thumb Code     0  rom_symdef.txt ABSOLUTE
    ke_timer_set                             0x00032825   Thumb Code     0  rom_symdef.txt ABSOLUTE
    ke_timer_clear                           0x000328a5   Thumb Code     0  rom_symdef.txt ABSOLUTE
    ke_timer_active                          0x000328fb   Thumb Code     0  rom_symdef.txt ABSOLUTE
    ke_timer_sleep_check                     0x00032921   Thumb Code     0  rom_symdef.txt ABSOLUTE
    ke_time                                  0x0003297d   Thumb Code     0  rom_symdef.txt ABSOLUTE
    nvds_get                                 0x000329d1   Thumb Code     0  rom_symdef.txt ABSOLUTE
    nvds_get_func                            0x000329d7   Thumb Code     0  rom_symdef.txt ABSOLUTE
    nvds_init                                0x00032bcf   Thumb Code     0  rom_symdef.txt ABSOLUTE
    rwble_hl_init                            0x00032be5   Thumb Code     0  rom_symdef.txt ABSOLUTE
    rwble_hl_send_message                    0x00032c0b   Thumb Code     0  rom_symdef.txt ABSOLUTE
    ble_regs_push                            0x00032c0d   Thumb Code     0  rom_symdef.txt ABSOLUTE
    ble_regs_pop                             0x00032c65   Thumb Code     0  rom_symdef.txt ABSOLUTE
    rf_init                                  0x00032cbd   Thumb Code     0  rom_symdef.txt ABSOLUTE
    rf_reinit                                0x00032cc3   Thumb Code     0  rom_symdef.txt ABSOLUTE
    rwip_init                                0x00032ccb   Thumb Code     0  rom_symdef.txt ABSOLUTE
    rwip_reset                               0x00032d8d   Thumb Code     0  rom_symdef.txt ABSOLUTE
    rwip_version                             0x00032db9   Thumb Code     0  rom_symdef.txt ABSOLUTE
    rwip_prevent_sleep_get                   0x00032dc1   Thumb Code     0  rom_symdef.txt ABSOLUTE
    rwip_schedule                            0x00032dc9   Thumb Code     0  rom_symdef.txt ABSOLUTE
    rwip_prevent_sleep_set                   0x00032eb7   Thumb Code     0  rom_symdef.txt ABSOLUTE
    rwip_wakeup                              0x00032edb   Thumb Code     0  rom_symdef.txt ABSOLUTE
    rwip_prevent_sleep_clear                 0x00032eed   Thumb Code     0  rom_symdef.txt ABSOLUTE
    rwip_wakeup_end                          0x00032f11   Thumb Code     0  rom_symdef.txt ABSOLUTE
    rwip_wakeup_delay_set                    0x00032f2f   Thumb Code     0  rom_symdef.txt ABSOLUTE
    rwip_sleep_enable                        0x00032f3f   Thumb Code     0  rom_symdef.txt ABSOLUTE
    rwip_ext_wakeup_enable                   0x00032f47   Thumb Code     0  rom_symdef.txt ABSOLUTE
    rwble_init                               0x00032f71   Thumb Code     0  rom_symdef.txt ABSOLUTE
    rwble_reset                              0x00032fd5   Thumb Code     0  rom_symdef.txt ABSOLUTE
    rwble_version                            0x00033003   Thumb Code     0  rom_symdef.txt ABSOLUTE
    rwble_get_clock                          0x0003302d   Thumb Code     0  rom_symdef.txt ABSOLUTE
    BLE_FINETGTIM_Handler                    0x00033105   Thumb Code     0  rom_symdef.txt ABSOLUTE
    BLE_GROSSTGTIM_Handler                   0x0003310d   Thumb Code     0  rom_symdef.txt ABSOLUTE
    $Super$$BLE_CSCNT_Handler                0x00033115   Thumb Code     0  rom_symdef.txt ABSOLUTE
    BLE_ERROR_Handler                        0x0003318d   Thumb Code     0  rom_symdef.txt ABSOLUTE
    BLE_CRYPT_Handler                        0x000331ad   Thumb Code     0  rom_symdef.txt ABSOLUTE
    func_check_mem                           0x000331eb   Thumb Code     0  rom_symdef.txt ABSOLUTE
    test_rxdone                              0x0003323d   Thumb Code     0  rom_symdef.txt ABSOLUTE
    prf_create                               0x000339fd   Thumb Code     0  rom_symdef.txt ABSOLUTE
    prf_init                                 0x00033a23   Thumb Code     0  rom_symdef.txt ABSOLUTE
    prf_cleanup                              0x00033a2b   Thumb Code     0  rom_symdef.txt ABSOLUTE
    __aeabi_uidiv                            0x00033aa7   Thumb Code     0  rom_symdef.txt ABSOLUTE
    __aeabi_uidivmod                         0x00033aa7   Thumb Code     0  rom_symdef.txt ABSOLUTE
    __aeabi_idiv                             0x00033ad3   Thumb Code     0  rom_symdef.txt ABSOLUTE
    __aeabi_idivmod                          0x00033ad3   Thumb Code     0  rom_symdef.txt ABSOLUTE
    rand                                     0x00033afd   Thumb Code     0  rom_symdef.txt ABSOLUTE
    srand                                    0x00033b0f   Thumb Code     0  rom_symdef.txt ABSOLUTE
    __aeabi_memcpy                           0x00033b21   Thumb Code     0  rom_symdef.txt ABSOLUTE
    __aeabi_memcpy4                          0x00033b21   Thumb Code     0  rom_symdef.txt ABSOLUTE
    __aeabi_memcpy8                          0x00033b21   Thumb Code     0  rom_symdef.txt ABSOLUTE
    __aeabi_memset                           0x00033b45   Thumb Code     0  rom_symdef.txt ABSOLUTE
    __aeabi_memset4                          0x00033b45   Thumb Code     0  rom_symdef.txt ABSOLUTE
    __aeabi_memset8                          0x00033b45   Thumb Code     0  rom_symdef.txt ABSOLUTE
    __aeabi_memclr                           0x00033b53   Thumb Code     0  rom_symdef.txt ABSOLUTE
    __aeabi_memclr4                          0x00033b53   Thumb Code     0  rom_symdef.txt ABSOLUTE
    __aeabi_memclr8                          0x00033b53   Thumb Code     0  rom_symdef.txt ABSOLUTE
    _memset$wrapper                          0x00033b57   Thumb Code     0  rom_symdef.txt ABSOLUTE
    strlen                                   0x00033b69   Thumb Code     0  rom_symdef.txt ABSOLUTE
    memcmp                                   0x00033b77   Thumb Code     0  rom_symdef.txt ABSOLUTE
    __aeabi_dmul                             0x00033b91   Thumb Code     0  rom_symdef.txt ABSOLUTE
    __aeabi_i2d                              0x00033c61   Thumb Code     0  rom_symdef.txt ABSOLUTE
    __aeabi_ui2d                             0x00033c89   Thumb Code     0  rom_symdef.txt ABSOLUTE
    __aeabi_cdcmpeq                          0x00033ca5   Thumb Code     0  rom_symdef.txt ABSOLUTE
    __aeabi_cdcmple                          0x00033ca5   Thumb Code     0  rom_symdef.txt ABSOLUTE
    __I$use$fp                               0x00033ccd   Thumb Code     0  rom_symdef.txt ABSOLUTE
    _double_round                            0x00033ccd   Thumb Code     0  rom_symdef.txt ABSOLUTE
    _double_epilogue                         0x00033ce7   Thumb Code     0  rom_symdef.txt ABSOLUTE
    __aeabi_llsl                             0x00033d8d   Thumb Code     0  rom_symdef.txt ABSOLUTE
    _ll_shift_l                              0x00033d8d   Thumb Code     0  rom_symdef.txt ABSOLUTE
    __aeabi_llsr                             0x00033dad   Thumb Code     0  rom_symdef.txt ABSOLUTE
    _ll_ushift_r                             0x00033dad   Thumb Code     0  rom_symdef.txt ABSOLUTE
    __ARM_clz                                0x00033dcf   Thumb Code     0  rom_symdef.txt ABSOLUTE
    __ARM_common_switch8                     0x00033dfd   Thumb Code     0  rom_symdef.txt ABSOLUTE
    uart_api                                 0x00033e18   Data           0  rom_symdef.txt ABSOLUTE
    co_sca2ppm                               0x00033e28   Data           0  rom_symdef.txt ABSOLUTE
    co_null_bdaddr                           0x00033e38   Data           0  rom_symdef.txt ABSOLUTE
    co_default_bdaddr                        0x00033e3e   Data           0  rom_symdef.txt ABSOLUTE
    dbg_default_handler                      0x00033f14   Data           0  rom_symdef.txt ABSOLUTE
    llc_state_handler                        0x000340dc   Data           0  rom_symdef.txt ABSOLUTE
    llc_default_handler                      0x0003418c   Data           0  rom_symdef.txt ABSOLUTE
    llm_local_cmds                           0x000341bc   Data           0  rom_symdef.txt ABSOLUTE
    llm_local_le_feats                       0x000341fc   Data           0  rom_symdef.txt ABSOLUTE
    llm_local_le_states                      0x00034204   Data           0  rom_symdef.txt ABSOLUTE
    llm_state_handler                        0x00034354   Data           0  rom_symdef.txt ABSOLUTE
    llm_default_handler                      0x00034384   Data           0  rom_symdef.txt ABSOLUTE
    LLM_AA_CT1                               0x0003438c   Data           0  rom_symdef.txt ABSOLUTE
    LLM_AA_CT2                               0x0003438f   Data           0  rom_symdef.txt ABSOLUTE
    gtl_default_state                        0x000343a4   Data           0  rom_symdef.txt ABSOLUTE
    gtl_default_handler                      0x000343bc   Data           0  rom_symdef.txt ABSOLUTE
    attc_default_state                       0x000343d8   Data           0  rom_symdef.txt ABSOLUTE
    attc_state_handler                       0x000343f8   Data           0  rom_symdef.txt ABSOLUTE
    attc_default_handler                     0x00034410   Data           0  rom_symdef.txt ABSOLUTE
    attm_default_state                       0x00034428   Data           0  rom_symdef.txt ABSOLUTE
    attm_state_handler                       0x00034480   Data           0  rom_symdef.txt ABSOLUTE
    attm_default_handler                     0x00034488   Data           0  rom_symdef.txt ABSOLUTE
    atts_default_state                       0x000344a0   Data           0  rom_symdef.txt ABSOLUTE
    atts_state_handler                       0x000344d0   Data           0  rom_symdef.txt ABSOLUTE
    atts_default_handler                     0x000344f8   Data           0  rom_symdef.txt ABSOLUTE
    gattc_default_state                      0x00034510   Data           0  rom_symdef.txt ABSOLUTE
    gattc_state_handler                      0x00034598   Data           0  rom_symdef.txt ABSOLUTE
    gattc_default_handler                    0x000345b0   Data           0  rom_symdef.txt ABSOLUTE
    gattm_default_state                      0x00034604   Data           0  rom_symdef.txt ABSOLUTE
    gattm_state_handler                      0x00034614   Data           0  rom_symdef.txt ABSOLUTE
    gattm_default_handler                    0x00034624   Data           0  rom_symdef.txt ABSOLUTE
    l2cc_default_state                       0x0003463c   Data           0  rom_symdef.txt ABSOLUTE
    l2cc_state_handler                       0x00034654   Data           0  rom_symdef.txt ABSOLUTE
    l2cc_default_handler                     0x0003466c   Data           0  rom_symdef.txt ABSOLUTE
    l2cm_default_state                       0x00034684   Data           0  rom_symdef.txt ABSOLUTE
    l2cm_state_handler                       0x0003468c   Data           0  rom_symdef.txt ABSOLUTE
    l2cm_default_handler                     0x00034694   Data           0  rom_symdef.txt ABSOLUTE
    smpc_default_state                       0x000346c8   Data           0  rom_symdef.txt ABSOLUTE
    smpc_state_handler                       0x00034760   Data           0  rom_symdef.txt ABSOLUTE
    smpc_default_handler                     0x00034780   Data           0  rom_symdef.txt ABSOLUTE
    smpm_default_state                       0x00034798   Data           0  rom_symdef.txt ABSOLUTE
    smpm_state_handler                       0x000347d0   Data           0  rom_symdef.txt ABSOLUTE
    smpm_default_handler                     0x000347e0   Data           0  rom_symdef.txt ABSOLUTE
    gapc_default_state                       0x000347f8   Data           0  rom_symdef.txt ABSOLUTE
    gapc_state_handler                       0x00034910   Data           0  rom_symdef.txt ABSOLUTE
    gapc_default_handler                     0x00034928   Data           0  rom_symdef.txt ABSOLUTE
    gapm_default_state                       0x000349ec   Data           0  rom_symdef.txt ABSOLUTE
    gapm_state_handler                       0x00034b94   Data           0  rom_symdef.txt ABSOLUTE
    gapm_default_handler                     0x00034bbc   Data           0  rom_symdef.txt ABSOLUTE
    smpc_construct_pdu                       0x00034ce8   Data           0  rom_symdef.txt ABSOLUTE
    smpc_recv_pdu                            0x00034d18   Data           0  rom_symdef.txt ABSOLUTE
    dummy                                    0x00080000   Data           0  rom_symdef.txt ABSOLUTE
    sleep_env                                0x00080254   Data           0  rom_symdef.txt ABSOLUTE
    iq_trim_bias_ctrl1_reg                   0x00080256   Data           0  rom_symdef.txt ABSOLUTE
    co_buf_env                               0x00080258   Data           0  rom_symdef.txt ABSOLUTE
    dbg_state                                0x00080348   Data           0  rom_symdef.txt ABSOLUTE
    iq_trim_rf_mixer_ctrl1_reg               0x0008034a   Data           0  rom_symdef.txt ABSOLUTE
    llc_env                                  0x0008034c   Data           0  rom_symdef.txt ABSOLUTE
    llc_state                                0x00080364   Data           0  rom_symdef.txt ABSOLUTE
    ret_winsize_var                          0x0008036a   Data           0  rom_symdef.txt ABSOLUTE
    lld_evt_env                              0x0008036c   Data           0  rom_symdef.txt ABSOLUTE
    lld_sleep_env                            0x0008038c   Data           0  rom_symdef.txt ABSOLUTE
    llm_le_env                               0x00080390   Data           0  rom_symdef.txt ABSOLUTE
    llm_le_env_lpus                          0x000803e4   Data           0  rom_symdef.txt ABSOLUTE
    llm_bt_env                               0x0008042a   Data           0  rom_symdef.txt ABSOLUTE
    llm_state                                0x00080432   Data           0  rom_symdef.txt ABSOLUTE
    uart_env                                 0x00080434   Data           0  rom_symdef.txt ABSOLUTE
    vcocal_ctrl_reg_val                      0x00080452   Data           0  rom_symdef.txt ABSOLUTE
    last_temp_count                          0x00080478   Data           0  rom_symdef.txt ABSOLUTE
    last_temp_time                           0x0008047c   Data           0  rom_symdef.txt ABSOLUTE
    gtl_env                                  0x00080480   Data           0  rom_symdef.txt ABSOLUTE
    gtl_state                                0x000804a4   Data           0  rom_symdef.txt ABSOLUTE
    attc_state                               0x000804a5   Data           0  rom_symdef.txt ABSOLUTE
    attm_env                                 0x000804ac   Data           0  rom_symdef.txt ABSOLUTE
    attm_state                               0x000804b4   Data           0  rom_symdef.txt ABSOLUTE
    atts_env                                 0x000804b8   Data           0  rom_symdef.txt ABSOLUTE
    atts_state                               0x000804d0   Data           0  rom_symdef.txt ABSOLUTE
    gattc_env                                0x000804d8   Data           0  rom_symdef.txt ABSOLUTE
    gattc_state                              0x000804f0   Data           0  rom_symdef.txt ABSOLUTE
    gattm_env                                0x000804f6   Data           0  rom_symdef.txt ABSOLUTE
    gattm_state                              0x000804fc   Data           0  rom_symdef.txt ABSOLUTE
    l2cc_env                                 0x00080500   Data           0  rom_symdef.txt ABSOLUTE
    l2cc_state                               0x00080518   Data           0  rom_symdef.txt ABSOLUTE
    l2cm_env                                 0x0008051e   Data           0  rom_symdef.txt ABSOLUTE
    l2cm_state                               0x00080524   Data           0  rom_symdef.txt ABSOLUTE
    smpc_env                                 0x00080528   Data           0  rom_symdef.txt ABSOLUTE
    smpc_state                               0x00080540   Data           0  rom_symdef.txt ABSOLUTE
    smpm_env                                 0x00080548   Data           0  rom_symdef.txt ABSOLUTE
    smpm_state                               0x00080550   Data           0  rom_symdef.txt ABSOLUTE
    gapc_env                                 0x00080554   Data           0  rom_symdef.txt ABSOLUTE
    gapc_state                               0x0008056c   Data           0  rom_symdef.txt ABSOLUTE
    gap_cfg_table                            0x00080574   Data           0  rom_symdef.txt ABSOLUTE
    gapm_env                                 0x00080578   Data           0  rom_symdef.txt ABSOLUTE
    gapm_state                               0x000805a4   Data           0  rom_symdef.txt ABSOLUTE
    ke_env                                   0x000805a8   Data           0  rom_symdef.txt ABSOLUTE
    ke_task_env                              0x00080604   Data           0  rom_symdef.txt ABSOLUTE
    nvds_data_ptr                            0x000806c0   Data           0  rom_symdef.txt ABSOLUTE
    func_check_mem_flag                      0x000806c4   Data           0  rom_symdef.txt ABSOLUTE
    ke_mem_heaps_used                        0x000806c5   Data           0  rom_symdef.txt ABSOLUTE
    rwip_env                                 0x000806c6   Data           0  rom_symdef.txt ABSOLUTE
    ble_reg_save                             0x000806cc   Data           0  rom_symdef.txt ABSOLUTE
    rwip_rf                                  0x0008071c   Data           0  rom_symdef.txt ABSOLUTE
    rwip_heap_db_ret                         0x00080768   Data        1036  jump_table.o(heap_db_area)
    rwip_heap_env_ret                        0x00080b74   Data         340  jump_table.o(heap_env_area)
    rwip_heap_msg_ret                        0x00080cc8   Data        1324  jump_table.o(heap_msg_area)
    descript                                 0x00082a20   Data        1502  arch_main.o(BLE_exchange_memory)
    __Vectors                                0x20000000   Data           4  boot_vectors.o(RESET)
    __Vectors_End                            0x200000a0   Data           0  boot_vectors.o(RESET)
    jump_table_base                          0x20000160   Data         352  jump_table.o(jump_table_mem_area)
    gap_timeout_table                        0x200002c0   Data         100  gapm.o(timeout_table_area)
    nvds_data_storage                        0x20000340   Data         164  nvds.o(nvds_data_storage_area)
    __main                                   0x20000441   Thumb Code     0  entry.o(.ARM.Collect$$$$00000000)
    _main_stk                                0x20000441   Thumb Code     0  entry2.o(.ARM.Collect$$$$00000001)
    _main_scatterload                        0x20000445   Thumb Code     0  entry5.o(.ARM.Collect$$$$00000004)
    __main_after_scatterload                 0x20000449   Thumb Code     0  entry5.o(.ARM.Collect$$$$00000004)
    _main_clock                              0x20000449   Thumb Code     0  entry7b.o(.ARM.Collect$$$$00000008)
    _main_cpp_init                           0x20000449   Thumb Code     0  entry8b.o(.ARM.Collect$$$$0000000A)
    _main_init                               0x20000449   Thumb Code     0  entry9a.o(.ARM.Collect$$$$0000000B)
    __rt_final_cpp                           0x20000451   Thumb Code     0  entry10a.o(.ARM.Collect$$$$0000000D)
    __rt_final_exit                          0x20000451   Thumb Code     0  entry11a.o(.ARM.Collect$$$$0000000F)
    SystemInit                               0x20000455   Thumb Code    70  system_armcm0.o(.text)
    Reset_Handler                            0x200004a9   Thumb Code     8  boot_vectors.o(.text)
    PendSV_Handler                           0x200004f9   Thumb Code     2  boot_vectors.o(.text)
    SysTick_Handler                          0x200004fb   Thumb Code     2  boot_vectors.o(.text)
    KEYBRD_Handler                           0x200004fd   Thumb Code     0  boot_vectors.o(.text)
    UART2_Handler                            0x200004fd   Thumb Code     0  boot_vectors.o(.text)
    HardFault_HandlerC                       0x20000515   Thumb Code    84  hardfault_handler.o(.text)
    patch_gtl_task                           0x200005b5   Thumb Code    40  arch_main.o(.text)
    SVC_Handler_c                            0x200005f3   Thumb Code    22  arch_main.o(.text)
    patch_func                               0x20000609   Thumb Code    98  arch_main.o(.text)
    lld_sleep_init_func                      0x2000066b   Thumb Code    26  arch_main.o(.text)
    main_func                                0x20000685   Thumb Code   890  arch_main.o(.text)
    dummyf                                   0x20000a11   Thumb Code     2  jump_table.o(.text)
    app_disable_sleep                        0x20000a15   Thumb Code    26  arch_sleep.o(.text)
    app_set_extended_sleep                   0x20000a2f   Thumb Code    26  arch_sleep.o(.text)
    app_set_deep_sleep                       0x20000a49   Thumb Code    28  arch_sleep.o(.text)
    app_restore_sleep_mode                   0x20000a65   Thumb Code    68  arch_sleep.o(.text)
    app_force_active_mode                    0x20000aa9   Thumb Code    30  arch_sleep.o(.text)
    app_ble_ext_wakeup_on                    0x20000ac7   Thumb Code     8  arch_sleep.o(.text)
    app_ble_ext_wakeup_off                   0x20000acf   Thumb Code     8  arch_sleep.o(.text)
    app_ble_ext_wakeup_get                   0x20000ad7   Thumb Code     6  arch_sleep.o(.text)
    app_ble_force_wakeup                     0x20000add   Thumb Code    46  arch_sleep.o(.text)
    app_last_rwble_evt_get                   0x20000b0b   Thumb Code     6  arch_sleep.o(.text)
    NMI_HandlerC                             0x20000b25   Thumb Code   124  nmi_handler.o(.text)
    GPIO_reservations                        0x20000bb1   Thumb Code   152  periph_setup.o(.text)
    set_pad_functions                        0x20000c49   Thumb Code    66  periph_setup.o(.text)
    periph_init                              0x20000c8b   Thumb Code    54  periph_setup.o(.text)
    select_lp_clk                            0x20000cc9   Thumb Code     8  arch_system.o(.text)
    init_pwr_and_clk_ble                     0x20000cd1   Thumb Code   196  arch_system.o(.text)
    set_pxact_gpio                           0x20000d95   Thumb Code    24  arch_system.o(.text)
    calibrate_rcx20                          0x20000dad   Thumb Code    28  arch_system.o(.text)
    read_rcx_freq                            0x20000dc9   Thumb Code   104  arch_system.o(.text)
    set_sleep_delay                          0x20000e31   Thumb Code    42  arch_system.o(.text)
    get_rc16m_count_func                     0x20000e5b   Thumb Code    28  arch_system.o(.text)
    conditionally_run_radio_cals             0x20000e77   Thumb Code    82  arch_system.o(.text)
    lld_sleep_us_2_lpcycles_rcx_func         0x20000ec9   Thumb Code    18  arch_system.o(.text)
    lld_sleep_lpcycles_2_us_rcx_func         0x20000edb   Thumb Code    14  arch_system.o(.text)
    lld_sleep_us_2_lpcycles_sel_func         0x20000ee9   Thumb Code    24  arch_system.o(.text)
    lld_sleep_lpcycles_2_us_sel_func         0x20000f01   Thumb Code    24  arch_system.o(.text)
    uart_flow_off_func                       0x20000f19   Thumb Code    58  arch_system.o(.text)
    calculate_arch_adv_time                  0x20000f53   Thumb Code    12  arch_system.o(.text)
    iq_trim_from_otp                         0x20000fa1   Thumb Code    54  rf_580.o(.text)
    rf_reg_rd                                0x20000fd7   Thumb Code     4  rf_580.o(.text)
    rf_reg_wr                                0x20000fdb   Thumb Code     2  rf_580.o(.text)
    rf_reset                                 0x20000fdd   Thumb Code     2  rf_580.o(.text)
    rf_force_agc_enable                      0x20000fdf   Thumb Code     2  rf_580.o(.text)
    rf_txpwr_dbm_get                         0x20000fe1   Thumb Code     4  rf_580.o(.text)
    rf_regs                                  0x20000ff5   Thumb Code   214  rf_580.o(.text)
    rf_init_func                             0x200010cf   Thumb Code   138  rf_580.o(.text)
    rf_reinit_func                           0x20001159   Thumb Code   128  rf_580.o(.text)
    GPIOn_Handler                            0x20001289   Thumb Code    40  gpio.o(.text)
    GPIO0_Handler                            0x200012b1   Thumb Code     4  gpio.o(.text)
    GPIO1_Handler                            0x200012b5   Thumb Code     4  gpio.o(.text)
    GPIO2_Handler                            0x200012b9   Thumb Code     4  gpio.o(.text)
    GPIO3_Handler                            0x200012bd   Thumb Code     4  gpio.o(.text)
    GPIO4_Handler                            0x200012c1   Thumb Code     4  gpio.o(.text)
    wkupct_quad_disable_IRQ                  0x200012cd   Thumb Code    26  wkupct_quadec.o(.text)
    WKUP_QUADEC_Handler                      0x200012e7   Thumb Code    52  wkupct_quadec.o(.text)
    wkupct_enable_irq                        0x2000131b   Thumb Code   136  wkupct_quadec.o(.text)
    wkupct_disable_irq                       0x200013a3   Thumb Code    26  wkupct_quadec.o(.text)
    spi_cs_low                               0x200013d1   Thumb Code    14  spi.o(.text)
    spi_cs_high                              0x200013df   Thumb Code    14  spi.o(.text)
    spi_init                                 0x200013ed   Thumb Code   138  spi.o(.text)
    spi_set_bitmode                          0x20001477   Thumb Code    34  spi.o(.text)
    spi_release                              0x20001499   Thumb Code    38  spi.o(.text)
    spi_disable                              0x200014bf   Thumb Code    12  spi.o(.text)
    spi_access                               0x200014cb   Thumb Code    46  spi.o(.text)
    spi_transaction                          0x200014f9   Thumb Code    24  spi.o(.text)
    timer0_init                              0x20001519   Thumb Code    62  pwm.o(.text)
    timer0_set                               0x20001557   Thumb Code    10  pwm.o(.text)
    timer0_enable_irq                        0x20001561   Thumb Code    10  pwm.o(.text)
    timer0_disable_irq                       0x2000156b   Thumb Code    12  pwm.o(.text)
    SWTIM_Handler                            0x20001577   Thumb Code    12  pwm.o(.text)
    timer2_init                              0x20001583   Thumb Code    32  pwm.o(.text)
    ke_task_init_func                        0x2000164b   Thumb Code    20  ke_task.obj(.text)
    my_llc_con_update_req_ind                0x20001671   Thumb Code   100  ch_map.obj(.text)
    my_llc_ch_map_req_ind                    0x200016d5   Thumb Code    84  ch_map.obj(.text)
    l2cc_pdu_recv_ind_handler                0x20001735   Thumb Code   232  atts_task.obj(.text)
    smpc_send_pairing_req_ind                0x20001821   Thumb Code   190  smpc.obj(.text)
    smpc_check_pairing_feat                  0x200018df   Thumb Code    38  smpc.obj(.text)
    smpc_pairing_cfm_handler                 0x2000190d   Thumb Code   518  smpc_task.obj(.text)
    patched_gapm_adv_op_sanity               0x20001b19   Thumb Code   208  gapm_util.obj(.text)
    custom_nvds_get_func                     0x20001c99   Thumb Code   548  nvds.o(.text)
    nvds_read_bdaddr_from_otp                0x20001ebd   Thumb Code    50  nvds.o(.text)
    rwip_sleep                               0x20001f0d   Thumb Code   328  rwip.o(.text)
    measure_errors_received                  0x2000207d   Thumb Code    96  rwble.o(.text)
    lld_sleep_compensate_func_patched        0x200020dd   Thumb Code    46  rwble.o(.text)
    BLE_WAKEUP_LP_Handler                    0x2000210b   Thumb Code   134  rwble.o(.text)
    BLE_CSCNT_Handler                        0x20002191   Thumb Code    12  rwble.o(.text)
    BLE_SLP_Handler                          0x2000219d   Thumb Code    78  rwble.o(.text)
    BLE_RX_Handler                           0x200021eb   Thumb Code    18  rwble.o(.text)
    BLE_EVENT_Handler                        0x200021fd   Thumb Code    64  rwble.o(.text)
    BLE_RF_DIAG_Handler                      0x2000223d   Thumb Code    90  rwble.o(.text)
    prf_server_error_ind_send                0x200022d5   Thumb Code    44  prf_utils.o(.text)
    prf_server_send_event                    0x20002301   Thumb Code    42  prf_utils.o(.text)
    prf_pack_date_time                       0x2000232b   Thumb Code    32  prf_utils.o(.text)
    prf_unpack_date_time                     0x2000234b   Thumb Code    34  prf_utils.o(.text)
    prf_init_func                            0x2000236d   Thumb Code     8  prf_utils.o(.text)
    prf_cleanup_func                         0x20002375   Thumb Code    32  prf_utils.o(.text)
    streamdatad_init                         0x20002399   Thumb Code    28  streamdatad.o(.text)
    streamdatad_streamonoff                  0x200023b5   Thumb Code   158  streamdatad.o(.text)
    streamdatad_send_data_packet             0x20002453   Thumb Code   108  streamdatad.o(.text)
    streamdatad_send_overflow_packets        0x200024bf   Thumb Code   108  streamdatad.o(.text)
    check_packet_buffer_enable               0x20002657   Thumb Code    46  streamdatad_task.o(.text)
    check_acc_buffer_enable                  0x20002685   Thumb Code    46  streamdatad_task.o(.text)
    streamdatad_send_data_packets_req_handler 0x200026b3   Thumb Code   188  streamdatad_task.o(.text)
    app_init                                 0x2000281d   Thumb Code    62  app.o(.text)
    app_db_init                              0x2000285b   Thumb Code     8  app.o(.text)
    app_disconnect                           0x20002863   Thumb Code    34  app.o(.text)
    app_connect_confirm                      0x20002885   Thumb Code    42  app.o(.text)
    app_adv_start                            0x200028af   Thumb Code    36  app.o(.text)
    app_adv_stop                             0x200028d3   Thumb Code    26  app.o(.text)
    app_param_update_start                   0x200028ed   Thumb Code     8  app.o(.text)
    app_timer_set                            0x200028f5   Thumb Code    24  app.o(.text)
    app_connect                              0x2000290d   Thumb Code    62  app.o(.text)
    app_sec_gen_tk                           0x20002961   Thumb Code    18  app_sec.o(.text)
    app_sec_gen_ltk                          0x20002973   Thumb Code    74  app_sec.o(.text)
    app_sec_init                             0x200029bd   Thumb Code    16  app_sec.o(.text)
    app_security_start                       0x200029cd   Thumb Code    46  app_sec.o(.text)
    gapc_bond_req_ind_handler                0x20002a11   Thumb Code    82  app_sec_task.o(.text)
    gapc_bond_ind_handler                    0x20002a63   Thumb Code    66  app_sec_task.o(.text)
    gapc_encrypt_req_ind_handler             0x20002aa5   Thumb Code   120  app_sec_task.o(.text)
    gapc_encrypt_ind_handler                 0x20002b1d   Thumb Code    10  app_sec_task.o(.text)
    gapm_device_ready_ind_handler            0x20002b35   Thumb Code    36  app_task.o(.text)
    gapm_cmp_evt_handler                     0x20002b59   Thumb Code   130  app_task.o(.text)
    gapc_connection_req_ind_handler          0x20002bdb   Thumb Code    32  app_task.o(.text)
    gapc_cmp_evt_handler                     0x20002bfb   Thumb Code    50  app_task.o(.text)
    gapc_disconnect_ind_handler              0x20002c2d   Thumb Code    12  app_task.o(.text)
    app_module_init_cmp_evt_handler          0x20002c39   Thumb Code    36  app_task.o(.text)
    gapm_adv_report_ind_handler              0x20002c5d   Thumb Code    12  app_task.o(.text)
    app_init_func                            0x20002c71   Thumb Code     2  app_throughput_peripheral_proj.o(.text)
    app_sec_init_func                        0x20002c73   Thumb Code     2  app_throughput_peripheral_proj.o(.text)
    app_connection_func                      0x20002c75   Thumb Code   100  app_throughput_peripheral_proj.o(.text)
    app_adv_func                             0x20002cd9   Thumb Code   212  app_throughput_peripheral_proj.o(.text)
    app_disconnect_func                      0x20002dad   Thumb Code    62  app_throughput_peripheral_proj.o(.text)
    app_db_init_func                         0x20002deb   Thumb Code    40  app_throughput_peripheral_proj.o(.text)
    app_param_update_func                    0x20002e13   Thumb Code     2  app_throughput_peripheral_proj.o(.text)
    app_configuration_func                   0x20002e15   Thumb Code    22  app_throughput_peripheral_proj.o(.text)
    app_set_dev_config_complete_func         0x20002e2b   Thumb Code    42  app_throughput_peripheral_proj.o(.text)
    app_update_params_rejected_func          0x20002e55   Thumb Code     2  app_throughput_peripheral_proj.o(.text)
    app_update_params_complete_func          0x20002e57   Thumb Code     2  app_throughput_peripheral_proj.o(.text)
    app_adv_undirect_complete                0x20002e59   Thumb Code     2  app_throughput_peripheral_proj.o(.text)
    app_adv_direct_complete                  0x20002e5b   Thumb Code     2  app_throughput_peripheral_proj.o(.text)
    app_db_init_complete_func                0x20002e5d   Thumb Code     8  app_throughput_peripheral_proj.o(.text)
    app_scanning_completed_func              0x20002e65   Thumb Code     2  app_throughput_peripheral_proj.o(.text)
    app_connect_func                         0x20002e67   Thumb Code     2  app_throughput_peripheral_proj.o(.text)
    app_adv_report_ind_func                  0x20002e69   Thumb Code     2  app_throughput_peripheral_proj.o(.text)
    app_connect_failed_func                  0x20002e6b   Thumb Code     2  app_throughput_peripheral_proj.o(.text)
    app_send_pairing_rsp_func                0x20002e6d   Thumb Code     2  app_throughput_peripheral_proj.o(.text)
    app_send_tk_exch_func                    0x20002e6f   Thumb Code     2  app_throughput_peripheral_proj.o(.text)
    app_send_irk_exch_func                   0x20002e71   Thumb Code     2  app_throughput_peripheral_proj.o(.text)
    app_send_csrk_exch_func                  0x20002e73   Thumb Code     2  app_throughput_peripheral_proj.o(.text)
    app_send_ltk_exch_func                   0x20002e75   Thumb Code     2  app_throughput_peripheral_proj.o(.text)
    app_paired_func                          0x20002e77   Thumb Code     2  app_throughput_peripheral_proj.o(.text)
    app_validate_encrypt_req_func            0x20002e79   Thumb Code     4  app_throughput_peripheral_proj.o(.text)
    app_sec_encrypt_ind_func                 0x20002e7d   Thumb Code     2  app_throughput_peripheral_proj.o(.text)
    app_sec_encrypt_complete_func            0x20002e7f   Thumb Code     2  app_throughput_peripheral_proj.o(.text)
    app_mitm_passcode_entry_func             0x20002e81   Thumb Code     2  app_throughput_peripheral_proj.o(.text)
    app_uart_test_req_handler                0x20002e83   Thumb Code    34  app_throughput_peripheral_proj.o(.text)
    app_ext_disconnect_cmd_handler           0x20002ea5   Thumb Code    38  app_throughput_peripheral_proj.o(.text)
    test_pkt_init                            0x20002ecb   Thumb Code    36  app_throughput_peripheral_proj.o(.text)
    app_ext_transmit_cmd_handler             0x20002eef   Thumb Code    32  app_throughput_peripheral_proj.o(.text)
    app_ext_stats_report_send                0x20002f0f   Thumb Code    56  app_throughput_peripheral_proj.o(.text)
    write_ecg_data_to_sram                   0x20002f47   Thumb Code   478  app_throughput_peripheral_proj.o(.text)
    read_ecg_data_from_sram                  0x20003125   Thumb Code   390  app_throughput_peripheral_proj.o(.text)
    app_ecg_trigger                          0x200032ab   Thumb Code   402  app_throughput_peripheral_proj.o(.text)
    app_ecg_enable                           0x2000343d   Thumb Code    64  app_throughput_peripheral_proj.o(.text)
    ecg_wakeup_cb                            0x2000347d   Thumb Code    26  app_throughput_peripheral_proj.o(.text)
    test_callback                            0x20003497   Thumb Code     8  app_throughput_peripheral_proj.o(.text)
    test_pkt_gen                             0x2000349f   Thumb Code    74  app_throughput_peripheral_proj.o(.text)
    acc_spi_read                             0x200034e9   Thumb Code   300  app_throughput_peripheral_proj.o(.text)
    acc_spi_write                            0x20003615   Thumb Code   284  app_throughput_peripheral_proj.o(.text)
    acc_fifo_read                            0x20003731   Thumb Code   300  app_throughput_peripheral_proj.o(.text)
    acc_initial                              0x2000385d   Thumb Code    20  app_throughput_peripheral_proj.o(.text)
    test_acc_callback                        0x20003871   Thumb Code     8  app_throughput_peripheral_proj.o(.text)
    acc_timeout_handler                      0x20003879   Thumb Code   222  app_throughput_peripheral_proj.o(.text)
    ble_acc_timer_callback                   0x20003957   Thumb Code    36  app_throughput_peripheral_proj.o(.text)
    app_acc_timer0_interrupt                 0x2000397b   Thumb Code    90  app_throughput_peripheral_proj.o(.text)
    app_stream_create_db                     0x200039f5   Thumb Code    24  app_streamdatad.o(.text)
    app_streamdatad_enable                   0x20003a0d   Thumb Code    30  app_streamdatad.o(.text)
    stream_create_db_cfm_handler             0x20003a35   Thumb Code    38  app_streamdatad_task.o(.text)
    stream_rcv_data_packet_ind_handler       0x20003a5b   Thumb Code    12  app_streamdatad_task.o(.text)
    stream_setup_int_tomax                   0x20003a69   Thumb Code    36  app_stream_queue.o(.text)
    init_metrics                             0x20003a8d   Thumb Code    20  app_stream_queue.o(.text)
    add_err_packet                           0x20003aa1   Thumb Code    10  app_stream_queue.o(.text)
    add_packets_rx                           0x20003aab   Thumb Code    16  app_stream_queue.o(.text)
    calc_update                              0x20003abb   Thumb Code    92  app_stream_queue.o(.text)
    stream_fifo_init                         0x20003b17   Thumb Code    24  app_stream_queue.o(.text)
    stream_fifo_add                          0x20003b2f   Thumb Code    68  app_stream_queue.o(.text)
    stream_fifo_check                        0x20003b73   Thumb Code    20  app_stream_queue.o(.text)
    send_pkt_to_l2cc                         0x20003b87   Thumb Code    82  app_stream_queue.o(.text)
    stream_queue_more_data_during_tx         0x20003c2f   Thumb Code    68  app_stream_queue.o(.text)
    stream_queue_more_data_end_of_event      0x20003c73   Thumb Code    72  app_stream_queue.o(.text)
    stream_queue_more_data                   0x20003cbb   Thumb Code    66  app_stream_queue.o(.text)
    __aeabi_fmul                             0x20003d1d   Thumb Code   122  fmul.o(.text)
    __aeabi_fdiv                             0x20003d97   Thumb Code   124  fdiv.o(.text)
    __ARM_scalbnf                            0x20003e13   Thumb Code    24  fscalb.o(.text)
    scalbnf                                  0x20003e13   Thumb Code     0  fscalb.o(.text)
    __aeabi_ui2f                             0x20003e2b   Thumb Code    14  ffltui.o(.text)
    __aeabi_f2uiz                            0x20003e39   Thumb Code    40  ffixui.o(.text)
    __aeabi_f2d                              0x20003e61   Thumb Code    40  f2d.o(.text)
    __aeabi_d2f                              0x20003e89   Thumb Code    56  d2f.o(.text)
    _float_round                             0x20003ec1   Thumb Code    16  fepilogue.o(.text)
    _float_epilogue                          0x20003ed1   Thumb Code   116  fepilogue.o(.text)
    __scatterload                            0x20003f45   Thumb Code    28  init.o(.text)
    __scatterload_rt2                        0x20003f45   Thumb Code     0  init.o(.text)
    Long Thumb to Thumb Veneer to ke_state_get 0x20003f69   Thumb Code    12  anon$$obj.o(Veneer$$Code)
    Long Thumb to Thumb Veneer to co_list_push_back 0x20003f75   Thumb Code    12  anon$$obj.o(Veneer$$Code)
    Long Thumb to Thumb Veneer to gtl_send_msg 0x20003f81   Thumb Code    12  anon$$obj.o(Veneer$$Code)
    Long Thumb to Thumb Veneer to ke_state_set 0x20003f8d   Thumb Code    12  anon$$obj.o(Veneer$$Code)
    Long Thumb to Thumb Veneer to set_system_clocks 0x20003f99   Thumb Code    12  anon$$obj.o(Veneer$$Code)
    Long Thumb to Thumb Veneer to srand      0x20003fa5   Thumb Code    12  anon$$obj.o(Veneer$$Code)
    Long Thumb to Thumb Veneer to nvds_init  0x20003fb1   Thumb Code    12  anon$$obj.o(Veneer$$Code)
    Long Thumb to Thumb Veneer to rwip_init  0x20003fbd   Thumb Code    12  anon$$obj.o(Veneer$$Code)
    Long Thumb to Thumb Veneer to enable_rf_diag_irq 0x20003fc9   Thumb Code    12  anon$$obj.o(Veneer$$Code)
    Long Thumb to Thumb Veneer to rwip_prevent_sleep_get 0x20003fd5   Thumb Code    12  anon$$obj.o(Veneer$$Code)
    Long Thumb to Thumb Veneer to ke_event_get 0x20003fe1   Thumb Code    12  anon$$obj.o(Veneer$$Code)
    Long Thumb to Thumb Veneer to rwip_schedule 0x20003fed   Thumb Code    12  anon$$obj.o(Veneer$$Code)
    Long Thumb to Thumb Veneer to lld_sleep_check 0x20003ff9   Thumb Code    12  anon$$obj.o(Veneer$$Code)
    Long Thumb to Thumb Veneer to func_check_mem 0x20004005   Thumb Code    12  anon$$obj.o(Veneer$$Code)
    Long Thumb to Thumb Veneer to test_rxdone 0x20004011   Thumb Code    12  anon$$obj.o(Veneer$$Code)
    Long Thumb to Thumb Veneer to ke_mem_is_empty 0x2000401d   Thumb Code    12  anon$$obj.o(Veneer$$Code)
    Long Thumb to Thumb Veneer to app_get_sleep_mode 0x20004029   Thumb Code    12  anon$$obj.o(Veneer$$Code)
    Long Thumb to Thumb Veneer to uart_init  0x20004035   Thumb Code    12  anon$$obj.o(Veneer$$Code)
    Long Thumb to Thumb Veneer to __aeabi_uidivmod 0x20004041   Thumb Code    12  anon$$obj.o(Veneer$$Code)
    Long Thumb to Thumb Veneer to __aeabi_dmul 0x2000404d   Thumb Code    12  anon$$obj.o(Veneer$$Code)
    Long Thumb to Thumb Veneer to rwip_wakeup_delay_set 0x20004059   Thumb Code    12  anon$$obj.o(Veneer$$Code)
    Long Thumb to Thumb Veneer to $Super$$get_rc16m_count_func 0x20004065   Thumb Code    12  anon$$obj.o(Veneer$$Code)
    Long Thumb to Thumb Veneer to get_rc16m_count 0x20004071   Thumb Code    12  anon$$obj.o(Veneer$$Code)
    Long Thumb to Thumb Veneer to pll_vcocal_LUT_InitUpdate 0x2000407d   Thumb Code    12  anon$$obj.o(Veneer$$Code)
    Long Thumb to Thumb Veneer to rf_calibration 0x20004089   Thumb Code    12  anon$$obj.o(Veneer$$Code)
    Long Thumb to Thumb Veneer to lld_sleep_us_2_lpcycles_func 0x20004095   Thumb Code    12  anon$$obj.o(Veneer$$Code)
    Long Thumb to Thumb Veneer to lld_sleep_lpcycles_2_us_func 0x200040a1   Thumb Code    12  anon$$obj.o(Veneer$$Code)
    Long Thumb to Thumb Veneer to uart_flow_on 0x200040ad   Thumb Code    12  anon$$obj.o(Veneer$$Code)
    Long Thumb to Thumb Veneer to __aeabi_memcpy 0x200040b9   Thumb Code    12  anon$$obj.o(Veneer$$Code)
    Long Thumb to Thumb Veneer to co_list_pop_front 0x200040c5   Thumb Code    12  anon$$obj.o(Veneer$$Code)
    Long Thumb to Thumb Veneer to ke_task_handler_get 0x200040d1   Thumb Code    12  anon$$obj.o(Veneer$$Code)
    Long Thumb to Thumb Veneer to ke_msg_free 0x200040dd   Thumb Code    12  anon$$obj.o(Veneer$$Code)
    Long Thumb to Thumb Veneer to ke_event_clear 0x200040e9   Thumb Code    12  anon$$obj.o(Veneer$$Code)
    Long Thumb to Thumb Veneer to __aeabi_memclr4 0x200040f5   Thumb Code    12  anon$$obj.o(Veneer$$Code)
    Long Thumb to Thumb Veneer to ke_event_callback_set 0x20004101   Thumb Code    12  anon$$obj.o(Veneer$$Code)
    Long Thumb to Thumb Veneer to lld_con_update_ind 0x2000410d   Thumb Code    12  anon$$obj.o(Veneer$$Code)
    Long Thumb to Thumb Veneer to llc_util_dicon_procedure 0x20004119   Thumb Code    12  anon$$obj.o(Veneer$$Code)
    Long Thumb to Thumb Veneer to lld_ch_map_ind 0x20004125   Thumb Code    12  anon$$obj.o(Veneer$$Code)
    Long Thumb to Thumb Veneer to __ARM_common_switch8 0x20004131   Thumb Code    12  anon$$obj.o(Veneer$$Code)
    Long Thumb to Thumb Veneer to ke_timer_clear 0x2000413d   Thumb Code    12  anon$$obj.o(Veneer$$Code)
    Long Thumb to Thumb Veneer to atts_send_cmd_cmp 0x20004149   Thumb Code    12  anon$$obj.o(Veneer$$Code)
    Long Thumb to Thumb Veneer to atts_mtu_exc_resp 0x20004155   Thumb Code    12  anon$$obj.o(Veneer$$Code)
    Long Thumb to Thumb Veneer to atts_find_info_resp 0x20004161   Thumb Code    12  anon$$obj.o(Veneer$$Code)
    Long Thumb to Thumb Veneer to atts_find_by_type_resp 0x2000416d   Thumb Code    12  anon$$obj.o(Veneer$$Code)
    Long Thumb to Thumb Veneer to atts_read_by_type_resp 0x20004179   Thumb Code    12  anon$$obj.o(Veneer$$Code)
    Long Thumb to Thumb Veneer to atts_read_by_grp_type_resp 0x20004185   Thumb Code    12  anon$$obj.o(Veneer$$Code)
    Long Thumb to Thumb Veneer to atts_read_resp 0x20004191   Thumb Code    12  anon$$obj.o(Veneer$$Code)
    Long Thumb to Thumb Veneer to atts_read_blob_resp 0x2000419d   Thumb Code    12  anon$$obj.o(Veneer$$Code)
    Long Thumb to Thumb Veneer to atts_read_mult_resp 0x200041a9   Thumb Code    12  anon$$obj.o(Veneer$$Code)
    Long Thumb to Thumb Veneer to atts_write_no_resp 0x200041b5   Thumb Code    12  anon$$obj.o(Veneer$$Code)
    Long Thumb to Thumb Veneer to atts_write_resp 0x200041c1   Thumb Code    12  anon$$obj.o(Veneer$$Code)
    Long Thumb to Thumb Veneer to atts_signed_write_resp 0x200041cd   Thumb Code    12  anon$$obj.o(Veneer$$Code)
    Long Thumb to Thumb Veneer to atts_prepare_write_resp 0x200041d9   Thumb Code    12  anon$$obj.o(Veneer$$Code)
    Long Thumb to Thumb Veneer to atts_execute_write_resp 0x200041e5   Thumb Code    12  anon$$obj.o(Veneer$$Code)
    Long Thumb to Thumb Veneer to ke_msg_alloc 0x200041f1   Thumb Code    12  anon$$obj.o(Veneer$$Code)
    Long Thumb to Thumb Veneer to gapc_get_enc_keysize 0x200041fd   Thumb Code    12  anon$$obj.o(Veneer$$Code)
    Long Thumb to Thumb Veneer to gapc_get_role 0x20004209   Thumb Code    12  anon$$obj.o(Veneer$$Code)
    Long Thumb to Thumb Veneer to ke_msg_send 0x20004215   Thumb Code    12  anon$$obj.o(Veneer$$Code)
    Long Thumb to Thumb Veneer to smpc_generate_rand 0x20004221   Thumb Code    12  anon$$obj.o(Veneer$$Code)
    Long Thumb to Thumb Veneer to smpc_tkdp_send_continue 0x2000422d   Thumb Code    12  anon$$obj.o(Veneer$$Code)
    Long Thumb to Thumb Veneer to smpc_pdu_send 0x20004239   Thumb Code    12  anon$$obj.o(Veneer$$Code)
    Long Thumb to Thumb Veneer to smpc_tkdp_rcp_start 0x20004245   Thumb Code    12  anon$$obj.o(Veneer$$Code)
    Long Thumb to Thumb Veneer to smpc_pairing_end 0x20004251   Thumb Code    12  anon$$obj.o(Veneer$$Code)
    Long Thumb to Thumb Veneer to smpc_check_max_key_size 0x2000425d   Thumb Code    12  anon$$obj.o(Veneer$$Code)
    Long Thumb to Thumb Veneer to smpc_check_key_distrib 0x20004269   Thumb Code    12  anon$$obj.o(Veneer$$Code)
    Long Thumb to Thumb Veneer to smpc_get_key_sec_prop 0x20004275   Thumb Code    12  anon$$obj.o(Veneer$$Code)
    Long Thumb to Thumb Veneer to smpc_is_sec_mode_reached 0x20004281   Thumb Code    12  anon$$obj.o(Veneer$$Code)
    Long Thumb to Thumb Veneer to gapm_get_privacy_flag 0x2000428d   Thumb Code    12  anon$$obj.o(Veneer$$Code)
    Long Thumb to Thumb Veneer to gapm_set_recon_addr 0x20004299   Thumb Code    12  anon$$obj.o(Veneer$$Code)
    Long Thumb to Thumb Veneer to memcmp     0x200042a5   Thumb Code    12  anon$$obj.o(Veneer$$Code)
    Long Thumb to Thumb Veneer to ke_sleep_check 0x200042b1   Thumb Code    12  anon$$obj.o(Veneer$$Code)
    Long Thumb to Thumb Veneer to ke_timer_sleep_check 0x200042bd   Thumb Code    12  anon$$obj.o(Veneer$$Code)
    Long Thumb to Thumb Veneer to gtl_enter_sleep 0x200042c9   Thumb Code    12  anon$$obj.o(Veneer$$Code)
    Long Thumb to Thumb Veneer to lld_sleep_enter 0x200042d5   Thumb Code    12  anon$$obj.o(Veneer$$Code)
    Long Thumb to Thumb Veneer to ble_regs_push 0x200042e1   Thumb Code    12  anon$$obj.o(Veneer$$Code)
    Long Thumb to Thumb Veneer to llm_get_min_rssi 0x200042ed   Thumb Code    12  anon$$obj.o(Veneer$$Code)
    Long Thumb to Thumb Veneer to $Super$$BLE_CSCNT_Handler 0x200042f9   Thumb Code    12  anon$$obj.o(Veneer$$Code)
    Long Thumb to Thumb Veneer to lld_evt_start_isr 0x20004305   Thumb Code    12  anon$$obj.o(Veneer$$Code)
    Long Thumb to Thumb Veneer to ble_regs_pop 0x20004311   Thumb Code    12  anon$$obj.o(Veneer$$Code)
    Long Thumb to Thumb Veneer to gtl_eif_init 0x2000431d   Thumb Code    12  anon$$obj.o(Veneer$$Code)
    Long Thumb to Thumb Veneer to rwip_wakeup 0x20004329   Thumb Code    12  anon$$obj.o(Veneer$$Code)
    Long Thumb to Thumb Veneer to rf_workaround_init 0x20004335   Thumb Code    12  anon$$obj.o(Veneer$$Code)
    Long Thumb to Thumb Veneer to rf_reinit  0x20004341   Thumb Code    12  anon$$obj.o(Veneer$$Code)
    Long Thumb to Thumb Veneer to lld_evt_rx_isr 0x2000434d   Thumb Code    12  anon$$obj.o(Veneer$$Code)
    Long Thumb to Thumb Veneer to lld_evt_end_isr 0x20004359   Thumb Code    12  anon$$obj.o(Veneer$$Code)
    Long Thumb to Thumb Veneer to set_rf_cal_cap 0x20004365   Thumb Code    12  anon$$obj.o(Veneer$$Code)
    Long Thumb to Thumb Veneer to set_gauss_modgain 0x20004371   Thumb Code    12  anon$$obj.o(Veneer$$Code)
    Long Thumb to Thumb Veneer to gapc_get_conhdl 0x2000437d   Thumb Code    12  anon$$obj.o(Veneer$$Code)
    Long Thumb to Thumb Veneer to gapc_send_disconect_ind 0x20004389   Thumb Code    12  anon$$obj.o(Veneer$$Code)
    Long Thumb to Thumb Veneer to __aeabi_memclr 0x20004395   Thumb Code    12  anon$$obj.o(Veneer$$Code)
    Long Thumb to Thumb Veneer to ke_task_create 0x200043a1   Thumb Code    12  anon$$obj.o(Veneer$$Code)
    Long Thumb to Thumb Veneer to attmdb_att_get_value 0x200043ad   Thumb Code    12  anon$$obj.o(Veneer$$Code)
    Long Thumb to Thumb Veneer to ke_msg_send_basic 0x200043b9   Thumb Code    12  anon$$obj.o(Veneer$$Code)
    Long Thumb to Thumb Veneer to attmdb_att_set_value 0x200043c5   Thumb Code    12  anon$$obj.o(Veneer$$Code)
    Long Thumb to Thumb Veneer to attm_svc_create_db 0x200043d1   Thumb Code    12  anon$$obj.o(Veneer$$Code)
    Long Thumb to Thumb Veneer to attmdb_svc_set_permission 0x200043dd   Thumb Code    12  anon$$obj.o(Veneer$$Code)
    Long Thumb to Thumb Veneer to gapc_get_conidx 0x200043e9   Thumb Code    12  anon$$obj.o(Veneer$$Code)
    Long Thumb to Thumb Veneer to attmdb_att_update_value 0x200043f5   Thumb Code    12  anon$$obj.o(Veneer$$Code)
    Long Thumb to Thumb Veneer to atts_write_rsp_send 0x20004401   Thumb Code    12  anon$$obj.o(Veneer$$Code)
    Long Thumb to Thumb Veneer to nvds_get   0x2000440d   Thumb Code    12  anon$$obj.o(Veneer$$Code)
    Long Thumb to Thumb Veneer to ke_timer_set 0x20004419   Thumb Code    12  anon$$obj.o(Veneer$$Code)
    Long Thumb to Thumb Veneer to rand       0x20004425   Thumb Code    12  anon$$obj.o(Veneer$$Code)
    Long Thumb to Thumb Veneer to __aeabi_idivmod 0x20004431   Thumb Code    12  anon$$obj.o(Veneer$$Code)
    Long Thumb to Thumb Veneer to __aeabi_memcpy4 0x2000443d   Thumb Code    12  anon$$obj.o(Veneer$$Code)
    Long Thumb to Thumb Veneer to __aeabi_memset 0x20004449   Thumb Code    12  anon$$obj.o(Veneer$$Code)
    Long Thumb to Thumb Veneer to __aeabi_llsl 0x20004455   Thumb Code    12  anon$$obj.o(Veneer$$Code)
    GPIO_ConfigurePin                        0x20004461   Thumb Code    78  gpio.o(i.GPIO_ConfigurePin)
    GPIO_ResetIRQ                            0x200044b5   Thumb Code   146  gpio.o(i.GPIO_ResetIRQ)
    GPIO_SetActive                           0x2000454d   Thumb Code    58  gpio.o(i.GPIO_SetActive)
    GPIO_SetInactive                         0x20004591   Thumb Code    58  gpio.o(i.GPIO_SetInactive)
    GPIO_SetPinFunction                      0x200045d5   Thumb Code    64  gpio.o(i.GPIO_SetPinFunction)
    GPIO_init                                0x2000461d   Thumb Code   140  gpio.o(i.GPIO_init)
    __scatterload_copy                       0x200046b1   Thumb Code    14  handlers.o(i.__scatterload_copy)
    __scatterload_null                       0x200046bf   Thumb Code     2  handlers.o(i.__scatterload_null)
    __scatterload_zeroinit                   0x200046c1   Thumb Code    14  handlers.o(i.__scatterload_zeroinit)
    add_packets_tx                           0x200046d1   Thumb Code    16  app_stream_queue.o(i.add_packets_tx)
    set_tmr_enable                           0x200046e5   Thumb Code    18  pwm.o(i.set_tmr_enable)
    timer0_register_callback                 0x200046fd   Thumb Code     6  pwm.o(i.timer0_register_callback)
    timer0_start                             0x20004709   Thumb Code    12  pwm.o(i.timer0_start)
    timer2_enable                            0x20004719   Thumb Code    18  pwm.o(i.timer2_enable)
    timer2_set_hw_pause                      0x20004731   Thumb Code    18  pwm.o(i.timer2_set_hw_pause)
    timer2_set_sw_pause                      0x20004749   Thumb Code    18  pwm.o(i.timer2_set_sw_pause)
    wkupct_register_callback                 0x20004761   Thumb Code     6  wkupct_quadec.o(i.wkupct_register_callback)
    my_gtl_default_state                     0x2000476c   Data          24  arch_main.o(.constdata)
    patch_table                              0x20004784   Data          32  arch_main.o(.constdata)
    LUT_CFG                                  0x200047a4   Data          22  arch_main.o(.constdata)
    streamdatad_disabled                     0x20004a48   Data           8  streamdatad_task.o(.constdata)
    streamdatad_idle                         0x20004a50   Data           8  streamdatad_task.o(.constdata)
    streamdatad_active                       0x20004a58   Data          24  streamdatad_task.o(.constdata)
    streamdatad_state_handler                0x20004a70   Data          24  streamdatad_task.o(.constdata)
    streamdatad_default_handler              0x20004a88   Data           8  streamdatad_task.o(.constdata)
    app_default_state                        0x20004aa0   Data         128  app_task.o(.constdata)
    app_default_handler                      0x20004b20   Data           8  app_task.o(.constdata)
    max_pkt_conint                           0x20004b28   Data          24  app_stream_queue.o(.constdata)
    Region$$Table$$Base                      0x20004b40   Number         0  anon$$obj.o(Region$$Table)
    Region$$Table$$Limit                     0x20004b70   Number         0  anon$$obj.o(Region$$Table)
    my_gtl_default_handler                   0x20004b70   Data           8  arch_main.o(.data)
    TASK_DESC_GTL                            0x20004b78   Data          16  arch_main.o(.data)
    str_count                                0x20004b8c   Data           4  app_stream_queue.o(.data)
    min_val                                  0x20004b90   Data           4  app_stream_queue.o(.data)
    stream_params                            0x20004b94   Data           4  app_stream_queue.o(.data)
    GPIO_status                              0x20008000   Data           8  gpio.o(.bss)
    GPIO                                     0x20008008   Data         160  gpio.o(.bss)
    GPIOHandlerFunction                      0x200080a8   Data          20  gpio.o(.bss)
    streamdatad_env                          0x200080bc   Data         220  streamdatad.o(.bss)
    flag_block                               0x20008198   Data           1  app_throughput_peripheral_proj.o(.bss)
    flag_start_read                          0x20008199   Data           1  app_throughput_peripheral_proj.o(.bss)
    acc_sample_cnt                           0x2000819a   Data           1  app_throughput_peripheral_proj.o(.bss)
    acc_started                              0x2000819b   Data           1  app_throughput_peripheral_proj.o(.bss)
    dbg                                      0x200081a0   Data           1  app_throughput_peripheral_proj.o(.bss)
    acc_fifo_sample_cnt                      0x200081a2   Data           2  app_throughput_peripheral_proj.o(.bss)
    band_id                                  0x200081a4   Data           4  app_throughput_peripheral_proj.o(.bss)
    address_read                             0x200081a8   Data           4  app_throughput_peripheral_proj.o(.bss)
    acc_data                                 0x200081b0   Data          20  app_throughput_peripheral_proj.o(.bss)
    test_pkt                                 0x200081c4   Data         640  app_throughput_peripheral_proj.o(.bss)
    sys_startup_flag                         0x20008444   Data           1  arch_main.o(retention_mem_area0)
    sleep_md                                 0x20008445   Data           1  arch_sleep.o(retention_mem_area0)
    sleep_pend                               0x20008446   Data           1  arch_sleep.o(retention_mem_area0)
    sleep_cnt                                0x20008447   Data           1  arch_sleep.o(retention_mem_area0)
    sleep_ext_force                          0x20008448   Data           1  arch_sleep.o(retention_mem_area0)
    cal_enable                               0x2000844c   Data           1  arch_system.o(retention_mem_area0)
    lp_clk_sel                               0x20008450   Data           4  arch_system.o(retention_mem_area0)
    rcx_freq                                 0x20008454   Data           4  arch_system.o(retention_mem_area0)
    rcx_period                               0x20008458   Data           4  arch_system.o(retention_mem_area0)
    rcx_slot_duration                        0x2000845c   Data           4  arch_system.o(retention_mem_area0)
    wkupct_quad_IRQ_status                   0x20008460   Data           1  wkupct_quadec.o(retention_mem_area0)
    WKUPCT_callback                          0x20008464   Data           4  wkupct_quadec.o(retention_mem_area0)
    dev_bdaddr                               0x20008468   Data           6  nvds.o(retention_mem_area0)
    rwble_last_event                         0x2000846e   Data           1  rwble.o(retention_mem_area0)
    app_env                                  0x20008470   Data          12  app.o(retention_mem_area0)
    app_sec_env                              0x2000847c   Data          36  app_sec.o(retention_mem_area0)
    app_state                                0x200084a0   Data           1  app_task.o(retention_mem_area0)
    test_state                               0x200084a2   Data           1  app_throughput_peripheral_proj.o(retention_mem_area0)
    ecg_data_idx                             0x200084a4   Data           2  app_throughput_peripheral_proj.o(retention_mem_area0)
    ecg_data                                 0x200084a6   Data        1000  app_throughput_peripheral_proj.o(retention_mem_area0)
    rwip_heap_non_ret                        0x20008bf4   Data        1036  jump_table.o(heap_mem_area_not_ret)
    SystemCoreClock                          0x20009000   Data           0  rom_symdef.txt ABSOLUTE
    error                                    0x20009004   Data           0  rom_symdef.txt ABSOLUTE
    spi_driver_cs_pad                        0x20009020   Data           2  spi.o(.bss)
    TIMER0_callback                          0x20009024   Data           4  pwm.o(.bss)
    cpt_event                                0x20009028   Data           1  rwble.o(.bss)
    transmitting_data                        0x2000902c   Data           4  rwble.o(.bss)
    nb_buf_av                                0x20009030   Data           1  streamdatad_task.o(.bss)
    streamdatad_state                        0x20009031   Data           1  streamdatad_task.o(.bss)
    fifo_read                                0x20009034   Data           1  app_stream_queue.o(.bss)
    fifo_write                               0x20009035   Data           1  app_stream_queue.o(.bss)
    asynch_flag                              0x20009036   Data           1  app_stream_queue.o(.bss)
    pkt_fifo                                 0x20009038   Data         400  app_stream_queue.o(.bss)
    global_metrics                           0x200091c8   Data          18  app_stream_queue.o(.bss)
    global_metrics_tosend                    0x200091da   Data          18  app_stream_queue.o(.bss)
    __initial_sp                             0x20009800   Data           0  boot_vectors.o(STACK)
    clk_per_reg                              0x50000004   Data           4  pwm.o(.ARM.__AT_0x50000004)
    timer0_ctrl_reg                          0x50003400   Data           4  pwm.o(.ARM.__AT_0x50003400)
    triple_pwm_ctrl_reg                      0x50003410   Data           4  pwm.o(.ARM.__AT_0x50003410)



==============================================================================

Memory Map of the image

  Image Entry point : 0x20000441

  Load Region LR_IROM1 (Base: 0x20000000, Size: 0x000000a0, Max: 0x00000160, ABSOLUTE)

    Execution Region ER_IROM1 (Base: 0x20000000, Size: 0x000000a0, Max: 0x00000160, ABSOLUTE)

    Base Addr    Size         Type   Attr      Idx    E Section Name        Object

    0x20000000   0x000000a0   Data   RO           52    RESET               boot_vectors.o



  Load Region LR_IROM2 (Base: 0x20000160, Size: 0x00000160, Max: 0x00000160, ABSOLUTE)

    Execution Region ER_IROM2 (Base: 0x20000160, Size: 0x00000160, Max: 0x00000160, ABSOLUTE)

    Base Addr    Size         Type   Attr      Idx    E Section Name        Object

    0x20000160   0x00000160   Data   RO          440    jump_table_mem_area  jump_table.o



  Load Region LR_IROM3 (Base: 0x200002c0, Size: 0x00000064, Max: 0x00000080, ABSOLUTE)

    Execution Region ER_IROM3 (Base: 0x200002c0, Size: 0x00000064, Max: 0x00000080, ABSOLUTE)

    Base Addr    Size         Type   Attr      Idx    E Section Name        Object

    0x200002c0   0x00000064   Data   RO          980    timeout_table_area  gapm.o



  Load Region LR_IROM4 (Base: 0x20000340, Size: 0x000000a4, Max: 0x00000100, ABSOLUTE)

    Execution Region ER_IROM4 (Base: 0x20000340, Size: 0x000000a4, Max: 0x00000100, ABSOLUTE)

    Base Addr    Size         Type   Attr      Idx    E Section Name        Object

    0x20000340   0x000000a4   Data   RO         1044    nvds_data_storage_area  nvds.o



  Load Region LR_IROM5 (Base: 0x20000440, Size: 0x00004758, Max: 0x000093c0, ABSOLUTE)

    Execution Region ER_IROM5 (Base: 0x20000440, Size: 0x00004758, Max: 0x00007ac0, ABSOLUTE)

    Base Addr    Size         Type   Attr      Idx    E Section Name        Object

    0x20000440   0x00000000   Code   RO         1901  * .ARM.Collect$$$$00000000  mc_p.l(entry.o)
    0x20000440   0x00000004   Code   RO         1916    .ARM.Collect$$$$00000001  mc_p.l(entry2.o)
    0x20000444   0x00000004   Code   RO         1919    .ARM.Collect$$$$00000004  mc_p.l(entry5.o)
    0x20000448   0x00000000   Code   RO         1921    .ARM.Collect$$$$00000008  mc_p.l(entry7b.o)
    0x20000448   0x00000000   Code   RO         1923    .ARM.Collect$$$$0000000A  mc_p.l(entry8b.o)
    0x20000448   0x00000008   Code   RO         1924    .ARM.Collect$$$$0000000B  mc_p.l(entry9a.o)
    0x20000450   0x00000000   Code   RO         1926    .ARM.Collect$$$$0000000D  mc_p.l(entry10a.o)
    0x20000450   0x00000000   Code   RO         1928    .ARM.Collect$$$$0000000F  mc_p.l(entry11a.o)
    0x20000450   0x00000004   Code   RO         1917    .ARM.Collect$$$$00002712  mc_p.l(entry2.o)
    0x20000454   0x00000054   Code   RO            2    .text               system_armcm0.o
    0x200004a8   0x0000006c   Code   RO           53    .text               boot_vectors.o
    0x20000514   0x0000005c   Code   RO           58    .text               hardfault_handler.o
    0x20000570   0x000004a0   Code   RO          114    .text               arch_main.o
    0x20000a10   0x00000002   Code   RO          435    .text               jump_table.o
    0x20000a12   0x00000002   PAD
    0x20000a14   0x00000110   Code   RO          562    .text               arch_sleep.o
    0x20000b24   0x0000008c   Code   RO          581    .text               nmi_handler.o
    0x20000bb0   0x00000118   Code   RO          600    .text               periph_setup.o
    0x20000cc8   0x000002d8   Code   RO          615    .text               arch_system.o
    0x20000fa0   0x000002e8   Code   RO          667    .text               rf_580.o
    0x20001288   0x00000044   Code   RO          692    .text               gpio.o
    0x200012cc   0x00000104   Code   RO          793    .text               wkupct_quadec.o
    0x200013d0   0x00000148   Code   RO          821    .text               spi.o
    0x20001518   0x000000a0   Code   RO          840    .text               pwm.o
    0x200015b8   0x000000b8   Code   RO          976    .text               ke_task.obj
    0x20001670   0x000000c4   Code   RO          978    .text               ch_map.obj
    0x20001734   0x000000ec   Code   RO         1033    .text               atts_task.obj
    0x20001820   0x000000ec   Code   RO         1037    .text               smpc.obj
    0x2000190c   0x0000020c   Code   RO         1039    .text               smpc_task.obj
    0x20001b18   0x00000180   Code   RO         1041    .text               gapm_util.obj
    0x20001c98   0x00000274   Code   RO         1043    .text               nvds.o
    0x20001f0c   0x00000170   Code   RO         1060    .text               rwip.o
    0x2000207c   0x00000258   Code   RO         1079    .text               rwble.o
    0x200022d4   0x000000c4   Code   RO         1401    .text               prf_utils.o
    0x20002398   0x000001a0   Code   RO         1618    .text               streamdatad.o
    0x20002538   0x000002e4   Code   RO         1652    .text               streamdatad_task.o
    0x2000281c   0x00000144   Code   RO         1699    .text               app.o
    0x20002960   0x000000b0   Code   RO         1742    .text               app_sec.o
    0x20002a10   0x00000124   Code   RO         1763    .text               app_sec_task.o
    0x20002b34   0x0000013c   Code   RO         1775    .text               app_task.o
    0x20002c70   0x00000d84   Code   RO         1798    .text               app_throughput_peripheral_proj.o
    0x200039f4   0x00000040   Code   RO         1829    .text               app_streamdatad.o
    0x20003a34   0x00000032   Code   RO         1844    .text               app_streamdatad_task.o
    0x20003a66   0x00000002   PAD
    0x20003a68   0x000002b4   Code   RO         1863    .text               app_stream_queue.o
    0x20003d1c   0x0000007a   Code   RO         1902    .text               mf_p.l(fmul.o)
    0x20003d96   0x0000007c   Code   RO         1904    .text               mf_p.l(fdiv.o)
    0x20003e12   0x00000018   Code   RO         1906    .text               mf_p.l(fscalb.o)
    0x20003e2a   0x0000000e   Code   RO         1908    .text               mf_p.l(ffltui.o)
    0x20003e38   0x00000028   Code   RO         1910    .text               mf_p.l(ffixui.o)
    0x20003e60   0x00000028   Code   RO         1912    .text               mf_p.l(f2d.o)
    0x20003e88   0x00000038   Code   RO         1914    .text               mf_p.l(d2f.o)
    0x20003ec0   0x00000084   Code   RO         1930    .text               mf_p.l(fepilogue.o)
    0x20003f44   0x00000024   Code   RO         1932    .text               mc_p.l(init.o)
    0x20003f68   0x0000000c   Ven    RO         1942    Veneer$$Code        anon$$obj.o
    0x20003f74   0x0000000c   Ven    RO         1943    Veneer$$Code        anon$$obj.o
    0x20003f80   0x0000000c   Ven    RO         1944    Veneer$$Code        anon$$obj.o
    0x20003f8c   0x0000000c   Ven    RO         1945    Veneer$$Code        anon$$obj.o
    0x20003f98   0x0000000c   Ven    RO         1946    Veneer$$Code        anon$$obj.o
    0x20003fa4   0x0000000c   Ven    RO         1947    Veneer$$Code        anon$$obj.o
    0x20003fb0   0x0000000c   Ven    RO         1948    Veneer$$Code        anon$$obj.o
    0x20003fbc   0x0000000c   Ven    RO         1949    Veneer$$Code        anon$$obj.o
    0x20003fc8   0x0000000c   Ven    RO         1950    Veneer$$Code        anon$$obj.o
    0x20003fd4   0x0000000c   Ven    RO         1951    Veneer$$Code        anon$$obj.o
    0x20003fe0   0x0000000c   Ven    RO         1952    Veneer$$Code        anon$$obj.o
    0x20003fec   0x0000000c   Ven    RO         1953    Veneer$$Code        anon$$obj.o
    0x20003ff8   0x0000000c   Ven    RO         1954    Veneer$$Code        anon$$obj.o
    0x20004004   0x0000000c   Ven    RO         1955    Veneer$$Code        anon$$obj.o
    0x20004010   0x0000000c   Ven    RO         1956    Veneer$$Code        anon$$obj.o
    0x2000401c   0x0000000c   Ven    RO         1957    Veneer$$Code        anon$$obj.o
    0x20004028   0x0000000c   Ven    RO         1958    Veneer$$Code        anon$$obj.o
    0x20004034   0x0000000c   Ven    RO         1959    Veneer$$Code        anon$$obj.o
    0x20004040   0x0000000c   Ven    RO         1960    Veneer$$Code        anon$$obj.o
    0x2000404c   0x0000000c   Ven    RO         1961    Veneer$$Code        anon$$obj.o
    0x20004058   0x0000000c   Ven    RO         1962    Veneer$$Code        anon$$obj.o
    0x20004064   0x0000000c   Ven    RO         1963    Veneer$$Code        anon$$obj.o
    0x20004070   0x0000000c   Ven    RO         1964    Veneer$$Code        anon$$obj.o
    0x2000407c   0x0000000c   Ven    RO         1965    Veneer$$Code        anon$$obj.o
    0x20004088   0x0000000c   Ven    RO         1966    Veneer$$Code        anon$$obj.o
    0x20004094   0x0000000c   Ven    RO         1967    Veneer$$Code        anon$$obj.o
    0x200040a0   0x0000000c   Ven    RO         1968    Veneer$$Code        anon$$obj.o
    0x200040ac   0x0000000c   Ven    RO         1969    Veneer$$Code        anon$$obj.o
    0x200040b8   0x0000000c   Ven    RO         1970    Veneer$$Code        anon$$obj.o
    0x200040c4   0x0000000c   Ven    RO         1971    Veneer$$Code        anon$$obj.o
    0x200040d0   0x0000000c   Ven    RO         1972    Veneer$$Code        anon$$obj.o
    0x200040dc   0x0000000c   Ven    RO         1973    Veneer$$Code        anon$$obj.o
    0x200040e8   0x0000000c   Ven    RO         1974    Veneer$$Code        anon$$obj.o
    0x200040f4   0x0000000c   Ven    RO         1975    Veneer$$Code        anon$$obj.o
    0x20004100   0x0000000c   Ven    RO         1976    Veneer$$Code        anon$$obj.o
    0x2000410c   0x0000000c   Ven    RO         1977    Veneer$$Code        anon$$obj.o
    0x20004118   0x0000000c   Ven    RO         1978    Veneer$$Code        anon$$obj.o
    0x20004124   0x0000000c   Ven    RO         1979    Veneer$$Code        anon$$obj.o
    0x20004130   0x0000000c   Ven    RO         1980    Veneer$$Code        anon$$obj.o
    0x2000413c   0x0000000c   Ven    RO         1981    Veneer$$Code        anon$$obj.o
    0x20004148   0x0000000c   Ven    RO         1982    Veneer$$Code        anon$$obj.o
    0x20004154   0x0000000c   Ven    RO         1983    Veneer$$Code        anon$$obj.o
    0x20004160   0x0000000c   Ven    RO         1984    Veneer$$Code        anon$$obj.o
    0x2000416c   0x0000000c   Ven    RO         1985    Veneer$$Code        anon$$obj.o
    0x20004178   0x0000000c   Ven    RO         1986    Veneer$$Code        anon$$obj.o
    0x20004184   0x0000000c   Ven    RO         1987    Veneer$$Code        anon$$obj.o
    0x20004190   0x0000000c   Ven    RO         1988    Veneer$$Code        anon$$obj.o
    0x2000419c   0x0000000c   Ven    RO         1989    Veneer$$Code        anon$$obj.o
    0x200041a8   0x0000000c   Ven    RO         1990    Veneer$$Code        anon$$obj.o
    0x200041b4   0x0000000c   Ven    RO         1991    Veneer$$Code        anon$$obj.o
    0x200041c0   0x0000000c   Ven    RO         1992    Veneer$$Code        anon$$obj.o
    0x200041cc   0x0000000c   Ven    RO         1993    Veneer$$Code        anon$$obj.o
    0x200041d8   0x0000000c   Ven    RO         1994    Veneer$$Code        anon$$obj.o
    0x200041e4   0x0000000c   Ven    RO         1995    Veneer$$Code        anon$$obj.o
    0x200041f0   0x0000000c   Ven    RO         1996    Veneer$$Code        anon$$obj.o
    0x200041fc   0x0000000c   Ven    RO         1997    Veneer$$Code        anon$$obj.o
    0x20004208   0x0000000c   Ven    RO         1998    Veneer$$Code        anon$$obj.o
    0x20004214   0x0000000c   Ven    RO         1999    Veneer$$Code        anon$$obj.o
    0x20004220   0x0000000c   Ven    RO         2000    Veneer$$Code        anon$$obj.o
    0x2000422c   0x0000000c   Ven    RO         2001    Veneer$$Code        anon$$obj.o
    0x20004238   0x0000000c   Ven    RO         2002    Veneer$$Code        anon$$obj.o
    0x20004244   0x0000000c   Ven    RO         2003    Veneer$$Code        anon$$obj.o
    0x20004250   0x0000000c   Ven    RO         2004    Veneer$$Code        anon$$obj.o
    0x2000425c   0x0000000c   Ven    RO         2005    Veneer$$Code        anon$$obj.o
    0x20004268   0x0000000c   Ven    RO         2006    Veneer$$Code        anon$$obj.o
    0x20004274   0x0000000c   Ven    RO         2007    Veneer$$Code        anon$$obj.o
    0x20004280   0x0000000c   Ven    RO         2008    Veneer$$Code        anon$$obj.o
    0x2000428c   0x0000000c   Ven    RO         2009    Veneer$$Code        anon$$obj.o
    0x20004298   0x0000000c   Ven    RO         2010    Veneer$$Code        anon$$obj.o
    0x200042a4   0x0000000c   Ven    RO         2011    Veneer$$Code        anon$$obj.o
    0x200042b0   0x0000000c   Ven    RO         2012    Veneer$$Code        anon$$obj.o
    0x200042bc   0x0000000c   Ven    RO         2013    Veneer$$Code        anon$$obj.o
    0x200042c8   0x0000000c   Ven    RO         2014    Veneer$$Code        anon$$obj.o
    0x200042d4   0x0000000c   Ven    RO         2015    Veneer$$Code        anon$$obj.o
    0x200042e0   0x0000000c   Ven    RO         2016    Veneer$$Code        anon$$obj.o
    0x200042ec   0x0000000c   Ven    RO         2017    Veneer$$Code        anon$$obj.o
    0x200042f8   0x0000000c   Ven    RO         2018    Veneer$$Code        anon$$obj.o
    0x20004304   0x0000000c   Ven    RO         2019    Veneer$$Code        anon$$obj.o
    0x20004310   0x0000000c   Ven    RO         2020    Veneer$$Code        anon$$obj.o
    0x2000431c   0x0000000c   Ven    RO         2021    Veneer$$Code        anon$$obj.o
    0x20004328   0x0000000c   Ven    RO         2022    Veneer$$Code        anon$$obj.o
    0x20004334   0x0000000c   Ven    RO         2023    Veneer$$Code        anon$$obj.o
    0x20004340   0x0000000c   Ven    RO         2024    Veneer$$Code        anon$$obj.o
    0x2000434c   0x0000000c   Ven    RO         2025    Veneer$$Code        anon$$obj.o
    0x20004358   0x0000000c   Ven    RO         2026    Veneer$$Code        anon$$obj.o
    0x20004364   0x0000000c   Ven    RO         2027    Veneer$$Code        anon$$obj.o
    0x20004370   0x0000000c   Ven    RO         2028    Veneer$$Code        anon$$obj.o
    0x2000437c   0x0000000c   Ven    RO         2029    Veneer$$Code        anon$$obj.o
    0x20004388   0x0000000c   Ven    RO         2030    Veneer$$Code        anon$$obj.o
    0x20004394   0x0000000c   Ven    RO         2031    Veneer$$Code        anon$$obj.o
    0x200043a0   0x0000000c   Ven    RO         2032    Veneer$$Code        anon$$obj.o
    0x200043ac   0x0000000c   Ven    RO         2033    Veneer$$Code        anon$$obj.o
    0x200043b8   0x0000000c   Ven    RO         2034    Veneer$$Code        anon$$obj.o
    0x200043c4   0x0000000c   Ven    RO         2035    Veneer$$Code        anon$$obj.o
    0x200043d0   0x0000000c   Ven    RO         2036    Veneer$$Code        anon$$obj.o
    0x200043dc   0x0000000c   Ven    RO         2037    Veneer$$Code        anon$$obj.o
    0x200043e8   0x0000000c   Ven    RO         2038    Veneer$$Code        anon$$obj.o
    0x200043f4   0x0000000c   Ven    RO         2039    Veneer$$Code        anon$$obj.o
    0x20004400   0x0000000c   Ven    RO         2040    Veneer$$Code        anon$$obj.o
    0x2000440c   0x0000000c   Ven    RO         2041    Veneer$$Code        anon$$obj.o
    0x20004418   0x0000000c   Ven    RO         2042    Veneer$$Code        anon$$obj.o
    0x20004424   0x0000000c   Ven    RO         2043    Veneer$$Code        anon$$obj.o
    0x20004430   0x0000000c   Ven    RO         2044    Veneer$$Code        anon$$obj.o
    0x2000443c   0x0000000c   Ven    RO         2045    Veneer$$Code        anon$$obj.o
    0x20004448   0x0000000c   Ven    RO         2046    Veneer$$Code        anon$$obj.o
    0x20004454   0x0000000c   Ven    RO         2047    Veneer$$Code        anon$$obj.o
    0x20004460   0x00000054   Code   RO          729    i.GPIO_ConfigurePin  gpio.o
    0x200044b4   0x00000098   Code   RO          747    i.GPIO_ResetIRQ     gpio.o
    0x2000454c   0x00000044   Code   RO          723    i.GPIO_SetActive    gpio.o
    0x20004590   0x00000044   Code   RO          717    i.GPIO_SetInactive  gpio.o
    0x200045d4   0x00000048   Code   RO          711    i.GPIO_SetPinFunction  gpio.o
    0x2000461c   0x00000094   Code   RO          705    i.GPIO_init         gpio.o
    0x200046b0   0x0000000e   Code   RO         1936    i.__scatterload_copy  mc_p.l(handlers.o)
    0x200046be   0x00000002   Code   RO         1937    i.__scatterload_null  mc_p.l(handlers.o)
    0x200046c0   0x0000000e   Code   RO         1938    i.__scatterload_zeroinit  mc_p.l(handlers.o)
    0x200046ce   0x00000002   PAD
    0x200046d0   0x00000014   Code   RO         1883    i.add_packets_tx    app_stream_queue.o
    0x200046e4   0x00000018   Code   RO          855    i.set_tmr_enable    pwm.o
    0x200046fc   0x0000000c   Code   RO          902    i.timer0_register_callback  pwm.o
    0x20004708   0x00000010   Code   RO          867    i.timer0_start      pwm.o
    0x20004718   0x00000018   Code   RO          908    i.timer2_enable     pwm.o
    0x20004730   0x00000018   Code   RO          913    i.timer2_set_hw_pause  pwm.o
    0x20004748   0x00000018   Code   RO          918    i.timer2_set_sw_pause  pwm.o
    0x20004760   0x0000000c   Code   RO          805    i.wkupct_register_callback  wkupct_quadec.o
    0x2000476c   0x00000018   Data   RO          115    .constdata          arch_main.o
    0x20004784   0x00000020   Data   RO          116    .constdata          arch_main.o
    0x200047a4   0x00000016   Data   RO          117    .constdata          arch_main.o
    0x200047ba   0x00000008   Data   RO          694    .constdata          gpio.o
    0x200047c2   0x00000002   PAD
    0x200047c4   0x00000010   Data   RO         1620    .constdata          streamdatad.o
    0x200047d4   0x00000002   Data   RO         1655    .constdata          streamdatad_task.o
    0x200047d6   0x00000005   Data   RO         1656    .constdata          streamdatad_task.o
    0x200047db   0x00000005   Data   RO         1657    .constdata          streamdatad_task.o
    0x200047e0   0x00000005   Data   RO         1658    .constdata          streamdatad_task.o
    0x200047e5   0x00000005   Data   RO         1659    .constdata          streamdatad_task.o
    0x200047ea   0x00000005   Data   RO         1660    .constdata          streamdatad_task.o
    0x200047ef   0x00000005   Data   RO         1661    .constdata          streamdatad_task.o
    0x200047f4   0x00000005   Data   RO         1662    .constdata          streamdatad_task.o
    0x200047f9   0x00000005   Data   RO         1663    .constdata          streamdatad_task.o
    0x200047fe   0x00000005   Data   RO         1664    .constdata          streamdatad_task.o
    0x20004803   0x00000005   Data   RO         1665    .constdata          streamdatad_task.o
    0x20004808   0x00000005   Data   RO         1666    .constdata          streamdatad_task.o
    0x2000480d   0x00000019   Data   RO         1667    .constdata          streamdatad_task.o
    0x20004826   0x00000005   Data   RO         1668    .constdata          streamdatad_task.o
    0x2000482b   0x00000001   PAD
    0x2000482c   0x0000021c   Data   RO         1669    .constdata          streamdatad_task.o
    0x20004a48   0x00000008   Data   RO         1670    .constdata          streamdatad_task.o
    0x20004a50   0x00000008   Data   RO         1671    .constdata          streamdatad_task.o
    0x20004a58   0x00000018   Data   RO         1672    .constdata          streamdatad_task.o
    0x20004a70   0x00000018   Data   RO         1673    .constdata          streamdatad_task.o
    0x20004a88   0x00000008   Data   RO         1674    .constdata          streamdatad_task.o
    0x20004a90   0x00000010   Data   RO         1700    .constdata          app.o
    0x20004aa0   0x00000080   Data   RO         1776    .constdata          app_task.o
    0x20004b20   0x00000008   Data   RO         1777    .constdata          app_task.o
    0x20004b28   0x00000018   Data   RO         1865    .constdata          app_stream_queue.o
    0x20004b40   0x00000030   Data   RO         1934    Region$$Table       anon$$obj.o
    0x20004b70   0x00000008   Data   RW          118    .data               arch_main.o
    0x20004b78   0x00000010   Data   RW          119    .data               arch_main.o
    0x20004b88   0x00000004   Data   RW         1809    .data               app_throughput_peripheral_proj.o
    0x20004b8c   0x0000000c   Data   RW         1867    .data               app_stream_queue.o


    Execution Region RW_IRAM50 (Base: 0x20008000, Size: 0x00000890, Max: 0x00000bf4, ABSOLUTE)

    Base Addr    Size         Type   Attr      Idx    E Section Name        Object

    0x20008000   0x000000bc   Zero   RW          693    .bss                gpio.o
    0x200080bc   0x000000dc   Zero   RW         1619    .bss                streamdatad.o
    0x20008198   0x000002ac   Zero   RW         1800    .bss                app_throughput_peripheral_proj.o
    0x20008444   0x00000001   Zero   RW          121    retention_mem_area0  arch_main.o
    0x20008445   0x00000004   Zero   RW          563    retention_mem_area0  arch_sleep.o
    0x20008449   0x00000003   PAD
    0x2000844c   0x00000014   Zero   RW          616    retention_mem_area0  arch_system.o
    0x20008460   0x00000008   Zero   RW          794    retention_mem_area0  wkupct_quadec.o
    0x20008468   0x00000006   Zero   RW         1045    retention_mem_area0  nvds.o
    0x2000846e   0x00000001   Zero   RW         1081    retention_mem_area0  rwble.o
    0x2000846f   0x00000001   PAD
    0x20008470   0x0000000c   Zero   RW         1701    retention_mem_area0  app.o
    0x2000847c   0x00000024   Zero   RW         1743    retention_mem_area0  app_sec.o
    0x200084a0   0x00000001   Zero   RW         1778    retention_mem_area0  app_task.o
    0x200084a1   0x00000001   PAD
    0x200084a2   0x000003ec   Zero   RW         1810    retention_mem_area0  app_throughput_peripheral_proj.o


    Execution Region RW_IRAM51 (Base: 0x20008bf4, Size: 0x0000040c, Max: 0x0000040c, ABSOLUTE, UNINIT)

    Base Addr    Size         Type   Attr      Idx    E Section Name        Object

    0x20008bf4   0x0000040c   Zero   RW          438    heap_mem_area_not_ret  jump_table.o


    Execution Region RW_IRAM52 (Base: 0x20009000, Size: 0x00000020, Max: 0x00000020, ABSOLUTE, UNINIT)

    Base Addr    Size         Type   Attr      Idx    E Section Name        Object

    0x20009000   0x00000020   Zero   RW            1    RW_IRAM52.bss       anon$$obj.o


    Execution Region RW_IRAM53 (Base: 0x20009020, Size: 0x000001cc, Max: 0x000001e0, ABSOLUTE)

    Base Addr    Size         Type   Attr      Idx    E Section Name        Object

    0x20009020   0x00000002   Zero   RW          822    .bss                spi.o
    0x20009022   0x00000002   PAD
    0x20009024   0x00000004   Zero   RW          844    .bss                pwm.o
    0x20009028   0x00000008   Zero   RW         1080    .bss                rwble.o
    0x20009030   0x00000001   Zero   RW         1653    .bss                streamdatad_task.o
    0x20009031   0x00000001   Zero   RW         1654    .bss                streamdatad_task.o
    0x20009032   0x00000002   PAD
    0x20009034   0x000001b8   Zero   RW         1864    .bss                app_stream_queue.o


    Execution Region RW_IRAM54 (Base: 0x20009200, Size: 0x00000600, Max: 0x00000600, ABSOLUTE, UNINIT)

    Base Addr    Size         Type   Attr      Idx    E Section Name        Object

    0x20009200   0x00000600   Zero   RW           50    STACK               boot_vectors.o



  Load Region LR_RETENTION_RAM2 (Base: 0x00080768, Size: 0x00000000, Max: 0x00002898, ABSOLUTE)

    Execution Region ZI_RET20 (Base: 0x00080768, Size: 0x00000a8c, Max: 0x000022b8, ABSOLUTE, UNINIT)

    Base Addr    Size         Type   Attr      Idx    E Section Name        Object

    0x00080768   0x0000040c   Zero   RW          436    heap_db_area        jump_table.o
    0x00080b74   0x00000154   Zero   RW          437    heap_env_area       jump_table.o
    0x00080cc8   0x0000052c   Zero   RW          439    heap_msg_area       jump_table.o


    Execution Region ZI_RET21 (Base: 0x00082a20, Size: 0x000005e0, Max: 0x000005e0, ABSOLUTE)

    Base Addr    Size         Type   Attr      Idx    E Section Name        Object

    0x00082a20   0x000005de   Zero   RW          120    BLE_exchange_memory  arch_main.o



  Load Region LR$$.ARM.__AT_0x50000004 (Base: 0x50000004, Size: 0x00000000, Max: 0x00000004, ABSOLUTE)

    Execution Region ER$$.ARM.__AT_0x50000004 (Base: 0x50000004, Size: 0x00000004, Max: 0x00000004, ABSOLUTE, UNINIT)

    Base Addr    Size         Type   Attr      Idx    E Section Name        Object

    0x50000004   0x00000004   Zero   RW          841    .ARM.__AT_0x50000004  pwm.o



  Load Region LR$$.ARM.__AT_0x50003400 (Base: 0x50003400, Size: 0x00000000, Max: 0x00000004, ABSOLUTE)

    Execution Region ER$$.ARM.__AT_0x50003400 (Base: 0x50003400, Size: 0x00000004, Max: 0x00000004, ABSOLUTE, UNINIT)

    Base Addr    Size         Type   Attr      Idx    E Section Name        Object

    0x50003400   0x00000004   Zero   RW          842    .ARM.__AT_0x50003400  pwm.o



  Load Region LR$$.ARM.__AT_0x50003410 (Base: 0x50003410, Size: 0x00000000, Max: 0x00000004, ABSOLUTE)

    Execution Region ER$$.ARM.__AT_0x50003410 (Base: 0x50003410, Size: 0x00000004, Max: 0x00000004, ABSOLUTE, UNINIT)

    Base Addr    Size         Type   Attr      Idx    E Section Name        Object

    0x50003410   0x00000004   Zero   RW          843    .ARM.__AT_0x50003410  pwm.o


==============================================================================

Image component sizes


      Code (inc. data)   RO Data    RW Data    ZI Data      Debug   Object Name

       324         22         16          0         12      11632   app.o
       176         22          0          0         36       3159   app_sec.o
       292         28          0          0          0       2176   app_sec_task.o
       712         36         24         12        440       8259   app_stream_queue.o
        64         10          0          0          0       1370   app_streamdatad.o
        50          0          0          0          0       3364   app_streamdatad_task.o
       316          8        136          0          1       5316   app_task.o
      3460        124          0          4       1688      14872   app_throughput_peripheral_proj.o
      1184        160         78         24       1503     153795   arch_main.o
       272         20          0          0          4       4520   arch_sleep.o
       728         66          0          0         20      82502   arch_system.o
       236         18          0          0          0         72   atts_task.obj
       108         22        160          0       1536        784   boot_vectors.o
       196         12          0          0          0        108   ch_map.obj
         0          0        100          0          0       7741   gapm.o
       384         38          0          0          0        112   gapm_util.obj
       660         56          8          0        188      13715   gpio.o
        92          8          0          0          0      93818   hardfault_handler.o
         2          0        352          0       3736      10909   jump_table.o
       184         18          0          0          0         96   ke_task.obj
       140         16          0          0          0       9125   nmi_handler.o
       628         30        164          0          6       2535   nvds.o
       280          8          0          0          0       1042   periph_setup.o
       196          4          0          0          0       7625   prf_utils.o
       284         56          0          0         16      14288   pwm.o
       744        176          0          0          0      64868   rf_580.o
       600         62          0          0          9      94812   rwble.o
       368         40          0          0          0      63178   rwip.o
       236          8          0          0          0        136   smpc.obj
       524          6          0          0          0         84   smpc_task.obj
       328          8          0          0          2       3767   spi.o
       416         14         16          0        220       8386   streamdatad.o
       740         64        699          0          2       7607   streamdatad_task.o
        84         14          0          0          0     100289   system_armcm0.o
       272         26          0          0          8      10049   wkupct_quadec.o

    ----------------------------------------------------------------------
     16556       1624       1804         40       9472     806111   Object Totals
      1272        424         48          0         32          0   (incl. Generated)
         4          0          3          0         13          0   (incl. Padding)

    ----------------------------------------------------------------------

      Code (inc. data)   RO Data    RW Data    ZI Data      Debug   Library Member Name

         0          0          0          0          0          0   entry.o
         0          0          0          0          0          0   entry10a.o
         0          0          0          0          0          0   entry11a.o
         8          4          0          0          0          0   entry2.o
         4          0          0          0          0          0   entry5.o
         0          0          0          0          0          0   entry7b.o
         0          0          0          0          0          0   entry8b.o
         8          4          0          0          0          0   entry9a.o
        30          0          0          0          0          0   handlers.o
        36          8          0          0          0         68   init.o
        56          0          0          0          0         68   d2f.o
        40          0          0          0          0         60   f2d.o
       124          0          0          0          0         72   fdiv.o
       132          0          0          0          0        144   fepilogue.o
        40          0          0          0          0         60   ffixui.o
        14          0          0          0          0         68   ffltui.o
       122          0          0          0          0         72   fmul.o
        24          0          0          0          0         60   fscalb.o

    ----------------------------------------------------------------------
       640         16          0          0          0        672   Library Totals
         2          0          0          0          0          0   (incl. Padding)

    ----------------------------------------------------------------------

      Code (inc. data)   RO Data    RW Data    ZI Data      Debug   Library Name

        86         16          0          0          0         68   mc_p.l
       552          0          0          0          0        604   mf_p.l

    ----------------------------------------------------------------------
       640         16          0          0          0        672   Library Totals

    ----------------------------------------------------------------------

==============================================================================


      Code (inc. data)   RO Data    RW Data    ZI Data      Debug   

     17196       1640       1804         40       9472     803299   Grand Totals
     17196       1640       1804         40       9472     803299   ELF Image Totals
     17196       1640       1804         40          0          0   ROM Totals

==============================================================================

    Total RO  Size (Code + RO Data)                19000 (  18.55kB)
    Total RW  Size (RW Data + ZI Data)              9512 (   9.29kB)
    Total ROM Size (Code + RO Data + RW Data)      19040 (  18.59kB)

==============================================================================

